[TCP] Listening on 0.0.0.0:5200 allowed_dst=[0, 1, 255]
[TCP] Conn from ('192.168.0.10', 4106)
[TCP] RX serial=D5 src=FE dst=FF dev=00 port=00 rcv=0000 code=01 reg=0x01000000 len=1
[TCP] TX ack=00 bytes=20
[TCP] RX serial=CD src=FE dst=00 dev=00 port=00 rcv=0000 code=00 reg=0x00000002 len=2
[TCP] TX ack=00 bytes=22
[TCP] RX serial=55 src=FE dst=00 dev=00 port=00 rcv=0000 code=00 reg=0x00000016 len=8
[TCP] TX ack=00 bytes=28
[TCP] RX serial=F5 src=FE dst=00 dev=00 port=00 rcv=0000 code=00 reg=0x14000000 len=88
[TCP] TX ack=00 bytes=108
[TCP] RX serial=5E src=FE dst=00 dev=00 port=00 rcv=0000 code=00 reg=0x00000006 len=1
[TCP] TX ack=00 bytes=21
[TCP] RX serial=7D src=FE dst=01 dev=00 port=00 rcv=0000 code=00 reg=0x00000002 len=2
[TCP] TX ack=01 bytes=20
[TCP] RX serial=01 src=FE dst=00 dev=00 port=00 rcv=0000 code=00 reg=0x05000000 len=4
[EMU] RCFG READ reg=0x05000000 dev=00 port=00 rcv=0000 dst=00 data=00000000
[TCP] TX ack=00 bytes=24
[TCP] RX serial=02 src=FE dst=00 dev=00 port=00 rcv=0000 code=00 reg=0x00000000 len=2
[TCP] TX ack=00 bytes=22
[TCP] RX serial=03 src=FE dst=00 dev=00 port=00 rcv=0000 code=00 reg=0x05066000 len=256
[EMU] RCFG READ reg=0x05066000 dev=00 port=00 rcv=0000 dst=00 data=000000000000000000000000000000000000000000000000000000000000000000000000000000000000000000000000...
[TCP] TX ack=00 bytes=276
[TCP] RX serial=04 src=FE dst=00 dev=00 port=00 rcv=0000 code=00 reg=0x02100000 len=15
[EMU] RCFG READ reg=0x02100000 dev=00 port=00 rcv=0000 dst=00 data=000000000000000000000000000000
[TCP] TX ack=00 bytes=35
[TCP] RX serial=05 src=FE dst=00 dev=00 port=00 rcv=0000 code=00 reg=0x00000002 len=2
[TCP] TX ack=00 bytes=22
[TCP] RX serial=06 src=FE dst=00 dev=00 port=00 rcv=0000 code=00 reg=0x0200000B len=1
[EMU] VALIDATION READ reg=0x0200000B dev=00 port=00 rcv=0000 dst=00 data=00
[TCP] TX ack=00 bytes=21
[TCP] RX serial=07 src=FE dst=00 dev=00 port=00 rcv=0000 code=00 reg=0x05065000 len=10
[EMU] RCFG READ reg=0x05065000 dev=00 port=00 rcv=0000 dst=00 data=00000000000000000000
[TCP] TX ack=00 bytes=30
[TCP] RX serial=08 src=FE dst=00 dev=00 port=00 rcv=0000 code=00 reg=0x02000023 len=1
[EMU] VALIDATION READ reg=0x02000023 dev=00 port=00 rcv=0000 dst=00 data=00
[TCP] TX ack=00 bytes=21
[TCP] RX serial=09 src=FE dst=00 dev=00 port=00 rcv=0000 code=00 reg=0x03100109 len=1
[EMU] VALIDATION READ reg=0x03100109 dev=00 port=00 rcv=0000 dst=00 data=01
[TCP] TX ack=00 bytes=21
[TCP] RX serial=0A src=FE dst=00 dev=00 port=00 rcv=0000 code=00 reg=0x02000022 len=1
[EMU] VALIDATION READ reg=0x02000022 dev=00 port=00 rcv=0000 dst=00 data=00
[TCP] TX ack=00 bytes=21
[TCP] RX serial=0B src=FE dst=00 dev=00 port=00 rcv=0000 code=00 reg=0x05000000 len=4
[EMU] RCFG READ reg=0x05000000 dev=00 port=00 rcv=0000 dst=00 data=00000000
[TCP] TX ack=00 bytes=24
[TCP] RX serial=0C src=FE dst=00 dev=00 port=00 rcv=0000 code=00 reg=0x02100000 len=15
[EMU] RCFG READ reg=0x02100000 dev=00 port=00 rcv=0000 dst=00 data=000000000000000000000000000000
[TCP] TX ack=00 bytes=35
[TCP] RX serial=0D src=FE dst=00 dev=00 port=00 rcv=0000 code=00 reg=0x05065000 len=10
[EMU] RCFG READ reg=0x05065000 dev=00 port=00 rcv=0000 dst=00 data=00000000000000000000
[TCP] TX ack=00 bytes=30
[TCP] RX serial=0E src=FE dst=00 dev=00 port=00 rcv=0000 code=00 reg=0x00000016 len=8
[TCP] TX ack=00 bytes=28
[TCP] RX serial=0F src=FE dst=00 dev=00 port=00 rcv=0000 code=00 reg=0x02000000 len=256
[EMU] Rebuilding controller screen blocks from 0 cabinet entries
[EMU] ---- ROUTING_WRITES ----
[EMU] (none)
[EMU] ---- SCREEN_WRITES ----
[EMU] (none)
[EMU] ---- CABINETS ----
[EMU] (none)
[EMU] ---- RCFG_STATE ----
[EMU] (none)
[EMU] Screen blocks rebuilt for dev=00 port=00 entries=0
[EMU] 0x02000000 head=010100000020010100000000000000000000000000000000000000000000000000000000000000000000000000000000...
[EMU] 0x02000100 head=01a500000020010100000000000000000000000000000000000000000000000000000000000000000000000000000000...
[EMU] 0x02020020 head=010000000000000000000000000000000000000000000000000000000000000000000000000000000000000000000000...
[EMU] 0x08000000 head=000000000000000000000000000000000000000000000000000000000000000000000000000000000000000000000000...
[EMU_FULL] 0x02000000=01010000002001010000000000000000000000000000000000000000000000000000000000000000000000000000000000000000000000000000000000000000000000000000000000000000000000000000000000000000000000000000000000000000000000000000000000000000000000000000000000000000000000000000000000000000000000000000000000000000000000000000000000000000000000000000000000000000000000000000000000000000000000000000000000000000000000000000000000000000000000000000000000000000000000000000000000000000000000000000000000000000000000000000000000000000
[EMU_FULL] 0x02000100=01a50000002001010000000000000000000000000000000000000000000000000000000000000000000000000000000000000000000000000000000000000000000000000000000000000000000000000000000000000000000000000000000000000000000000000000000000000000000000000000000000000000000000000000000000000000000000000000000000000000000000000000000000000000000000000000000000000000000000000000000000000000000000000000000000000000000000000000000000000000000000000000000000000000000000000000000000000000000000000000000000000000000000000000000000000000
[EMU_FULL] 0x02020020=01000000000000000000000000000000000000000000000000000000000000000000000000000000000000000000000000000000000000000000000000000000
[EMU_FULL] 0x08000000=00000000000000000000000000000000000000000000000000000000000000000000000000000000000000000000000000000000000000000000000000000000000000000000000000000000000000000000000000000000000000000000000000000000000000000000000000000000000000000000000000000000000000000000000000000000000000000000000000000000000000000000000000000000000000000000000000000000000000000000000000000000000000000000000000000000000000000000000000000000000000000000000000000000000000000000000000000000000000000000000000000000000000000000000000000000
[EMU] READBACK reg=0x02000000 dev=00 port=00 rcv=0000 dst=00 data=010100000020010100000000000000000000000000000000000000000000000000000000000000000000000000000000...
[TCP] TX ack=00 bytes=276
[TCP] RX serial=10 src=FE dst=00 dev=00 port=00 rcv=0000 code=00 reg=0x02000100 len=256
[EMU] READBACK reg=0x02000100 dev=00 port=00 rcv=0000 dst=00 data=01a500000020010100000000000000000000000000000000000000000000000000000000000000000000000000000000...
[TCP] TX ack=00 bytes=276
[TCP] RX serial=11 src=FE dst=FF dev=00 port=00 rcv=0000 code=01 reg=0x02000011 len=6
[EMU] ROUTE CMD reg=0x02000011 dst=FF dev=00 port=00 rcv=0000 data=260313134054
[EMU] Rebuilding controller screen blocks from 1 cabinet entries
[EMU] ---- ROUTING_WRITES ----
[EMU] RAW[00] dev=00 port=00 rcv=0000 dst=FF data=260313134054
[EMU] ---- SCREEN_WRITES ----
[EMU] ROUTE[00] dev=00 port=00 rcv=0000 dst=FF group=26 a=03 b=13 c=13 x=40 y=54 word=0x4054 raw=260313134054
[EMU] ---- CABINETS ----
[EMU] CAB[00] tile=00 port=00 chain=00 cascade=00 lx=00 ly=00 group=26 c=13 route=0x4054
[EMU] ---- RCFG_STATE ----
[EMU] (none)
[EMU] Screen blocks rebuilt for dev=00 port=00 entries=1
[EMU] 0x02000000 head=010100000120010100000000000000000000000000261300000000000000000000000000000000000000000000000000...
[EMU] 0x02000100 head=01a500000120010100000000000000000000000040544054000000000000000000000000000000000000000000000000...
[EMU] 0x02020020 head=010000010000000040540001000000000000000000000000000000000000000000000000000000000000000000000000...
[EMU] 0x08000000 head=010000000000000000000000000000000000000000000000000000000000000000000000000000000000000000000000...
[EMU_FULL] 0x02000000=01010000012001010000000000000000000000000026130000000000000000000000000000000000000000000000000000000000000000000000000000000000000000000000000000000000000000000000000000000000000000000000000000000000000000000000000000000000000000000000000000000000000000000000000000000000000000000000000000000000000000000000000000000000000000000000000000000000000000000000000000000000000000000000000000000000000000000000000000000000000000000000000000000000000000000000000000000000000000000000000000000000000000000000000000000000
[EMU_FULL] 0x02000100=01a50000012001010000000000000000000000004054405400000000000000000000000000000000000000000000000000000000000000000000000000000000000000000000000000000000000000000000000000000000000000000000000000000000000000000000000000000000000000000000000000000000000000000000000000000000000000000000000000000000000000000000000000000000000000000000000000000000000000000000000000000000000000000000000000000000000000000000000000000000000000000000000000000000000000000000000000000000000000000000000000000000000000000000000000000000
[EMU_FULL] 0x02020020=01000001000000004054000100000000000000000000000000000000000000000000000000000000000000000000000000000000000000000000000000000000
[EMU_FULL] 0x08000000=01000000000000000000000000000000000000000000000000000000000000000000000000000000000000000000000000000000000000000000000000000000000000000000000000000000000000000000000000000000000000000000000000000000000000000000000000000000000000000000000000000000000000000000000000000000000000000000000000000000000000000000000000000000000000000000000000000000000000000000000000000000000000000000000000000000000000000000000000000000000000000000000000000000000000000000000000000000000000000000000000000000000000000000000000000000
[TCP] TX ack=00 bytes=20
[TCP] RX serial=12 src=FE dst=00 dev=00 port=00 rcv=0000 code=00 reg=0x02200117 len=1
[EMU] VALIDATION READ reg=0x02200117 dev=00 port=00 rcv=0000 dst=00 data=00
[TCP] TX ack=00 bytes=21
[TCP] RX serial=13 src=FE dst=00 dev=00 port=00 rcv=0000 code=00 reg=0x02000000 len=256
[EMU] READBACK reg=0x02000000 dev=00 port=00 rcv=0000 dst=00 data=010100000120010100000000000000000000000000261300000000000000000000000000000000000000000000000000...
[TCP] TX ack=00 bytes=276
[TCP] RX serial=14 src=FE dst=00 dev=00 port=00 rcv=0000 code=00 reg=0x02000100 len=256
[EMU] READBACK reg=0x02000100 dev=00 port=00 rcv=0000 dst=00 data=01a500000120010100000000000000000000000040544054000000000000000000000000000000000000000000000000...
[TCP] TX ack=00 bytes=276
[TCP] RX serial=15 src=FE dst=00 dev=00 port=00 rcv=0000 code=00 reg=0x02020020 len=64
[EMU] READBACK reg=0x02020020 dev=00 port=00 rcv=0000 dst=00 data=010000010000000040540001000000000000000000000000000000000000000000000000000000000000000000000000...
[TCP] TX ack=00 bytes=84
[TCP] RX serial=16 src=FE dst=00 dev=00 port=00 rcv=0000 code=00 reg=0x0200000B len=1
[EMU] VALIDATION READ reg=0x0200000B dev=00 port=00 rcv=0000 dst=00 data=01
[TCP] TX ack=00 bytes=21
[TCP] RX serial=17 src=FE dst=00 dev=00 port=00 rcv=0000 code=00 reg=0x08000000 len=256
[EMU] READBACK reg=0x08000000 dev=00 port=00 rcv=0000 dst=00 data=010000000000000000000000000000000000000000000000000000000000000000000000000000000000000000000000...
[TCP] TX ack=00 bytes=276
[TCP] RX serial=18 src=FE dst=00 dev=00 port=00 rcv=0000 code=00 reg=0x0200009D len=1
[EMU] VALIDATION READ reg=0x0200009D dev=00 port=00 rcv=0000 dst=00 data=00
[TCP] TX ack=00 bytes=21
[TCP] RX serial=19 src=FE dst=00 dev=00 port=00 rcv=0000 code=00 reg=0x02000023 len=1
[EMU] VALIDATION READ reg=0x02000023 dev=00 port=00 rcv=0000 dst=00 data=00
[TCP] TX ack=00 bytes=21
[TCP] RX serial=1A src=FE dst=00 dev=00 port=00 rcv=0000 code=00 reg=0x0200009D len=1
[EMU] VALIDATION READ reg=0x0200009D dev=00 port=00 rcv=0000 dst=00 data=00
[TCP] TX ack=00 bytes=21
[TCP] RX serial=1B src=FE dst=00 dev=00 port=00 rcv=0000 code=00 reg=0x03100109 len=1
[EMU] VALIDATION READ reg=0x03100109 dev=00 port=00 rcv=0000 dst=00 data=01
[TCP] TX ack=00 bytes=21
[TCP] RX serial=1C src=FE dst=00 dev=00 port=00 rcv=0000 code=00 reg=0x02000022 len=1
[EMU] VALIDATION READ reg=0x02000022 dev=00 port=00 rcv=0000 dst=00 data=01
[TCP] TX ack=00 bytes=21
[TCP] RX serial=1D src=FE dst=00 dev=00 port=00 rcv=0000 code=00 reg=0x05000000 len=4
[EMU] RCFG READ reg=0x05000000 dev=00 port=00 rcv=0000 dst=00 data=00000000
[TCP] TX ack=00 bytes=24
[TCP] RX serial=1E src=FE dst=00 dev=00 port=00 rcv=0000 code=00 reg=0x02100000 len=15
[EMU] RCFG READ reg=0x02100000 dev=00 port=00 rcv=0000 dst=00 data=000000000000000000000000000000
[TCP] TX ack=00 bytes=35
[TCP] RX serial=1F src=FE dst=00 dev=00 port=00 rcv=0000 code=00 reg=0x05065000 len=10
[EMU] RCFG READ reg=0x05065000 dev=00 port=00 rcv=0000 dst=00 data=00000000000000000000
[TCP] TX ack=00 bytes=30
[TCP] RX serial=20 src=FE dst=00 dev=00 port=00 rcv=0000 code=00 reg=0x00000016 len=8
[TCP] TX ack=00 bytes=28
[TCP] RX serial=21 src=FE dst=00 dev=00 port=00 rcv=0000 code=00 reg=0x02000000 len=256
[EMU] READBACK reg=0x02000000 dev=00 port=00 rcv=0000 dst=00 data=010100000120010100000000000000000000000000261300000000000000000000000000000000000000000000000000...
[TCP] TX ack=00 bytes=276
[TCP] RX serial=22 src=FE dst=00 dev=00 port=00 rcv=0000 code=00 reg=0x02000100 len=256
[EMU] READBACK reg=0x02000100 dev=00 port=00 rcv=0000 dst=00 data=01a500000120010100000000000000000000000040544054000000000000000000000000000000000000000000000000...
[TCP] TX ack=00 bytes=276
[TCP] RX serial=23 src=FE dst=FF dev=00 port=00 rcv=0000 code=01 reg=0x02000011 len=6
[EMU] ROUTE CMD reg=0x02000011 dst=FF dev=00 port=00 rcv=0000 data=260313134113
[EMU] Rebuilding controller screen blocks from 2 cabinet entries
[EMU] ---- ROUTING_WRITES ----
[EMU] RAW[00] dev=00 port=00 rcv=0000 dst=FF data=260313134054
[EMU] RAW[01] dev=00 port=00 rcv=0000 dst=FF data=260313134113
[EMU] ---- SCREEN_WRITES ----
[EMU] ROUTE[00] dev=00 port=00 rcv=0000 dst=FF group=26 a=03 b=13 c=13 x=40 y=54 word=0x4054 raw=260313134054
[EMU] ROUTE[01] dev=00 port=00 rcv=0000 dst=FF group=26 a=03 b=13 c=13 x=41 y=13 word=0x4113 raw=260313134113
[EMU] ---- CABINETS ----
[EMU] CAB[00] tile=00 port=00 chain=00 cascade=01 lx=01 ly=00 group=26 c=13 route=0x4113
[EMU] CAB[01] tile=01 port=00 chain=00 cascade=00 lx=00 ly=01 group=26 c=13 route=0x4054
[EMU] ---- RCFG_STATE ----
[EMU] (none)
[EMU] Screen blocks rebuilt for dev=00 port=00 entries=2
[EMU] 0x02000000 head=010100000220010100000000000000000100000100261300000100000126130000000000000000000000000000000000...
[EMU] 0x02000100 head=01a500000220010100000000000000000000000140544054000100004113411300000000000000000000000000000000...
[EMU] 0x02020020 head=010000020000000040540001411301010000000000000000000000000000000000000000000000000000000000000000...
[EMU] 0x08000000 head=010100000000000000000000000000000000000000000000000000000000000000000000000000000000000000000000...
[EMU_FULL] 0x02000000=01010000022001010000000000000000010000010026130000010000012613000000000000000000000000000000000000000000000000000000000000000000000000000000000000000000000000000000000000000000000000000000000000000000000000000000000000000000000000000000000000000000000000000000000000000000000000000000000000000000000000000000000000000000000000000000000000000000000000000000000000000000000000000000000000000000000000000000000000000000000000000000000000000000000000000000000000000000000000000000000000000000000000000000000000000000
[EMU_FULL] 0x02000100=01a50000022001010000000000000000000000014054405400010000411341130000000000000000000000000000000000000000000000000000000000000000000000000000000000000000000000000000000000000000000000000000000000000000000000000000000000000000000000000000000000000000000000000000000000000000000000000000000000000000000000000000000000000000000000000000000000000000000000000000000000000000000000000000000000000000000000000000000000000000000000000000000000000000000000000000000000000000000000000000000000000000000000000000000000000000
[EMU_FULL] 0x02020020=01000002000000004054000141130101000000000000000000000000000000000000000000000000000000000000000000000000000000000000000000000000
[EMU_FULL] 0x08000000=01010000000000000000000000000000000000000000000000000000000000000000000000000000000000000000000000000000000000000000000000000000000000000000000000000000000000000000000000000000000000000000000000000000000000000000000000000000000000000000000000000000000000000000000000000000000000000000000000000000000000000000000000000000000000000000000000000000000000000000000000000000000000000000000000000000000000000000000000000000000000000000000000000000000000000000000000000000000000000000000000000000000000000000000000000000
[TCP] TX ack=00 bytes=20
[TCP] RX serial=05 src=FE dst=00 dev=00 port=00 rcv=0000 code=00 reg=0x00000002 len=2
[TCP] TX ack=00 bytes=22
[TCP] RX serial=4E src=FE dst=00 dev=00 port=00 rcv=0000 code=00 reg=0x00000016 len=8
[TCP] TX ack=00 bytes=28
[TCP] RX serial=F1 src=FE dst=00 dev=00 port=00 rcv=0000 code=00 reg=0x14000000 len=88
[TCP] TX ack=00 bytes=108
[TCP] RX serial=45 src=FE dst=00 dev=00 port=00 rcv=0000 code=00 reg=0x00000006 len=1
[TCP] TX ack=00 bytes=21
[TCP] RX serial=88 src=FE dst=01 dev=00 port=00 rcv=0000 code=00 reg=0x00000002 len=2
[TCP] TX ack=01 bytes=20
[TCP] RX serial=24 src=FE dst=00 dev=00 port=00 rcv=0000 code=00 reg=0x05000000 len=4
[EMU] RCFG READ reg=0x05000000 dev=00 port=00 rcv=0000 dst=00 data=00000000
[TCP] TX ack=00 bytes=24
[TCP] RX serial=25 src=FE dst=00 dev=00 port=00 rcv=0000 code=00 reg=0x02100000 len=15
[EMU] RCFG READ reg=0x02100000 dev=00 port=00 rcv=0000 dst=00 data=000000000000000000000000000000
[TCP] TX ack=00 bytes=35
[TCP] RX serial=26 src=FE dst=00 dev=00 port=00 rcv=0000 code=00 reg=0x05065000 len=10
[EMU] RCFG READ reg=0x05065000 dev=00 port=00 rcv=0000 dst=00 data=00000000000000000000
[TCP] TX ack=00 bytes=30
[TCP] RX serial=27 src=FE dst=00 dev=00 port=00 rcv=0000 code=00 reg=0x00000016 len=8
[TCP] TX ack=00 bytes=28
[TCP] RX serial=28 src=FE dst=00 dev=00 port=00 rcv=0000 code=00 reg=0x02000000 len=256
[EMU] READBACK reg=0x02000000 dev=00 port=00 rcv=0000 dst=00 data=010100000220010100000000000000000100000100261300000100000126130000000000000000000000000000000000...
[TCP] TX ack=00 bytes=276
[TCP] RX serial=29 src=FE dst=00 dev=00 port=00 rcv=0000 code=00 reg=0x02000100 len=256
[EMU] READBACK reg=0x02000100 dev=00 port=00 rcv=0000 dst=00 data=01a500000220010100000000000000000000000140544054000100004113411300000000000000000000000000000000...
[TCP] TX ack=00 bytes=276
[TCP] RX serial=2A src=FE dst=FF dev=00 port=00 rcv=0000 code=01 reg=0x02000011 len=6
[EMU] ROUTE CMD reg=0x02000011 dst=FF dev=00 port=00 rcv=0000 data=260313134133
[EMU] Rebuilding controller screen blocks from 3 cabinet entries
[EMU] ---- ROUTING_WRITES ----
[EMU] RAW[00] dev=00 port=00 rcv=0000 dst=FF data=260313134054
[EMU] RAW[01] dev=00 port=00 rcv=0000 dst=FF data=260313134113
[EMU] RAW[02] dev=00 port=00 rcv=0000 dst=FF data=260313134133
[EMU] ---- SCREEN_WRITES ----
[EMU] ROUTE[00] dev=00 port=00 rcv=0000 dst=FF group=26 a=03 b=13 c=13 x=40 y=54 word=0x4054 raw=260313134054
[EMU] ROUTE[01] dev=00 port=00 rcv=0000 dst=FF group=26 a=03 b=13 c=13 x=41 y=13 word=0x4113 raw=260313134113
[EMU] ROUTE[02] dev=00 port=00 rcv=0000 dst=FF group=26 a=03 b=13 c=13 x=41 y=33 word=0x4133 raw=260313134133
[EMU] ---- CABINETS ----
[EMU] CAB[00] tile=00 port=00 chain=00 cascade=01 lx=01 ly=00 group=26 c=13 route=0x4113
[EMU] CAB[01] tile=01 port=00 chain=00 cascade=02 lx=01 ly=01 group=26 c=13 route=0x4133
[EMU] CAB[02] tile=02 port=00 chain=00 cascade=00 lx=00 ly=02 group=26 c=13 route=0x4054
[EMU] ---- RCFG_STATE ----
[EMU] (none)
[EMU] Screen blocks rebuilt for dev=00 port=00 entries=3
[EMU] 0x02000000 head=010100000320010100000000000000000100000100261300010100020126130000020000022613000000000000000000...
[EMU] 0x02000100 head=01a500000320010100000000000000000000000240544054000100004113411300020001413341330000000000000000...
[EMU] 0x02020020 head=010000030000000040540001411301014133020100000000000000000000000000000000000000000000000000000000...
[EMU] 0x08000000 head=010101000000000000000000000000000000000000000000000000000000000000000000000000000000000000000000...
[EMU_FULL] 0x02000000=01010000032001010000000000000000010000010026130001010002012613000002000002261300000000000000000000000000000000000000000000000000000000000000000000000000000000000000000000000000000000000000000000000000000000000000000000000000000000000000000000000000000000000000000000000000000000000000000000000000000000000000000000000000000000000000000000000000000000000000000000000000000000000000000000000000000000000000000000000000000000000000000000000000000000000000000000000000000000000000000000000000000000000000000000000000
[EMU_FULL] 0x02000100=01a50000032001010000000000000000000000024054405400010000411341130002000141334133000000000000000000000000000000000000000000000000000000000000000000000000000000000000000000000000000000000000000000000000000000000000000000000000000000000000000000000000000000000000000000000000000000000000000000000000000000000000000000000000000000000000000000000000000000000000000000000000000000000000000000000000000000000000000000000000000000000000000000000000000000000000000000000000000000000000000000000000000000000000000000000000
[EMU_FULL] 0x02020020=01000003000000004054000141130101413302010000000000000000000000000000000000000000000000000000000000000000000000000000000000000000
[EMU_FULL] 0x08000000=01010100000000000000000000000000000000000000000000000000000000000000000000000000000000000000000000000000000000000000000000000000000000000000000000000000000000000000000000000000000000000000000000000000000000000000000000000000000000000000000000000000000000000000000000000000000000000000000000000000000000000000000000000000000000000000000000000000000000000000000000000000000000000000000000000000000000000000000000000000000000000000000000000000000000000000000000000000000000000000000000000000000000000000000000000000
[TCP] TX ack=00 bytes=20
[TCP] RX serial=2B src=FE dst=00 dev=00 port=00 rcv=0000 code=00 reg=0x02000000 len=256
[EMU] READBACK reg=0x02000000 dev=00 port=00 rcv=0000 dst=00 data=010100000320010100000000000000000100000100261300010100020126130000020000022613000000000000000000...
[TCP] TX ack=00 bytes=276
[TCP] RX serial=2C src=FE dst=00 dev=00 port=00 rcv=0000 code=00 reg=0x02000100 len=256
[EMU] READBACK reg=0x02000100 dev=00 port=00 rcv=0000 dst=00 data=01a500000320010100000000000000000000000240544054000100004113411300020001413341330000000000000000...
[TCP] TX ack=00 bytes=276
[TCP] RX serial=2D src=FE dst=00 dev=00 port=00 rcv=0000 code=00 reg=0x05000000 len=4
[EMU] RCFG READ reg=0x05000000 dev=00 port=00 rcv=0000 dst=00 data=00000000
[TCP] TX ack=00 bytes=24
[TCP] RX serial=2E src=FE dst=00 dev=00 port=00 rcv=0000 code=00 reg=0x02100000 len=15
[EMU] RCFG READ reg=0x02100000 dev=00 port=00 rcv=0000 dst=00 data=000000000000000000000000000000
[TCP] TX ack=00 bytes=35
[TCP] RX serial=2F src=FE dst=00 dev=00 port=00 rcv=0000 code=00 reg=0x05065000 len=10
[EMU] RCFG READ reg=0x05065000 dev=00 port=00 rcv=0000 dst=00 data=00000000000000000000
[TCP] TX ack=00 bytes=30
[TCP] RX serial=30 src=FE dst=00 dev=00 port=00 rcv=0000 code=00 reg=0x00000016 len=8
[TCP] TX ack=00 bytes=28
[TCP] RX serial=31 src=FE dst=00 dev=00 port=00 rcv=0000 code=00 reg=0x02000000 len=256
[EMU] READBACK reg=0x02000000 dev=00 port=00 rcv=0000 dst=00 data=010100000320010100000000000000000100000100261300010100020126130000020000022613000000000000000000...
[TCP] TX ack=00 bytes=276
[TCP] RX serial=32 src=FE dst=00 dev=00 port=00 rcv=0000 code=00 reg=0x02000100 len=256
[EMU] READBACK reg=0x02000100 dev=00 port=00 rcv=0000 dst=00 data=01a500000320010100000000000000000000000240544054000100004113411300020001413341330000000000000000...
[TCP] TX ack=00 bytes=276
[TCP] RX serial=33 src=FE dst=FF dev=00 port=00 rcv=0000 code=01 reg=0x02000011 len=6
[EMU] ROUTE CMD reg=0x02000011 dst=FF dev=00 port=00 rcv=0000 data=260313134153
[EMU] Rebuilding controller screen blocks from 4 cabinet entries
[EMU] ---- ROUTING_WRITES ----
[EMU] RAW[00] dev=00 port=00 rcv=0000 dst=FF data=260313134054
[EMU] RAW[01] dev=00 port=00 rcv=0000 dst=FF data=260313134113
[EMU] RAW[02] dev=00 port=00 rcv=0000 dst=FF data=260313134133
[EMU] RAW[03] dev=00 port=00 rcv=0000 dst=FF data=260313134153
[EMU] ---- SCREEN_WRITES ----
[EMU] ROUTE[00] dev=00 port=00 rcv=0000 dst=FF group=26 a=03 b=13 c=13 x=40 y=54 word=0x4054 raw=260313134054
[EMU] ROUTE[01] dev=00 port=00 rcv=0000 dst=FF group=26 a=03 b=13 c=13 x=41 y=13 word=0x4113 raw=260313134113
[EMU] ROUTE[02] dev=00 port=00 rcv=0000 dst=FF group=26 a=03 b=13 c=13 x=41 y=33 word=0x4133 raw=260313134133
[EMU] ROUTE[03] dev=00 port=00 rcv=0000 dst=FF group=26 a=03 b=13 c=13 x=41 y=53 word=0x4153 raw=260313134153
[EMU] ---- CABINETS ----
[EMU] CAB[00] tile=00 port=00 chain=00 cascade=01 lx=01 ly=00 group=26 c=13 route=0x4113
[EMU] CAB[01] tile=01 port=00 chain=00 cascade=02 lx=01 ly=01 group=26 c=13 route=0x4133
[EMU] CAB[02] tile=02 port=00 chain=00 cascade=03 lx=01 ly=02 group=26 c=13 route=0x4153
[EMU] CAB[03] tile=03 port=00 chain=00 cascade=00 lx=00 ly=03 group=26 c=13 route=0x4054
[EMU] ---- RCFG_STATE ----
[EMU] (none)
[EMU] Screen blocks rebuilt for dev=00 port=00 entries=4
[EMU] 0x02000000 head=010100000420010100000000000000000100000100261300010100020126130001020003022613000003000003261300...
[EMU] 0x02000100 head=01a500000420010100000000000000000000000340544054000100004113411300020001413341330003000241534153...
[EMU] 0x02020020 head=010000040000000040540001411301014133020141530301000000000000000000000000000000000000000000000000...
[EMU] 0x08000000 head=010101010000000000000000000000000000000000000000000000000000000000000000000000000000000000000000...
[EMU_FULL] 0x02000000=01010000042001010000000000000000010000010026130001010002012613000102000302261300000300000326130000000000000000000000000000000000000000000000000000000000000000000000000000000000000000000000000000000000000000000000000000000000000000000000000000000000000000000000000000000000000000000000000000000000000000000000000000000000000000000000000000000000000000000000000000000000000000000000000000000000000000000000000000000000000000000000000000000000000000000000000000000000000000000000000000000000000000000000000000000000
[EMU_FULL] 0x02000100=01a50000042001010000000000000000000000034054405400010000411341130002000141334133000300024153415300000000000000000000000000000000000000000000000000000000000000000000000000000000000000000000000000000000000000000000000000000000000000000000000000000000000000000000000000000000000000000000000000000000000000000000000000000000000000000000000000000000000000000000000000000000000000000000000000000000000000000000000000000000000000000000000000000000000000000000000000000000000000000000000000000000000000000000000000000000
[EMU_FULL] 0x02020020=01000004000000004054000141130101413302014153030100000000000000000000000000000000000000000000000000000000000000000000000000000000
[EMU_FULL] 0x08000000=01010101000000000000000000000000000000000000000000000000000000000000000000000000000000000000000000000000000000000000000000000000000000000000000000000000000000000000000000000000000000000000000000000000000000000000000000000000000000000000000000000000000000000000000000000000000000000000000000000000000000000000000000000000000000000000000000000000000000000000000000000000000000000000000000000000000000000000000000000000000000000000000000000000000000000000000000000000000000000000000000000000000000000000000000000000
[TCP] TX ack=00 bytes=20
[TCP] RX serial=8E src=FE dst=00 dev=00 port=00 rcv=0000 code=00 reg=0x00000002 len=2
[TCP] TX ack=00 bytes=22
[TCP] RX serial=BB src=FE dst=00 dev=00 port=00 rcv=0000 code=00 reg=0x00000016 len=8
[TCP] TX ack=00 bytes=28
[TCP] RX serial=69 src=FE dst=00 dev=00 port=00 rcv=0000 code=00 reg=0x14000000 len=88
[TCP] TX ack=00 bytes=108
[TCP] RX serial=E7 src=FE dst=00 dev=00 port=00 rcv=0000 code=00 reg=0x00000006 len=1
[TCP] TX ack=00 bytes=21
[TCP] RX serial=19 src=FE dst=01 dev=00 port=00 rcv=0000 code=00 reg=0x00000002 len=2
[TCP] TX ack=01 bytes=20
[TCP] RX serial=34 src=FE dst=00 dev=00 port=00 rcv=0000 code=00 reg=0x05000000 len=4
[EMU] RCFG READ reg=0x05000000 dev=00 port=00 rcv=0000 dst=00 data=00000000
[TCP] TX ack=00 bytes=24
[TCP] RX serial=35 src=FE dst=00 dev=00 port=00 rcv=0000 code=00 reg=0x02100000 len=15
[EMU] RCFG READ reg=0x02100000 dev=00 port=00 rcv=0000 dst=00 data=000000000000000000000000000000
[TCP] TX ack=00 bytes=35
[TCP] RX serial=36 src=FE dst=00 dev=00 port=00 rcv=0000 code=00 reg=0x05065000 len=10
[EMU] RCFG READ reg=0x05065000 dev=00 port=00 rcv=0000 dst=00 data=00000000000000000000
[TCP] TX ack=00 bytes=30
[TCP] RX serial=37 src=FE dst=00 dev=00 port=00 rcv=0000 code=00 reg=0x00000016 len=8
[TCP] TX ack=00 bytes=28
[TCP] RX serial=38 src=FE dst=00 dev=00 port=00 rcv=0000 code=00 reg=0x02000000 len=256
[EMU] READBACK reg=0x02000000 dev=00 port=00 rcv=0000 dst=00 data=010100000420010100000000000000000100000100261300010100020126130001020003022613000003000003261300...
[TCP] TX ack=00 bytes=276
[TCP] RX serial=39 src=FE dst=00 dev=00 port=00 rcv=0000 code=00 reg=0x02000100 len=256
[EMU] READBACK reg=0x02000100 dev=00 port=00 rcv=0000 dst=00 data=01a500000420010100000000000000000000000340544054000100004113411300020001413341330003000241534153...
[TCP] TX ack=00 bytes=276
[TCP] RX serial=3A src=FE dst=FF dev=00 port=00 rcv=0000 code=01 reg=0x02000011 len=6
[EMU] ROUTE CMD reg=0x02000011 dst=FF dev=00 port=00 rcv=0000 data=260313134213
[EMU] Rebuilding controller screen blocks from 5 cabinet entries
[EMU] ---- ROUTING_WRITES ----
[EMU] RAW[00] dev=00 port=00 rcv=0000 dst=FF data=260313134054
[EMU] RAW[01] dev=00 port=00 rcv=0000 dst=FF data=260313134113
[EMU] RAW[02] dev=00 port=00 rcv=0000 dst=FF data=260313134133
[EMU] RAW[03] dev=00 port=00 rcv=0000 dst=FF data=260313134153
[EMU] RAW[04] dev=00 port=00 rcv=0000 dst=FF data=260313134213
[EMU] ---- SCREEN_WRITES ----
[EMU] ROUTE[00] dev=00 port=00 rcv=0000 dst=FF group=26 a=03 b=13 c=13 x=40 y=54 word=0x4054 raw=260313134054
[EMU] ROUTE[01] dev=00 port=00 rcv=0000 dst=FF group=26 a=03 b=13 c=13 x=41 y=13 word=0x4113 raw=260313134113
[EMU] ROUTE[02] dev=00 port=00 rcv=0000 dst=FF group=26 a=03 b=13 c=13 x=41 y=33 word=0x4133 raw=260313134133
[EMU] ROUTE[03] dev=00 port=00 rcv=0000 dst=FF group=26 a=03 b=13 c=13 x=41 y=53 word=0x4153 raw=260313134153
[EMU] ROUTE[04] dev=00 port=00 rcv=0000 dst=FF group=26 a=03 b=13 c=13 x=42 y=13 word=0x4213 raw=260313134213
[EMU] ---- CABINETS ----
[EMU] CAB[00] tile=00 port=00 chain=00 cascade=01 lx=01 ly=00 group=26 c=13 route=0x4113
[EMU] CAB[01] tile=01 port=00 chain=00 cascade=04 lx=02 ly=00 group=26 c=13 route=0x4213
[EMU] CAB[02] tile=02 port=00 chain=00 cascade=02 lx=01 ly=01 group=26 c=13 route=0x4133
[EMU] CAB[03] tile=03 port=00 chain=00 cascade=03 lx=01 ly=02 group=26 c=13 route=0x4153
[EMU] CAB[04] tile=04 port=00 chain=00 cascade=00 lx=00 ly=03 group=26 c=13 route=0x4054
[EMU] ---- RCFG_STATE ----
[EMU] (none)
[EMU] Screen blocks rebuilt for dev=00 port=00 entries=5
[EMU] 0x02000000 head=010100000520010100000000000000000100000100261300020000040126130001010002022613000102000303261300...
[EMU] 0x02000100 head=01a500000520010100000000000000000000000440544054000100004113411300020002413341330003000341534153...
[EMU] 0x02020020 head=010000050000000040540001411301014133020141530301421304010000000000000000000000000000000000000000...
[EMU] 0x08000000 head=010101010100000000000000000000000000000000000000000000000000000000000000000000000000000000000000...
[EMU_FULL] 0x02000000=01010000052001010000000000000000010000010026130002000004012613000101000202261300010200030326130000030000042613000000000000000000000000000000000000000000000000000000000000000000000000000000000000000000000000000000000000000000000000000000000000000000000000000000000000000000000000000000000000000000000000000000000000000000000000000000000000000000000000000000000000000000000000000000000000000000000000000000000000000000000000000000000000000000000000000000000000000000000000000000000000000000000000000000000000000000
[EMU_FULL] 0x02000100=01a50000052001010000000000000000000000044054405400010000411341130002000241334133000300034153415300040001421342130000000000000000000000000000000000000000000000000000000000000000000000000000000000000000000000000000000000000000000000000000000000000000000000000000000000000000000000000000000000000000000000000000000000000000000000000000000000000000000000000000000000000000000000000000000000000000000000000000000000000000000000000000000000000000000000000000000000000000000000000000000000000000000000000000000000000000
[EMU_FULL] 0x02020020=01000005000000004054000141130101413302014153030142130401000000000000000000000000000000000000000000000000000000000000000000000000
[EMU_FULL] 0x08000000=01010101010000000000000000000000000000000000000000000000000000000000000000000000000000000000000000000000000000000000000000000000000000000000000000000000000000000000000000000000000000000000000000000000000000000000000000000000000000000000000000000000000000000000000000000000000000000000000000000000000000000000000000000000000000000000000000000000000000000000000000000000000000000000000000000000000000000000000000000000000000000000000000000000000000000000000000000000000000000000000000000000000000000000000000000000
[TCP] TX ack=00 bytes=20
[TCP] RX serial=3B src=FE dst=FF dev=00 port=00 rcv=0000 code=01 reg=0x02000018 len=1
[EMU] COMMIT CMD reg=0x02000018 dst=FF dev=00 port=00 rcv=0000 data=00
[EMU] Rebuilding controller screen blocks from 5 cabinet entries
[EMU] ---- ROUTING_WRITES ----
[EMU] RAW[00] dev=00 port=00 rcv=0000 dst=FF data=260313134054
[EMU] RAW[01] dev=00 port=00 rcv=0000 dst=FF data=260313134113
[EMU] RAW[02] dev=00 port=00 rcv=0000 dst=FF data=260313134133
[EMU] RAW[03] dev=00 port=00 rcv=0000 dst=FF data=260313134153
[EMU] RAW[04] dev=00 port=00 rcv=0000 dst=FF data=260313134213
[EMU] ---- SCREEN_WRITES ----
[EMU] ROUTE[00] dev=00 port=00 rcv=0000 dst=FF group=26 a=03 b=13 c=13 x=40 y=54 word=0x4054 raw=260313134054
[EMU] ROUTE[01] dev=00 port=00 rcv=0000 dst=FF group=26 a=03 b=13 c=13 x=41 y=13 word=0x4113 raw=260313134113
[EMU] ROUTE[02] dev=00 port=00 rcv=0000 dst=FF group=26 a=03 b=13 c=13 x=41 y=33 word=0x4133 raw=260313134133
[EMU] ROUTE[03] dev=00 port=00 rcv=0000 dst=FF group=26 a=03 b=13 c=13 x=41 y=53 word=0x4153 raw=260313134153
[EMU] ROUTE[04] dev=00 port=00 rcv=0000 dst=FF group=26 a=03 b=13 c=13 x=42 y=13 word=0x4213 raw=260313134213
[EMU] ---- CABINETS ----
[EMU] CAB[00] tile=00 port=00 chain=00 cascade=01 lx=01 ly=00 group=26 c=13 route=0x4113
[EMU] CAB[01] tile=01 port=00 chain=00 cascade=04 lx=02 ly=00 group=26 c=13 route=0x4213
[EMU] CAB[02] tile=02 port=00 chain=00 cascade=02 lx=01 ly=01 group=26 c=13 route=0x4133
[EMU] CAB[03] tile=03 port=00 chain=00 cascade=03 lx=01 ly=02 group=26 c=13 route=0x4153
[EMU] CAB[04] tile=04 port=00 chain=00 cascade=00 lx=00 ly=03 group=26 c=13 route=0x4054
[EMU] ---- RCFG_STATE ----
[EMU] (none)
[EMU] Screen blocks rebuilt for dev=00 port=00 entries=5
[EMU] 0x02000000 head=010100000520010100000000000000000100000100261300020000040126130001010002022613000102000303261300...
[EMU] 0x02000100 head=01a500000520010100000000000000000000000440544054000100004113411300020002413341330003000341534153...
[EMU] 0x02020020 head=010000050000000040540001411301014133020141530301421304010000000000000000000000000000000000000000...
[EMU] 0x08000000 head=010101010100000000000000000000000000000000000000000000000000000000000000000000000000000000000000...
[EMU_FULL] 0x02000000=01010000052001010000000000000000010000010026130002000004012613000101000202261300010200030326130000030000042613000000000000000000000000000000000000000000000000000000000000000000000000000000000000000000000000000000000000000000000000000000000000000000000000000000000000000000000000000000000000000000000000000000000000000000000000000000000000000000000000000000000000000000000000000000000000000000000000000000000000000000000000000000000000000000000000000000000000000000000000000000000000000000000000000000000000000000
[EMU_FULL] 0x02000100=01a50000052001010000000000000000000000044054405400010000411341130002000241334133000300034153415300040001421342130000000000000000000000000000000000000000000000000000000000000000000000000000000000000000000000000000000000000000000000000000000000000000000000000000000000000000000000000000000000000000000000000000000000000000000000000000000000000000000000000000000000000000000000000000000000000000000000000000000000000000000000000000000000000000000000000000000000000000000000000000000000000000000000000000000000000000
[EMU_FULL] 0x02020020=01000005000000004054000141130101413302014153030142130401000000000000000000000000000000000000000000000000000000000000000000000000
[EMU_FULL] 0x08000000=01010101010000000000000000000000000000000000000000000000000000000000000000000000000000000000000000000000000000000000000000000000000000000000000000000000000000000000000000000000000000000000000000000000000000000000000000000000000000000000000000000000000000000000000000000000000000000000000000000000000000000000000000000000000000000000000000000000000000000000000000000000000000000000000000000000000000000000000000000000000000000000000000000000000000000000000000000000000000000000000000000000000000000000000000000000
[TCP] TX ack=00 bytes=20
[TCP] RX serial=EC src=FE dst=00 dev=00 port=00 rcv=0000 code=00 reg=0x00000002 len=2
[TCP] TX ack=00 bytes=22
[TCP] RX serial=0A src=FE dst=00 dev=00 port=00 rcv=0000 code=00 reg=0x00000016 len=8
[TCP] TX ack=00 bytes=28
[TCP] RX serial=B9 src=FE dst=00 dev=00 port=00 rcv=0000 code=00 reg=0x14000000 len=88
[TCP] TX ack=00 bytes=108
[TCP] RX serial=BB src=FE dst=00 dev=00 port=00 rcv=0000 code=00 reg=0x00000006 len=1
[TCP] TX ack=00 bytes=21
[TCP] RX serial=40 src=FE dst=01 dev=00 port=00 rcv=0000 code=00 reg=0x00000002 len=2
[TCP] TX ack=01 bytes=20
[TCP] RX serial=3C src=FE dst=00 dev=00 port=00 rcv=0000 code=01 reg=0x05066000 len=256
[EMU] RCFG WRITE reg=0x05066000 dst=00 dev=00 port=00 rcv=0000 len=256
[EMU_FULL] RCFG_0x05066000=53535045ea0300000000000000000000000000000000000000000000000000000000000000000000000000000000000000000000000000000000000000000000000000000000000000000000000000000000000000000000000000000000000000000000000000000000000000000000000000000000000000000000000000000000000000000000000000000000000000000000000000000000000000000000000000000000000000000000000000000000000000000000000000000000000000000000000000000000000000000000000000000000000000000000000000000000000000000000000000000000000000000000000000000000000000000000
[EMU] RCFG SAVE MARKER ACCEPTED reg=0x05066000 dev=00 port=00 rcv=0000 dst=00
[TCP] TX ack=00 bytes=20
[TCP] RX serial=3D src=FE dst=FF dev=00 port=00 rcv=0000 code=01 reg=0x02000018 len=1
[EMU] COMMIT CMD reg=0x02000018 dst=FF dev=00 port=00 rcv=0000 data=00
[EMU] Rebuilding controller screen blocks from 5 cabinet entries
[EMU] ---- ROUTING_WRITES ----
[EMU] RAW[00] dev=00 port=00 rcv=0000 dst=FF data=260313134054
[EMU] RAW[01] dev=00 port=00 rcv=0000 dst=FF data=260313134113
[EMU] RAW[02] dev=00 port=00 rcv=0000 dst=FF data=260313134133
[EMU] RAW[03] dev=00 port=00 rcv=0000 dst=FF data=260313134153
[EMU] RAW[04] dev=00 port=00 rcv=0000 dst=FF data=260313134213
[EMU] ---- SCREEN_WRITES ----
[EMU] ROUTE[00] dev=00 port=00 rcv=0000 dst=FF group=26 a=03 b=13 c=13 x=40 y=54 word=0x4054 raw=260313134054
[EMU] ROUTE[01] dev=00 port=00 rcv=0000 dst=FF group=26 a=03 b=13 c=13 x=41 y=13 word=0x4113 raw=260313134113
[EMU] ROUTE[02] dev=00 port=00 rcv=0000 dst=FF group=26 a=03 b=13 c=13 x=41 y=33 word=0x4133 raw=260313134133
[EMU] ROUTE[03] dev=00 port=00 rcv=0000 dst=FF group=26 a=03 b=13 c=13 x=41 y=53 word=0x4153 raw=260313134153
[EMU] ROUTE[04] dev=00 port=00 rcv=0000 dst=FF group=26 a=03 b=13 c=13 x=42 y=13 word=0x4213 raw=260313134213
[EMU] ---- CABINETS ----
[EMU] CAB[00] tile=00 port=00 chain=00 cascade=01 lx=01 ly=00 group=26 c=13 route=0x4113
[EMU] CAB[01] tile=01 port=00 chain=00 cascade=04 lx=02 ly=00 group=26 c=13 route=0x4213
[EMU] CAB[02] tile=02 port=00 chain=00 cascade=02 lx=01 ly=01 group=26 c=13 route=0x4133
[EMU] CAB[03] tile=03 port=00 chain=00 cascade=03 lx=01 ly=02 group=26 c=13 route=0x4153
[EMU] CAB[04] tile=04 port=00 chain=00 cascade=00 lx=00 ly=03 group=26 c=13 route=0x4054
[EMU] ---- RCFG_STATE ----
[EMU] RCFG dev=00 port=00 rcv=0000 dst=00 present=1 accepted=0 save=1 02100000=535350450100000000000501010001 05000000=01000000 05065000=53500101000005000001 reads=0
[EMU] Screen blocks rebuilt for dev=00 port=00 entries=5
[EMU] 0x02000000 head=010100000520010100000000000000000100000100261300020000040126130001010002022613000102000303261300...
[EMU] 0x02000100 head=01a500000520010100000000000000000000000440544054000100004113411300020002413341330003000341534153...
[EMU] 0x02020020 head=010000050000000040540001411301014133020141530301421304010000000000000000000000000000000000000000...
[EMU] 0x08000000 head=010101010100000000000000000000000000000000000000000000000000000000000000000000000000000000000000...
[EMU_FULL] 0x02000000=01010000052001010000000000000000010000010026130002000004012613000101000202261300010200030326130000030000042613000000000000000000000000000000000000000000000000000000000000000000000000000000000000000000000000000000000000000000000000000000000000000000000000000000000000000000000000000000000000000000000000000000000000000000000000000000000000000000000000000000000000000000000000000000000000000000000000000000000000000000000000000000000000000000000000000000000000000000000000000000000000000000000000000000000000000000
[EMU_FULL] 0x02000100=01a50000052001010000000000000000000000044054405400010000411341130002000241334133000300034153415300040001421342130000000000000000000000000000000000000000000000000000000000000000000000000000000000000000000000000000000000000000000000000000000000000000000000000000000000000000000000000000000000000000000000000000000000000000000000000000000000000000000000000000000000000000000000000000000000000000000000000000000000000000000000000000000000000000000000000000000000000000000000000000000000000000000000000000000000000000
[EMU_FULL] 0x02020020=01000005000000004054000141130101413302014153030142130401000000000000000000000000000000000000000000000000000000000000000000000000
[EMU_FULL] 0x08000000=01010101010000000000000000000000000000000000000000000000000000000000000000000000000000000000000000000000000000000000000000000000000000000000000000000000000000000000000000000000000000000000000000000000000000000000000000000000000000000000000000000000000000000000000000000000000000000000000000000000000000000000000000000000000000000000000000000000000000000000000000000000000000000000000000000000000000000000000000000000000000000000000000000000000000000000000000000000000000000000000000000000000000000000000000000000
[TCP] TX ack=00 bytes=20
[TCP] RX serial=7E src=FE dst=00 dev=00 port=00 rcv=0000 code=00 reg=0x00000002 len=2
[TCP] TX ack=00 bytes=22
[TCP] Conn from ('192.168.0.10', 4149)
[TCP] RX serial=FA src=FE dst=00 dev=00 port=00 rcv=0000 code=00 reg=0x00000002 len=2
[TCP] TX ack=00 bytes=22
[TCP] Conn from ('192.168.0.10', 4150)
[TCP] RX serial=C2 src=FE dst=00 dev=00 port=00 rcv=0000 code=00 reg=0x00000002 len=2
[TCP] TX ack=00 bytes=22
[TCP] Conn from ('192.168.0.10', 4151)
[TCP] RX serial=DD src=FE dst=FF dev=00 port=00 rcv=0000 code=01 reg=0x01000000 len=1
[TCP] TX ack=00 bytes=20
[TCP] RX serial=8B src=FE dst=00 dev=00 port=00 rcv=0000 code=00 reg=0x00000002 len=2
[TCP] TX ack=00 bytes=22
[TCP] Conn from ('192.168.0.10', 4155)
[TCP] RX serial=3E src=FE dst=00 dev=00 port=00 rcv=0000 code=00 reg=0x0200009D len=1
[EMU] POSTSAVE READ#1 reg=0x0200009D dst=00 data=01
[EMU] VALIDATION READ reg=0x0200009D dev=00 port=00 rcv=0000 dst=00 data=01
[TCP] TX ack=00 bytes=21
[TCP] ERROR: [Errno 104] Connection reset by peer
