[TCP] Listening on 0.0.0.0:5200 allowed_dst=[0, 255]
[TCP] Conn from ('192.168.0.10', 53871)
[TCP] RX serial=BD src=FE dst=FF code=01 reg=0x01000000 len=1 wlen=1
      RXraw: 55aa00bdfeff000000000100000000010100001258
[TCP] TX ack=00 bytes=20
      TXraw: aa5500bdfffe0000000001000000000101001258
[TCP] RX serial=A4 src=FE dst=00 code=00 reg=0x00000002 len=2 wlen=0
      RXraw: 55aa00a4fe00000000000000020000000200fb56
[TCP] TX ack=00 bytes=22
      TXraw: aa5500a400fe00000000000002000000020001110d57
[TCP] RX serial=95 src=FE dst=00 code=00 reg=0x00000016 len=8 wlen=0
      RXraw: 55aa0095fe000000000000001600000008000657
[TCP] TX ack=00 bytes=28
      TXraw: aa55009500fe0000000000001600000008004d36363000010000f057
[TCP] RX serial=3A src=FE dst=00 code=00 reg=0x14000000 len=88 wlen=0
      RXraw: 55aa003afe00000000000000000000145800f956
[TCP] TX ack=00 bytes=108
      TXraw: aa55003a00fe0000000000000000001458004e5354520405060708090a0b0c0d0e0f101112131415161718191a1b1c1d1e1f202122232425262728292a2b2c2d2e2f303132333435363738393a3b3c3d3e3f404142434445464748494a4b4c4d4e4f50515253545556572e67
[TCP] RX serial=16 src=FE dst=00 code=00 reg=0x00000006 len=1 wlen=0
      RXraw: 55aa0016fe000000000000000600000001007056
[TCP] TX ack=00 bytes=21
      TXraw: aa55001600fe000000000000060000000100017156
[TCP] RX serial=6E src=FE dst=01 code=00 reg=0x00000002 len=2 wlen=0
      RXraw: 55aa006efe01000000000000020000000200c656
[TCP] TX ack=01 bytes=20
      TXraw: aa55016e01fe000000000000020000000200c756
[TCP] RX serial=01 src=FE dst=00 code=00 reg=0x05000000 len=4 wlen=0
      RXraw: 55aa0001fe000000000000000000000504005d56
[TCP] TX ack=00 bytes=24
      TXraw: aa55000100fe000000000000000000050400000000005d56
[TCP] RX serial=02 src=FE dst=00 code=00 reg=0x00000000 len=2 wlen=0
      RXraw: 55aa0002fe000000000000000000000002005756
[TCP] TX ack=00 bytes=22
      TXraw: aa55000200fe00000000000000000000020000005756
[TCP] RX serial=03 src=FE dst=00 code=00 reg=0x05066000 len=256 wlen=0
      RXraw: 55aa0003fe00000000000000006006050001c256
[TCP] TX ack=00 bytes=276
      TXraw: aa55000300fe0000000000000060060500010000000000000000000000000000000000000000000000000000000000000000000000000000000000000000000000000000000000000000000000000000000000000000000000000000000000000000000000000000000000000000000000000000000000000000000000000000000000000000000000000000000000000000000000000000000000000000000000000000000000000000000000000000000000000000000000000000000000000000000000000000...
[TCP] RX serial=04 src=FE dst=00 code=00 reg=0x02100000 len=15 wlen=0
      RXraw: 55aa0004fe00000000000000000010020f007856
[TCP] TX ack=00 bytes=35
      TXraw: aa55000400fe000000000000000010020f000000000000000000000000000000007856
[TCP] RX serial=05 src=FE dst=00 code=00 reg=0x00000002 len=2 wlen=0
      RXraw: 55aa0005fe000000000000000200000002005c56
[TCP] TX ack=00 bytes=22
      TXraw: aa55000500fe00000000000002000000020001116e56
[TCP] RX serial=06 src=FE dst=00 code=00 reg=0x0200000B len=1 wlen=0
      RXraw: 55aa0006fe000000000000000b00000201006756
[TCP] TX ack=00 bytes=21
      TXraw: aa55000600fe0000000000000b0000020100006756
[TCP] RX serial=07 src=FE dst=00 code=00 reg=0x02000023 len=1 wlen=0
      RXraw: 55aa0007fe000000000000002300000201008056
[TCP] TX ack=00 bytes=21
      TXraw: aa55000700fe000000000000230000020100008056
[TCP] RX serial=08 src=FE dst=00 code=00 reg=0x03100109 len=1 wlen=0
      RXraw: 55aa0008fe000000000000000901100301007956
[TCP] TX ack=00 bytes=21
      TXraw: aa55000800fe000000000000090110030100007956
[TCP] RX serial=09 src=FE dst=00 code=00 reg=0x02000022 len=1 wlen=0
      RXraw: 55aa0009fe000000000000002200000201008156
[TCP] TX ack=00 bytes=21
      TXraw: aa55000900fe000000000000220000020100008156
[TCP] RX serial=0A src=FE dst=00 code=00 reg=0x05065000 len=10 wlen=0
      RXraw: 55aa000afe00000000000000005006050a00c256
[TCP] TX ack=00 bytes=30
      TXraw: aa55000a00fe000000000000005006050a0000000000000000000000c256
[TCP] RX serial=0B src=FE dst=00 code=00 reg=0x02200117 len=1 wlen=0
      RXraw: 55aa000bfe000000000000001701200201009956
[TCP] TX ack=00 bytes=21
      TXraw: aa55000b00fe000000000000170120020100009956
[TCP] RX serial=0C src=FE dst=00 code=00 reg=0x02000000 len=256 wlen=0
      RXraw: 55aa000cfe000000000000000000000200016256
[TCP] TX ack=00 bytes=276
      TXraw: aa55000c00fe0000000000000000000200010000000000000000000000000000000000000000000000000000000000000000000000000000000000000000000000000000000000000000000000000000000000000000000000000000000000000000000000000000000000000000000000000000000000000000000000000000000000000000000000000000000000000000000000000000000000000000000000000000000000000000000000000000000000000000000000000000000000000000000000000000...
[TCP] RX serial=0D src=FE dst=00 code=00 reg=0x02000100 len=256 wlen=0
      RXraw: 55aa000dfe000000000000000001000200016456
[TCP] TX ack=00 bytes=276
      TXraw: aa55000d00fe0000000000000001000200010000000000000000000000000000000000000000000000000000000000000000000000000000000000000000000000000000000000000000000000000000000000000000000000000000000000000000000000000000000000000000000000000000000000000000000000000000000000000000000000000000000000000000000000000000000000000000000000000000000000000000000000000000000000000000000000000000000000000000000000000000...
[TCP] RX serial=0E src=FE dst=00 code=00 reg=0x02020020 len=64 wlen=0
      RXraw: 55aa000efe00000000000000200002024000c556
[TCP] TX ack=00 bytes=84
      TXraw: aa55000e00fe00000000000020000202400000000000000000000000000000000000000000000000000000000000000000000000000000000000000000000000000000000000000000000000000000000000c556
[TCP] RX serial=F3 src=FE dst=00 code=00 reg=0x00000002 len=2 wlen=0
      RXraw: 55aa00f3fe000000000000000200000002004a57
[TCP] TX ack=00 bytes=22
      TXraw: aa5500f300fe00000000000002000000020001115c57
[TCP] RX serial=27 src=FE dst=00 code=00 reg=0x00000016 len=8 wlen=0
      RXraw: 55aa0027fe000000000000001600000008009856
[TCP] TX ack=00 bytes=28
      TXraw: aa55002700fe0000000000001600000008004d363630000100008257
[TCP] RX serial=C6 src=FE dst=00 code=00 reg=0x14000000 len=88 wlen=0
      RXraw: 55aa00c6fe000000000000000000001458008557
[TCP] TX ack=00 bytes=108
      TXraw: aa5500c600fe0000000000000000001458004e5354520405060708090a0b0c0d0e0f101112131415161718191a1b1c1d1e1f202122232425262728292a2b2c2d2e2f303132333435363738393a3b3c3d3e3f404142434445464748494a4b4c4d4e4f5051525354555657ba67
[TCP] RX serial=4C src=FE dst=00 code=00 reg=0x00000006 len=1 wlen=0
      RXraw: 55aa004cfe00000000000000060000000100a656
[TCP] TX ack=00 bytes=21
      TXraw: aa55004c00fe00000000000006000000010001a756
[TCP] RX serial=1E src=FE dst=01 code=00 reg=0x00000002 len=2 wlen=0
      RXraw: 55aa001efe010000000000000200000002007656
[TCP] TX ack=01 bytes=20
      TXraw: aa55011e01fe0000000000000200000002007756
[TCP] RX serial=0F src=FE dst=00 code=00 reg=0x0200000B len=1 wlen=0
      RXraw: 55aa000ffe000000000000000b00000201007056
[TCP] TX ack=00 bytes=21
      TXraw: aa55000f00fe0000000000000b0000020100007056
[TCP] RX serial=10 src=FE dst=00 code=00 reg=0x08000000 len=256 wlen=0
      RXraw: 55aa0010fe000000000000000000000800016c56
[TCP] TX ack=00 bytes=276
      TXraw: aa55001000fe0000000000000000000800010000000000000000000000000000000000000000000000000000000000000000000000000000000000000000000000000000000000000000000000000000000000000000000000000000000000000000000000000000000000000000000000000000000000000000000000000000000000000000000000000000000000000000000000000000000000000000000000000000000000000000000000000000000000000000000000000000000000000000000000000000...
[TCP] RX serial=11 src=FE dst=00 code=00 reg=0x0200009D len=1 wlen=0
      RXraw: 55aa0011fe000000000000009d00000201000457
[TCP] TX ack=00 bytes=21
      TXraw: aa55001100fe0000000000009d0000020100000457
[TCP] RX serial=12 src=FE dst=00 code=00 reg=0x02000023 len=1 wlen=0
      RXraw: 55aa0012fe000000000000002300000201008b56
[TCP] TX ack=00 bytes=21
      TXraw: aa55001200fe000000000000230000020100008b56
[TCP] RX serial=13 src=FE dst=00 code=00 reg=0x0200009D len=1 wlen=0
      RXraw: 55aa0013fe000000000000009d00000201000657
[TCP] TX ack=00 bytes=21
      TXraw: aa55001300fe0000000000009d0000020100000657
[TCP] RX serial=14 src=FE dst=00 code=00 reg=0x0200004B len=1 wlen=0
      RXraw: 55aa0014fe000000000000004b0000020100b556
[TCP] TX ack=00 bytes=21
      TXraw: aa55001400fe0000000000004b000002010000b556
[TCP] RX serial=15 src=FE dst=00 code=00 reg=0x03100109 len=1 wlen=0
      RXraw: 55aa0015fe000000000000000901100301008656
[TCP] TX ack=00 bytes=21
      TXraw: aa55001500fe000000000000090110030100008656
[TCP] RX serial=16 src=FE dst=00 code=00 reg=0x02000022 len=1 wlen=0
      RXraw: 55aa0016fe000000000000002200000201008e56
[TCP] TX ack=00 bytes=21
      TXraw: aa55001600fe000000000000220000020100008e56
[TCP] RX serial=AF src=FE dst=00 code=00 reg=0x00000002 len=2 wlen=0
      RXraw: 55aa00affe000000000000000200000002000657
[TCP] TX ack=00 bytes=22
      TXraw: aa5500af00fe00000000000002000000020001111857
[TCP] RX serial=3D src=FE dst=00 code=00 reg=0x00000016 len=8 wlen=0
      RXraw: 55aa003dfe00000000000000160000000800ae56
[TCP] TX ack=00 bytes=28
      TXraw: aa55003d00fe0000000000001600000008004d363630000100009857
[TCP] RX serial=87 src=FE dst=00 code=00 reg=0x14000000 len=88 wlen=0
      RXraw: 55aa0087fe000000000000000000001458004657
[TCP] TX ack=00 bytes=108
      TXraw: aa55008700fe0000000000000000001458004e5354520405060708090a0b0c0d0e0f101112131415161718191a1b1c1d1e1f202122232425262728292a2b2c2d2e2f303132333435363738393a3b3c3d3e3f404142434445464748494a4b4c4d4e4f50515253545556577b67
[TCP] RX serial=B4 src=FE dst=00 code=00 reg=0x00000006 len=1 wlen=0
      RXraw: 55aa00b4fe000000000000000600000001000e57
[TCP] TX ack=00 bytes=21
      TXraw: aa5500b400fe000000000000060000000100010f57
[TCP] RX serial=52 src=FE dst=01 code=00 reg=0x00000002 len=2 wlen=0
      RXraw: 55aa0052fe01000000000000020000000200aa56
[TCP] TX ack=01 bytes=20
      TXraw: aa55015201fe000000000000020000000200ab56
[TCP] RX serial=17 src=FE dst=00 code=00 reg=0x05000000 len=4 wlen=0
      RXraw: 55aa0017fe000000000000000000000504007356
[TCP] TX ack=00 bytes=24
      TXraw: aa55001700fe000000000000000000050400000000007356
[TCP] RX serial=18 src=FE dst=00 code=00 reg=0x02100000 len=15 wlen=0
      RXraw: 55aa0018fe00000000000000000010020f008c56
[TCP] TX ack=00 bytes=35
      TXraw: aa55001800fe000000000000000010020f000000000000000000000000000000008c56
[TCP] RX serial=19 src=FE dst=00 code=00 reg=0x05065000 len=10 wlen=0
      RXraw: 55aa0019fe00000000000000005006050a00d156
[TCP] TX ack=00 bytes=30
      TXraw: aa55001900fe000000000000005006050a0000000000000000000000d156
[TCP] RX serial=1A src=FE dst=00 code=00 reg=0x00000016 len=8 wlen=0
      RXraw: 55aa001afe000000000000001600000008008b56
[TCP] TX ack=00 bytes=28
      TXraw: aa55001a00fe0000000000001600000008004d363630000100007557
[TCP] RX serial=1B src=FE dst=00 code=00 reg=0x02000000 len=256 wlen=0
      RXraw: 55aa001bfe000000000000000000000200017156
[TCP] TX ack=00 bytes=276
      TXraw: aa55001b00fe0000000000000000000200010000000000000000000000000000000000000000000000000000000000000000000000000000000000000000000000000000000000000000000000000000000000000000000000000000000000000000000000000000000000000000000000000000000000000000000000000000000000000000000000000000000000000000000000000000000000000000000000000000000000000000000000000000000000000000000000000000000000000000000000000000...
[TCP] RX serial=1C src=FE dst=00 code=00 reg=0x02000100 len=256 wlen=0
      RXraw: 55aa001cfe000000000000000001000200017356
[TCP] TX ack=00 bytes=276
      TXraw: aa55001c00fe0000000000000001000200010000000000000000000000000000000000000000000000000000000000000000000000000000000000000000000000000000000000000000000000000000000000000000000000000000000000000000000000000000000000000000000000000000000000000000000000000000000000000000000000000000000000000000000000000000000000000000000000000000000000000000000000000000000000000000000000000000000000000000000000000000...
[TCP] RX serial=1D src=FE dst=FF code=01 reg=0x02000011 len=6 wlen=6
      RXraw: 55aa001dfeff000000000100110000020600260304020332ed57
[TCP] TX ack=00 bytes=20
      TXraw: aa55001dfffe0000000001001100000206008957
[TCP] RX serial=1E src=FE dst=00 code=00 reg=0x05000000 len=4 wlen=0
      RXraw: 55aa001efe000000000000000000000504007a56
[TCP] TX ack=00 bytes=24
      TXraw: aa55001e00fe000000000000000000050400000000007a56
[TCP] RX serial=1F src=FE dst=00 code=00 reg=0x02100000 len=15 wlen=0
      RXraw: 55aa001ffe00000000000000000010020f009356
[TCP] TX ack=00 bytes=35
      TXraw: aa55001f00fe000000000000000010020f000000000000000000000000000000009356
[TCP] RX serial=20 src=FE dst=00 code=00 reg=0x05065000 len=10 wlen=0
      RXraw: 55aa0020fe00000000000000005006050a00d856
[TCP] TX ack=00 bytes=30
      TXraw: aa55002000fe000000000000005006050a0000000000000000000000d856
[TCP] RX serial=21 src=FE dst=00 code=00 reg=0x00000016 len=8 wlen=0
      RXraw: 55aa0021fe000000000000001600000008009256
[TCP] TX ack=00 bytes=28
      TXraw: aa55002100fe0000000000001600000008004d363630000100007c57
[TCP] RX serial=22 src=FE dst=00 code=00 reg=0x02000000 len=256 wlen=0
      RXraw: 55aa0022fe000000000000000000000200017856
[TCP] TX ack=00 bytes=276
      TXraw: aa55002200fe0000000000000000000200010000000000000000000000000000000000000000000000000000000000000000000000000000000000000000000000000000000000000000000000000000000000000000000000000000000000000000000000000000000000000000000000000000000000000000000000000000000000000000000000000000000000000000000000000000000000000000000000000000000000000000000000000000000000000000000000000000000000000000000000000000...
[TCP] RX serial=23 src=FE dst=00 code=00 reg=0x02000100 len=256 wlen=0
      RXraw: 55aa0023fe000000000000000001000200017a56
[TCP] TX ack=00 bytes=276
      TXraw: aa55002300fe0000000000000001000200010000000000000000000000000000000000000000000000000000000000000000000000000000000000000000000000000000000000000000000000000000000000000000000000000000000000000000000000000000000000000000000000000000000000000000000000000000000000000000000000000000000000000000000000000000000000000000000000000000000000000000000000000000000000000000000000000000000000000000000000000000...
[TCP] RX serial=24 src=FE dst=FF code=01 reg=0x02000011 len=6 wlen=6
      RXraw: 55aa0024feff0000000001001100000206002603040203501258
[TCP] TX ack=00 bytes=20
      TXraw: aa550024fffe0000000001001100000206009057
[TCP] RX serial=E5 src=FE dst=00 code=00 reg=0x00000002 len=2 wlen=0
      RXraw: 55aa00e5fe000000000000000200000002003c57
[TCP] TX ack=00 bytes=22
      TXraw: aa5500e500fe00000000000002000000020001114e57
[TCP] RX serial=B6 src=FE dst=00 code=00 reg=0x00000016 len=8 wlen=0
      RXraw: 55aa00b6fe000000000000001600000008002757
[TCP] TX ack=00 bytes=28
      TXraw: aa5500b600fe0000000000001600000008004d363630000100001158
[TCP] RX serial=7F src=FE dst=00 code=00 reg=0x14000000 len=88 wlen=0
      RXraw: 55aa007ffe000000000000000000001458003e57
[TCP] TX ack=00 bytes=108
      TXraw: aa55007f00fe0000000000000000001458004e5354520405060708090a0b0c0d0e0f101112131415161718191a1b1c1d1e1f202122232425262728292a2b2c2d2e2f303132333435363738393a3b3c3d3e3f404142434445464748494a4b4c4d4e4f50515253545556577367
[TCP] RX serial=40 src=FE dst=00 code=00 reg=0x00000006 len=1 wlen=0
      RXraw: 55aa0040fe000000000000000600000001009a56
[TCP] TX ack=00 bytes=21
      TXraw: aa55004000fe000000000000060000000100019b56
[TCP] RX serial=5D src=FE dst=01 code=00 reg=0x00000002 len=2 wlen=0
      RXraw: 55aa005dfe01000000000000020000000200b556
[TCP] TX ack=01 bytes=20
      TXraw: aa55015d01fe000000000000020000000200b656
[TCP] RX serial=25 src=FE dst=00 code=00 reg=0x05000000 len=4 wlen=0
      RXraw: 55aa0025fe000000000000000000000504008156
[TCP] TX ack=00 bytes=24
      TXraw: aa55002500fe000000000000000000050400000000008156
[TCP] RX serial=26 src=FE dst=00 code=00 reg=0x02100000 len=15 wlen=0
      RXraw: 55aa0026fe00000000000000000010020f009a56
[TCP] TX ack=00 bytes=35
      TXraw: aa55002600fe000000000000000010020f000000000000000000000000000000009a56
[TCP] RX serial=27 src=FE dst=00 code=00 reg=0x05065000 len=10 wlen=0
      RXraw: 55aa0027fe00000000000000005006050a00df56
[TCP] TX ack=00 bytes=30
      TXraw: aa55002700fe000000000000005006050a0000000000000000000000df56
[TCP] RX serial=28 src=FE dst=00 code=00 reg=0x00000016 len=8 wlen=0
      RXraw: 55aa0028fe000000000000001600000008009956
[TCP] TX ack=00 bytes=28
      TXraw: aa55002800fe0000000000001600000008004d363630000100008357
[TCP] RX serial=29 src=FE dst=00 code=00 reg=0x02000000 len=256 wlen=0
      RXraw: 55aa0029fe000000000000000000000200017f56
[TCP] TX ack=00 bytes=276
      TXraw: aa55002900fe0000000000000000000200010000000000000000000000000000000000000000000000000000000000000000000000000000000000000000000000000000000000000000000000000000000000000000000000000000000000000000000000000000000000000000000000000000000000000000000000000000000000000000000000000000000000000000000000000000000000000000000000000000000000000000000000000000000000000000000000000000000000000000000000000000...
[TCP] RX serial=2A src=FE dst=00 code=00 reg=0x02000100 len=256 wlen=0
      RXraw: 55aa002afe000000000000000001000200018156
[TCP] TX ack=00 bytes=276
      TXraw: aa55002a00fe0000000000000001000200010000000000000000000000000000000000000000000000000000000000000000000000000000000000000000000000000000000000000000000000000000000000000000000000000000000000000000000000000000000000000000000000000000000000000000000000000000000000000000000000000000000000000000000000000000000000000000000000000000000000000000000000000000000000000000000000000000000000000000000000000000...
[TCP] RX serial=2B src=FE dst=FF code=01 reg=0x02000011 len=6 wlen=6
      RXraw: 55aa002bfeff000000000100110000020600260304020410da57
[TCP] TX ack=00 bytes=20
      TXraw: aa55002bfffe0000000001001100000206009757
[TCP] RX serial=2C src=FE dst=FF code=01 reg=0x02000018 len=1 wlen=1
      RXraw: 55aa002cfeff000000000100180000020100009a57
[TCP] TX ack=00 bytes=20
      TXraw: aa55002cfffe0000000001001800000201009a57
[TCP] RX serial=2D src=FE dst=FF code=01 reg=0x02000019 len=1 wlen=1
      RXraw: 55aa002dfeff000000000100190000020100009c57
[TCP] TX ack=00 bytes=20
      TXraw: aa55002dfffe0000000001001900000201009c57
[TCP] RX serial=2E src=FE dst=FF code=01 reg=0x0200001A len=1 wlen=1
      RXraw: 55aa002efeff0000000001001a0000020100009e57
[TCP] TX ack=00 bytes=20
      TXraw: aa55002efffe0000000001001a00000201009e57
[TCP] RX serial=2F src=FE dst=FF code=01 reg=0x0200001B len=1 wlen=1
      RXraw: 55aa002ffeff0000000001001b000002010000a057
[TCP] TX ack=00 bytes=20
      TXraw: aa55002ffffe0000000001001b0000020100a057
[TCP] RX serial=30 src=FE dst=00 code=00 reg=0x02020020 len=64 wlen=0
      RXraw: 55aa0030fe00000000000000200002024000e756
[TCP] TX ack=00 bytes=84
      TXraw: aa55003000fe00000000000020000202400000000000000000000000000000000000000000000000000000000000000000000000000000000000000000000000000000000000000000000000000000000000e756
[TCP] RX serial=31 src=FE dst=00 code=00 reg=0x05000000 len=4 wlen=0
      RXraw: 55aa0031fe000000000000000000000504008d56
[TCP] TX ack=00 bytes=24
      TXraw: aa55003100fe000000000000000000050400000000008d56
[TCP] RX serial=32 src=FE dst=00 code=00 reg=0x02100000 len=15 wlen=0
      RXraw: 55aa0032fe00000000000000000010020f00a656
[TCP] TX ack=00 bytes=35
      TXraw: aa55003200fe000000000000000010020f00000000000000000000000000000000a656
[TCP] RX serial=33 src=FE dst=00 code=01 reg=0x02000018 len=1 wlen=1
      RXraw: 55aa0033fe0000000000010018000002010000a256
[TCP] TX ack=00 bytes=20
      TXraw: aa55003300fe000000000100180000020100a256
[TCP] RX serial=34 src=FE dst=00 code=00 reg=0x05065000 len=10 wlen=0
      RXraw: 55aa0034fe00000000000000005006050a00ec56
[TCP] TX ack=00 bytes=30
      TXraw: aa55003400fe000000000000005006050a0000000000000000000000ec56
[TCP] RX serial=35 src=FE dst=00 code=01 reg=0x0200001A len=1 wlen=1
      RXraw: 55aa0035fe000000000001001a000002010000a656
[TCP] TX ack=00 bytes=20
      TXraw: aa55003500fe0000000001001a0000020100a656
[TCP] RX serial=36 src=FE dst=00 code=00 reg=0x00000016 len=8 wlen=0
      RXraw: 55aa0036fe00000000000000160000000800a756
[TCP] TX ack=00 bytes=28
      TXraw: aa55003600fe0000000000001600000008004d363630000100009157
[TCP] RX serial=37 src=FE dst=00 code=00 reg=0x02000000 len=256 wlen=0
      RXraw: 55aa0037fe000000000000000000000200018d56
[TCP] TX ack=00 bytes=276
      TXraw: aa55003700fe0000000000000000000200010000000000000000000000000000000000000000000000000000000000000000000000000000000000000000000000000000000000000000000000000000000000000000000000000000000000000000000000000000000000000000000000000000000000000000000000000000000000000000000000000000000000000000000000000000000000000000000000000000000000000000000000000000000000000000000000000000000000000000000000000000...
[TCP] RX serial=38 src=FE dst=00 code=00 reg=0x02000100 len=256 wlen=0
      RXraw: 55aa0038fe000000000000000001000200018f56
[TCP] TX ack=00 bytes=276
      TXraw: aa55003800fe0000000000000001000200010000000000000000000000000000000000000000000000000000000000000000000000000000000000000000000000000000000000000000000000000000000000000000000000000000000000000000000000000000000000000000000000000000000000000000000000000000000000000000000000000000000000000000000000000000000000000000000000000000000000000000000000000000000000000000000000000000000000000000000000000000...
[TCP] RX serial=AB src=FE dst=00 code=00 reg=0x00000002 len=2 wlen=0
      RXraw: 55aa00abfe000000000000000200000002000257
[TCP] TX ack=00 bytes=22
      TXraw: aa5500ab00fe00000000000002000000020001111457
[TCP] RX serial=19 src=FE dst=00 code=00 reg=0x00000016 len=8 wlen=0
      RXraw: 55aa0019fe000000000000001600000008008a56
[TCP] TX ack=00 bytes=28
      TXraw: aa55001900fe0000000000001600000008004d363630000100007457
[TCP] RX serial=50 src=FE dst=00 code=00 reg=0x14000000 len=88 wlen=0
      RXraw: 55aa0050fe000000000000000000001458000f57
[TCP] TX ack=00 bytes=108
      TXraw: aa55005000fe0000000000000000001458004e5354520405060708090a0b0c0d0e0f101112131415161718191a1b1c1d1e1f202122232425262728292a2b2c2d2e2f303132333435363738393a3b3c3d3e3f404142434445464748494a4b4c4d4e4f50515253545556574467
[TCP] RX serial=6E src=FE dst=00 code=00 reg=0x00000006 len=1 wlen=0
      RXraw: 55aa006efe00000000000000060000000100c856
[TCP] TX ack=00 bytes=21
      TXraw: aa55006e00fe00000000000006000000010001c956
[TCP] RX serial=DC src=FE dst=01 code=00 reg=0x00000002 len=2 wlen=0
      RXraw: 55aa00dcfe010000000000000200000002003457
[TCP] TX ack=01 bytes=20
      TXraw: aa5501dc01fe0000000000000200000002003557
[TCP] RX serial=39 src=FE dst=FF code=01 reg=0x02000011 len=6 wlen=6
      RXraw: 55aa0039feff0000000001001100000206002603040204340c58
[TCP] TX ack=00 bytes=20
      TXraw: aa550039fffe000000000100110000020600a557
[TCP] RX serial=3A src=FE dst=00 code=00 reg=0x05000000 len=4 wlen=0
      RXraw: 55aa003afe000000000000000000000504009656
[TCP] TX ack=00 bytes=24
      TXraw: aa55003a00fe000000000000000000050400000000009656
[TCP] RX serial=3B src=FE dst=00 code=00 reg=0x02100000 len=15 wlen=0
      RXraw: 55aa003bfe00000000000000000010020f00af56
[TCP] TX ack=00 bytes=35
      TXraw: aa55003b00fe000000000000000010020f00000000000000000000000000000000af56
[TCP] RX serial=3C src=FE dst=00 code=00 reg=0x05065000 len=10 wlen=0
      RXraw: 55aa003cfe00000000000000005006050a00f456
[TCP] TX ack=00 bytes=30
      TXraw: aa55003c00fe000000000000005006050a0000000000000000000000f456
[TCP] RX serial=3D src=FE dst=00 code=00 reg=0x00000016 len=8 wlen=0
      RXraw: 55aa003dfe00000000000000160000000800ae56
[TCP] TX ack=00 bytes=28
      TXraw: aa55003d00fe0000000000001600000008004d363630000100009857
[TCP] RX serial=3E src=FE dst=00 code=00 reg=0x02000000 len=256 wlen=0
      RXraw: 55aa003efe000000000000000000000200019456
[TCP] TX ack=00 bytes=276
      TXraw: aa55003e00fe0000000000000000000200010000000000000000000000000000000000000000000000000000000000000000000000000000000000000000000000000000000000000000000000000000000000000000000000000000000000000000000000000000000000000000000000000000000000000000000000000000000000000000000000000000000000000000000000000000000000000000000000000000000000000000000000000000000000000000000000000000000000000000000000000000...
[TCP] RX serial=3F src=FE dst=00 code=00 reg=0x02000100 len=256 wlen=0
      RXraw: 55aa003ffe000000000000000001000200019656
[TCP] TX ack=00 bytes=276
      TXraw: aa55003f00fe0000000000000001000200010000000000000000000000000000000000000000000000000000000000000000000000000000000000000000000000000000000000000000000000000000000000000000000000000000000000000000000000000000000000000000000000000000000000000000000000000000000000000000000000000000000000000000000000000000000000000000000000000000000000000000000000000000000000000000000000000000000000000000000000000000...
[TCP] RX serial=40 src=FE dst=FF code=01 reg=0x02000011 len=6 wlen=6
      RXraw: 55aa0040feff0000000001001100000206002603040204502f58
[TCP] TX ack=00 bytes=20
      TXraw: aa550040fffe000000000100110000020600ac57
[TCP] RX serial=41 src=FE dst=00 code=00 reg=0x05000000 len=4 wlen=0
      RXraw: 55aa0041fe000000000000000000000504009d56
[TCP] TX ack=00 bytes=24
      TXraw: aa55004100fe000000000000000000050400000000009d56
[TCP] RX serial=42 src=FE dst=00 code=00 reg=0x02100000 len=15 wlen=0
      RXraw: 55aa0042fe00000000000000000010020f00b656
[TCP] TX ack=00 bytes=35
      TXraw: aa55004200fe000000000000000010020f00000000000000000000000000000000b656
[TCP] RX serial=43 src=FE dst=00 code=00 reg=0x05065000 len=10 wlen=0
      RXraw: 55aa0043fe00000000000000005006050a00fb56
[TCP] TX ack=00 bytes=30
      TXraw: aa55004300fe000000000000005006050a0000000000000000000000fb56
[TCP] RX serial=44 src=FE dst=00 code=00 reg=0x00000016 len=8 wlen=0
      RXraw: 55aa0044fe00000000000000160000000800b556
[TCP] TX ack=00 bytes=28
      TXraw: aa55004400fe0000000000001600000008004d363630000100009f57
[TCP] RX serial=45 src=FE dst=00 code=00 reg=0x02000000 len=256 wlen=0
      RXraw: 55aa0045fe000000000000000000000200019b56
[TCP] TX ack=00 bytes=276
      TXraw: aa55004500fe0000000000000000000200010000000000000000000000000000000000000000000000000000000000000000000000000000000000000000000000000000000000000000000000000000000000000000000000000000000000000000000000000000000000000000000000000000000000000000000000000000000000000000000000000000000000000000000000000000000000000000000000000000000000000000000000000000000000000000000000000000000000000000000000000000...
[TCP] RX serial=46 src=FE dst=00 code=00 reg=0x02000100 len=256 wlen=0
      RXraw: 55aa0046fe000000000000000001000200019d56
[TCP] TX ack=00 bytes=276
      TXraw: aa55004600fe0000000000000001000200010000000000000000000000000000000000000000000000000000000000000000000000000000000000000000000000000000000000000000000000000000000000000000000000000000000000000000000000000000000000000000000000000000000000000000000000000000000000000000000000000000000000000000000000000000000000000000000000000000000000000000000000000000000000000000000000000000000000000000000000000000...
[TCP] RX serial=50 src=FE dst=00 code=00 reg=0x00000002 len=2 wlen=0
      RXraw: 55aa0050fe00000000000000020000000200a756
[TCP] TX ack=00 bytes=22
      TXraw: aa55005000fe0000000000000200000002000111b956
[TCP] RX serial=3E src=FE dst=00 code=00 reg=0x00000016 len=8 wlen=0
      RXraw: 55aa003efe00000000000000160000000800af56
[TCP] TX ack=00 bytes=28
      TXraw: aa55003e00fe0000000000001600000008004d363630000100009957
[TCP] RX serial=60 src=FE dst=00 code=00 reg=0x14000000 len=88 wlen=0
      RXraw: 55aa0060fe000000000000000000001458001f57
[TCP] TX ack=00 bytes=108
      TXraw: aa55006000fe0000000000000000001458004e5354520405060708090a0b0c0d0e0f101112131415161718191a1b1c1d1e1f202122232425262728292a2b2c2d2e2f303132333435363738393a3b3c3d3e3f404142434445464748494a4b4c4d4e4f50515253545556575467
[TCP] RX serial=30 src=FE dst=00 code=00 reg=0x00000006 len=1 wlen=0
      RXraw: 55aa0030fe000000000000000600000001008a56
[TCP] TX ack=00 bytes=21
      TXraw: aa55003000fe000000000000060000000100018b56
[TCP] RX serial=28 src=FE dst=01 code=00 reg=0x00000002 len=2 wlen=0
      RXraw: 55aa0028fe010000000000000200000002008056
[TCP] TX ack=01 bytes=20
      TXraw: aa55012801fe0000000000000200000002008156
[TCP] RX serial=47 src=FE dst=FF code=01 reg=0x02000011 len=6 wlen=6
      RXraw: 55aa0047feff000000000100110000020600260304020510f757
[TCP] TX ack=00 bytes=20
      TXraw: aa550047fffe000000000100110000020600b357
[TCP] RX serial=48 src=FE dst=00 code=00 reg=0x05000000 len=4 wlen=0
      RXraw: 55aa0048fe00000000000000000000050400a456
[TCP] TX ack=00 bytes=24
      TXraw: aa55004800fe00000000000000000005040000000000a456
[TCP] RX serial=49 src=FE dst=00 code=00 reg=0x02100000 len=15 wlen=0
      RXraw: 55aa0049fe00000000000000000010020f00bd56
[TCP] TX ack=00 bytes=35
      TXraw: aa55004900fe000000000000000010020f00000000000000000000000000000000bd56
[TCP] RX serial=4A src=FE dst=00 code=00 reg=0x05065000 len=10 wlen=0
      RXraw: 55aa004afe00000000000000005006050a000257
[TCP] TX ack=00 bytes=30
      TXraw: aa55004a00fe000000000000005006050a00000000000000000000000257
[TCP] RX serial=4B src=FE dst=00 code=00 reg=0x00000016 len=8 wlen=0
      RXraw: 55aa004bfe00000000000000160000000800bc56
[TCP] TX ack=00 bytes=28
      TXraw: aa55004b00fe0000000000001600000008004d36363000010000a657
[TCP] RX serial=4C src=FE dst=00 code=00 reg=0x02000000 len=256 wlen=0
      RXraw: 55aa004cfe00000000000000000000020001a256
[TCP] TX ack=00 bytes=276
      TXraw: aa55004c00fe0000000000000000000200010000000000000000000000000000000000000000000000000000000000000000000000000000000000000000000000000000000000000000000000000000000000000000000000000000000000000000000000000000000000000000000000000000000000000000000000000000000000000000000000000000000000000000000000000000000000000000000000000000000000000000000000000000000000000000000000000000000000000000000000000000...
[TCP] RX serial=4D src=FE dst=00 code=00 reg=0x02000100 len=256 wlen=0
      RXraw: 55aa004dfe00000000000000000100020001a456
[TCP] TX ack=00 bytes=276
      TXraw: aa55004d00fe0000000000000001000200010000000000000000000000000000000000000000000000000000000000000000000000000000000000000000000000000000000000000000000000000000000000000000000000000000000000000000000000000000000000000000000000000000000000000000000000000000000000000000000000000000000000000000000000000000000000000000000000000000000000000000000000000000000000000000000000000000000000000000000000000000...
[TCP] RX serial=4E src=FE dst=FF code=01 reg=0x02000011 len=6 wlen=6
      RXraw: 55aa004efeff0000000001001100000206002603040205301e58
[TCP] TX ack=00 bytes=20
      TXraw: aa55004efffe000000000100110000020600ba57
[TCP] RX serial=4A src=FE dst=00 code=00 reg=0x00000002 len=2 wlen=0
      RXraw: 55aa004afe00000000000000020000000200a156
[TCP] TX ack=00 bytes=22
      TXraw: aa55004a00fe0000000000000200000002000111b356
[TCP] RX serial=41 src=FE dst=00 code=00 reg=0x00000016 len=8 wlen=0
      RXraw: 55aa0041fe00000000000000160000000800b256
[TCP] TX ack=00 bytes=28
      TXraw: aa55004100fe0000000000001600000008004d363630000100009c57
[TCP] RX serial=0F src=FE dst=00 code=00 reg=0x14000000 len=88 wlen=0
      RXraw: 55aa000ffe00000000000000000000145800ce56
[TCP] TX ack=00 bytes=108
      TXraw: aa55000f00fe0000000000000000001458004e5354520405060708090a0b0c0d0e0f101112131415161718191a1b1c1d1e1f202122232425262728292a2b2c2d2e2f303132333435363738393a3b3c3d3e3f404142434445464748494a4b4c4d4e4f50515253545556570367
[TCP] RX serial=CC src=FE dst=00 code=00 reg=0x00000006 len=1 wlen=0
      RXraw: 55aa00ccfe000000000000000600000001002657
[TCP] TX ack=00 bytes=21
      TXraw: aa5500cc00fe000000000000060000000100012757
[TCP] RX serial=DC src=FE dst=01 code=00 reg=0x00000002 len=2 wlen=0
      RXraw: 55aa00dcfe010000000000000200000002003457
[TCP] TX ack=01 bytes=20
      TXraw: aa5501dc01fe0000000000000200000002003557
[TCP] RX serial=4F src=FE dst=00 code=00 reg=0x05000000 len=4 wlen=0
      RXraw: 55aa004ffe00000000000000000000050400ab56
[TCP] TX ack=00 bytes=24
      TXraw: aa55004f00fe00000000000000000005040000000000ab56
[TCP] RX serial=50 src=FE dst=00 code=00 reg=0x02100000 len=15 wlen=0
      RXraw: 55aa0050fe00000000000000000010020f00c456
[TCP] TX ack=00 bytes=35
      TXraw: aa55005000fe000000000000000010020f00000000000000000000000000000000c456
[TCP] RX serial=51 src=FE dst=00 code=00 reg=0x05065000 len=10 wlen=0
      RXraw: 55aa0051fe00000000000000005006050a000957
[TCP] TX ack=00 bytes=30
      TXraw: 