[TCP] Listening on 0.0.0.0:5200 allowed_dst=[0, 1, 2, 3, 4, 5, 6, 7, 8, 9, 10, 11, 12, 13, 14, 15, 16, 17, 18, 19, 20, 21, 22, 23, 24, 25, 26, 27, 28, 29, 30, 31, 255]
[TCP] Conn from ('192.168.0.10', 9152)
[TCP] RX serial=F6 src=FE dst=FF code=01 reg=0x01000000 len=1
[TCP] TX ack=00 bytes=20
[TCP] RX serial=23 src=FE dst=00 code=00 reg=0x00000002 len=2
[TCP] TX ack=00 bytes=22
[TCP] RX serial=05 src=FE dst=00 code=00 reg=0x00000016 len=8
[TCP] TX ack=00 bytes=28
[TCP] RX serial=35 src=FE dst=00 code=00 reg=0x14000000 len=88
[TCP] TX ack=00 bytes=108
[TCP] RX serial=EE src=FE dst=00 code=00 reg=0x00000006 len=1
[TCP] TX ack=00 bytes=21
[TCP] RX serial=C4 src=FE dst=01 code=00 reg=0x00000002 len=2
[TCP] TX ack=01 bytes=20
[TCP] RX serial=01 src=FE dst=00 code=00 reg=0x05000000 len=4
[TCP] TX ack=00 bytes=24
[TCP] RX serial=02 src=FE dst=00 code=00 reg=0x00000000 len=2
[TCP] TX ack=00 bytes=22
[TCP] RX serial=03 src=FE dst=00 code=00 reg=0x05066000 len=256
[TCP] TX ack=00 bytes=276
[TCP] RX serial=04 src=FE dst=00 code=00 reg=0x02100000 len=15
[TCP] TX ack=00 bytes=35
[TCP] RX serial=05 src=FE dst=00 code=00 reg=0x00000002 len=2
[TCP] TX ack=00 bytes=22
[TCP] RX serial=06 src=FE dst=00 code=00 reg=0x0200000B len=1
[TCP] TX ack=00 bytes=21
[TCP] RX serial=07 src=FE dst=00 code=00 reg=0x05065000 len=10
[TCP] TX ack=00 bytes=30
[TCP] RX serial=08 src=FE dst=00 code=00 reg=0x02000023 len=1
[TCP] TX ack=00 bytes=21
[TCP] RX serial=09 src=FE dst=00 code=00 reg=0x03100109 len=1
[TCP] TX ack=00 bytes=21
[TCP] RX serial=0A src=FE dst=00 code=00 reg=0x02000022 len=1
[TCP] TX ack=00 bytes=21
[TCP] RX serial=0B src=FE dst=00 code=00 reg=0x05000000 len=4
[TCP] TX ack=00 bytes=24
[TCP] RX serial=0C src=FE dst=00 code=00 reg=0x02100000 len=15
[TCP] TX ack=00 bytes=35
[TCP] RX serial=0D src=FE dst=00 code=00 reg=0x05065000 len=10
[TCP] TX ack=00 bytes=30
[TCP] RX serial=0E src=FE dst=00 code=00 reg=0x00000016 len=8
[TCP] TX ack=00 bytes=28
[TCP] RX serial=0F src=FE dst=00 code=00 reg=0x02000000 len=256
[TCP] TX ack=00 bytes=276
[TCP] RX serial=10 src=FE dst=00 code=00 reg=0x02000100 len=256
[TCP] TX ack=00 bytes=276
[TCP] RX serial=11 src=FE dst=FF code=01 reg=0x02000011 len=6
[EMU] WRITE reg=0x02000011 dst=FF data=260308212814
[TCP] TX ack=00 bytes=20
[TCP] RX serial=12 src=FE dst=00 code=00 reg=0x02200117 len=1
[TCP] TX ack=00 bytes=21
[TCP] RX serial=13 src=FE dst=00 code=00 reg=0x02000000 len=256
[TCP] TX ack=00 bytes=276
[TCP] RX serial=14 src=FE dst=00 code=00 reg=0x02000100 len=256
[TCP] TX ack=00 bytes=276
[TCP] RX serial=15 src=FE dst=00 code=00 reg=0x02020020 len=64
[TCP] TX ack=00 bytes=84
[TCP] RX serial=16 src=FE dst=00 code=00 reg=0x0200000B len=1
[TCP] TX ack=00 bytes=21
[TCP] RX serial=17 src=FE dst=00 code=00 reg=0x08000000 len=256
[TCP] TX ack=00 bytes=276
[TCP] RX serial=18 src=FE dst=00 code=00 reg=0x0200009D len=1
[TCP] TX ack=00 bytes=21
[TCP] RX serial=19 src=FE dst=00 code=00 reg=0x02000023 len=1
[TCP] TX ack=00 bytes=21
[TCP] RX serial=1A src=FE dst=00 code=00 reg=0x0200004B len=1
[TCP] TX ack=00 bytes=21
[TCP] RX serial=1B src=FE dst=00 code=00 reg=0x0200009D len=1
[TCP] TX ack=00 bytes=21
[TCP] RX serial=1C src=FE dst=00 code=00 reg=0x03100109 len=1
[TCP] TX ack=00 bytes=21
[TCP] RX serial=1D src=FE dst=00 code=00 reg=0x02000022 len=1
[TCP] TX ack=00 bytes=21
[TCP] RX serial=1E src=FE dst=00 code=00 reg=0x05000000 len=4
[TCP] TX ack=00 bytes=24
[TCP] RX serial=1F src=FE dst=00 code=00 reg=0x02100000 len=15
[TCP] TX ack=00 bytes=35
[TCP] RX serial=20 src=FE dst=00 code=00 reg=0x05065000 len=10
[TCP] TX ack=00 bytes=30
[TCP] RX serial=21 src=FE dst=00 code=00 reg=0x00000016 len=8
[TCP] TX ack=00 bytes=28
[TCP] RX serial=22 src=FE dst=00 code=00 reg=0x02000000 len=256
[TCP] TX ack=00 bytes=276
[TCP] RX serial=23 src=FE dst=00 code=00 reg=0x02000100 len=256
[TCP] TX ack=00 bytes=276
[TCP] RX serial=24 src=FE dst=FF code=01 reg=0x02000011 len=6
[EMU] WRITE reg=0x02000011 dst=FF data=260308212833
[TCP] TX ack=00 bytes=20
[TCP] RX serial=E0 src=FE dst=00 code=00 reg=0x00000002 len=2
[TCP] TX ack=00 bytes=22
[TCP] RX serial=29 src=FE dst=00 code=00 reg=0x00000016 len=8
[TCP] TX ack=00 bytes=28
[TCP] RX serial=92 src=FE dst=00 code=00 reg=0x14000000 len=88
[TCP] TX ack=00 bytes=108
[TCP] RX serial=A2 src=FE dst=00 code=00 reg=0x00000006 len=1
[TCP] TX ack=00 bytes=21
[TCP] RX serial=40 src=FE dst=01 code=00 reg=0x00000002 len=2
[TCP] TX ack=01 bytes=20
[TCP] RX serial=25 src=FE dst=00 code=00 reg=0x05000000 len=4
[TCP] TX ack=00 bytes=24
[TCP] RX serial=26 src=FE dst=00 code=00 reg=0x02100000 len=15
[TCP] TX ack=00 bytes=35
[TCP] RX serial=27 src=FE dst=00 code=00 reg=0x05065000 len=10
[TCP] TX ack=00 bytes=30
[TCP] RX serial=28 src=FE dst=00 code=00 reg=0x00000016 len=8
[TCP] TX ack=00 bytes=28
[TCP] RX serial=29 src=FE dst=00 code=00 reg=0x02000000 len=256
[TCP] TX ack=00 bytes=276
[TCP] RX serial=2A src=FE dst=00 code=00 reg=0x02000100 len=256
[TCP] TX ack=00 bytes=276
[TCP] RX serial=2B src=FE dst=FF code=01 reg=0x02000011 len=6
[EMU] WRITE reg=0x02000011 dst=FF data=260308212853
[TCP] TX ack=00 bytes=20
[TCP] RX serial=2C src=FE dst=FF code=01 reg=0x02000018 len=1
[EMU] WRITE reg=0x02000018 dst=FF data=00
[EMU] Parameter commit received
[TCP] TX ack=00 bytes=20
[TCP] RX serial=2D src=FE dst=00 code=00 reg=0x0200009D len=1
[TCP] TX ack=00 bytes=21
[TCP] RX serial=C3 src=FE dst=00 code=00 reg=0x00000002 len=2
[TCP] TX ack=00 bytes=22
[TCP] RX serial=87 src=FE dst=00 code=00 reg=0x00000016 len=8
[TCP] TX ack=00 bytes=28
[TCP] RX serial=DE src=FE dst=00 code=00 reg=0x14000000 len=88
[TCP] TX ack=00 bytes=108
[TCP] RX serial=E7 src=FE dst=00 code=00 reg=0x00000006 len=1
[TCP] TX ack=00 bytes=21
[TCP] RX serial=9C src=FE dst=01 code=00 reg=0x00000002 len=2
[TCP] TX ack=00 bytes=22
[TCP] RX serial=1C src=FE dst=01 code=00 reg=0x00000016 len=8
[TCP] TX ack=01 bytes=20
[TCP] RX serial=BD src=FE dst=01 code=00 reg=0x14000000 len=88
[TCP] TX ack=01 bytes=20
[TCP] RX serial=46 src=FE dst=01 code=00 reg=0x00000006 len=1
[TCP] TX ack=01 bytes=20
[TCP] ERROR: [Errno 104] Connection reset by peer
