[TCP] Listening on 0.0.0.0:5200 allowed_dst=[0, 1, 2, 3, 4, 5, 6, 7, 8, 9, 10, 11, 12, 13, 14, 15, 255]
[TCP] Conn from ('192.168.0.10', 56240)
[TCP] RX serial=44 src=FE dst=FF code=01 reg=0x01000000 len=1 wlen=1
[TCP] RX serial=7C src=FE dst=00 code=00 reg=0x00000002 len=2 wlen=0
[TCP] RX serial=4B src=FE dst=00 code=00 reg=0x00000016 len=8 wlen=0
[TCP] RX serial=73 src=FE dst=00 code=00 reg=0x14000000 len=88 wlen=0
[TCP] RX serial=DC src=FE dst=00 code=00 reg=0x00000006 len=1 wlen=0
[TCP] RX serial=A9 src=FE dst=01 code=00 reg=0x00000002 len=2 wlen=0
[TCP] RX serial=E0 src=FE dst=01 code=00 reg=0x00000016 len=8 wlen=0
[TCP] RX serial=B9 src=FE dst=01 code=00 reg=0x14000000 len=88 wlen=0
[TCP] RX serial=D1 src=FE dst=01 code=00 reg=0x00000006 len=1 wlen=0
[TCP] RX serial=1D src=FE dst=02 code=00 reg=0x00000002 len=2 wlen=0
[TCP] RX serial=13 src=FE dst=02 code=00 reg=0x00000016 len=8 wlen=0
[TCP] RX serial=61 src=FE dst=02 code=00 reg=0x14000000 len=88 wlen=0
[TCP] RX serial=0D src=FE dst=02 code=00 reg=0x00000006 len=1 wlen=0
[TCP] RX serial=99 src=FE dst=03 code=00 reg=0x00000002 len=2 wlen=0
[TCP] RX serial=47 src=FE dst=03 code=00 reg=0x00000016 len=8 wlen=0
[TCP] RX serial=F2 src=FE dst=03 code=00 reg=0x14000000 len=88 wlen=0
[TCP] RX serial=F9 src=FE dst=03 code=00 reg=0x00000006 len=1 wlen=0
[TCP] RX serial=DD src=FE dst=04 code=00 reg=0x00000002 len=2 wlen=0
[TCP] RX serial=6D src=FE dst=04 code=00 reg=0x00000016 len=8 wlen=0
[TCP] RX serial=70 src=FE dst=04 code=00 reg=0x14000000 len=88 wlen=0
[TCP] RX serial=28 src=FE dst=04 code=00 reg=0x00000006 len=1 wlen=0
[TCP] RX serial=F8 src=FE dst=05 code=00 reg=0x00000002 len=2 wlen=0
[TCP] RX serial=0B src=FE dst=05 code=00 reg=0x00000016 len=8 wlen=0
[TCP] RX serial=58 src=FE dst=05 code=00 reg=0x14000000 len=88 wlen=0
[TCP] RX serial=19 src=FE dst=05 code=00 reg=0x00000006 len=1 wlen=0
[TCP] RX serial=75 src=FE dst=06 code=00 reg=0x00000002 len=2 wlen=0
[TCP] RX serial=B3 src=FE dst=06 code=00 reg=0x00000016 len=8 wlen=0
[TCP] RX serial=70 src=FE dst=06 code=00 reg=0x14000000 len=88 wlen=0
[TCP] RX serial=C5 src=FE dst=06 code=00 reg=0x00000006 len=1 wlen=0
[TCP] RX serial=99 src=FE dst=07 code=00 reg=0x00000002 len=2 wlen=0
[TCP] RX serial=98 src=FE dst=07 code=00 reg=0x00000016 len=8 wlen=0
[TCP] RX serial=AB src=FE dst=07 code=00 reg=0x14000000 len=88 wlen=0
[TCP] RX serial=48 src=FE dst=07 code=00 reg=0x00000006 len=1 wlen=0
[TCP] RX serial=2E src=FE dst=08 code=00 reg=0x00000002 len=2 wlen=0
[TCP] RX serial=90 src=FE dst=08 code=00 reg=0x00000016 len=8 wlen=0
[TCP] RX serial=8F src=FE dst=08 code=00 reg=0x14000000 len=88 wlen=0
[TCP] RX serial=84 src=FE dst=08 code=00 reg=0x00000006 len=1 wlen=0
[TCP] RX serial=C0 src=FE dst=09 code=00 reg=0x00000002 len=2 wlen=0
[TCP] RX serial=C4 src=FE dst=09 code=00 reg=0x00000016 len=8 wlen=0
[TCP] RX serial=64 src=FE dst=09 code=00 reg=0x14000000 len=88 wlen=0
[TCP] RX serial=61 src=FE dst=09 code=00 reg=0x00000006 len=1 wlen=0
[TCP] RX serial=35 src=FE dst=0A code=00 reg=0x00000002 len=2 wlen=0
[TCP] RX serial=32 src=FE dst=0A code=00 reg=0x00000016 len=8 wlen=0
[TCP] RX serial=E8 src=FE dst=0A code=00 reg=0x14000000 len=88 wlen=0
[TCP] RX serial=89 src=FE dst=0A code=00 reg=0x00000006 len=1 wlen=0
[TCP] RX serial=0D src=FE dst=0B code=00 reg=0x00000002 len=2 wlen=0
[TCP] RX serial=F5 src=FE dst=0B code=00 reg=0x00000016 len=8 wlen=0
[TCP] RX serial=7E src=FE dst=0B code=00 reg=0x14000000 len=88 wlen=0
[TCP] RX serial=AA src=FE dst=0B code=00 reg=0x00000006 len=1 wlen=0
[TCP] RX serial=17 src=FE dst=0C code=00 reg=0x00000002 len=2 wlen=0
[TCP] RX serial=70 src=FE dst=0C code=00 reg=0x00000016 len=8 wlen=0
[TCP] RX serial=A1 src=FE dst=0C code=00 reg=0x14000000 len=88 wlen=0
[TCP] RX serial=D1 src=FE dst=0C code=00 reg=0x00000006 len=1 wlen=0
[TCP] RX serial=D6 src=FE dst=0D code=00 reg=0x00000002 len=2 wlen=0
[TCP] RX serial=3D src=FE dst=0D code=00 reg=0x00000016 len=8 wlen=0
[TCP] RX serial=4B src=FE dst=0D code=00 reg=0x14000000 len=88 wlen=0
[TCP] RX serial=71 src=FE dst=0D code=00 reg=0x00000006 len=1 wlen=0
[TCP] RX serial=F2 src=FE dst=0E code=00 reg=0x00000002 len=2 wlen=0
[TCP] RX serial=5A src=FE dst=0E code=00 reg=0x00000016 len=8 wlen=0
[TCP] RX serial=66 src=FE dst=0E code=00 reg=0x14000000 len=88 wlen=0
[TCP] RX serial=F5 src=FE dst=0E code=00 reg=0x00000006 len=1 wlen=0
[TCP] RX serial=6F src=FE dst=0F code=00 reg=0x00000002 len=2 wlen=0
[TCP] RX serial=F2 src=FE dst=0F code=00 reg=0x00000016 len=8 wlen=0
[TCP] RX serial=37 src=FE dst=0F code=00 reg=0x14000000 len=88 wlen=0
[TCP] RX serial=83 src=FE dst=0F code=00 reg=0x00000006 len=1 wlen=0
[TCP] RX serial=67 src=FE dst=10 code=00 reg=0x00000002 len=2 wlen=0
[TCP] RX serial=01 src=FE dst=00 code=00 reg=0x05000000 len=4 wlen=0
[TCP] RX serial=02 src=FE dst=00 code=00 reg=0x00000000 len=2 wlen=0
[TCP] RX serial=03 src=FE dst=00 code=00 reg=0x05066000 len=256 wlen=0
[TCP] RX serial=04 src=FE dst=00 code=00 reg=0x02100000 len=15 wlen=0
[TCP] RX serial=05 src=FE dst=00 code=00 reg=0x00000002 len=2 wlen=0
[TCP] RX serial=06 src=FE dst=01 code=00 reg=0x05000000 len=4 wlen=0
[TCP] RX serial=07 src=FE dst=00 code=00 reg=0x0200000B len=1 wlen=0
[TCP] RX serial=08 src=FE dst=00 code=00 reg=0x02100000 len=15 wlen=0
[TCP] RX serial=09 src=FE dst=00 code=00 reg=0x02000023 len=1 wlen=0
[TCP] RX serial=0A src=FE dst=02 code=00 reg=0x05000000 len=4 wlen=0
[TCP] RX serial=0B src=FE dst=00 code=00 reg=0x03100109 len=1 wlen=0
[TCP] RX serial=0C src=FE dst=00 code=00 reg=0x02100000 len=15 wlen=0
[TCP] RX serial=0D src=FE dst=00 code=00 reg=0x02000022 len=1 wlen=0
[TCP] RX serial=0E src=FE dst=03 code=00 reg=0x05000000 len=4 wlen=0
[TCP] RX serial=0F src=FE dst=00 code=00 reg=0x02100000 len=15 wlen=0
[TCP] RX serial=10 src=FE dst=04 code=00 reg=0x05000000 len=4 wlen=0
[TCP] RX serial=11 src=FE dst=00 code=00 reg=0x02100000 len=15 wlen=0
[TCP] RX serial=12 src=FE dst=05 code=00 reg=0x05000000 len=4 wlen=0
[TCP] RX serial=13 src=FE dst=00 code=00 reg=0x02100000 len=15 wlen=0
[TCP] RX serial=14 src=FE dst=06 code=00 reg=0x05000000 len=4 wlen=0
[TCP] RX serial=15 src=FE dst=00 code=00 reg=0x02100000 len=15 wlen=0
[TCP] RX serial=16 src=FE dst=07 code=00 reg=0x05000000 len=4 wlen=0
[TCP] RX serial=17 src=FE dst=00 code=00 reg=0x02100000 len=15 wlen=0
[TCP] RX serial=18 src=FE dst=08 code=00 reg=0x05000000 len=4 wlen=0
[TCP] RX serial=19 src=FE dst=00 code=00 reg=0x02100000 len=15 wlen=0
[TCP] RX serial=1A src=FE dst=09 code=00 reg=0x05000000 len=4 wlen=0
[TCP] RX serial=1B src=FE dst=00 code=00 reg=0x02100000 len=15 wlen=0
[TCP] RX serial=1C src=FE dst=0A code=00 reg=0x05000000 len=4 wlen=0
[TCP] RX serial=1D src=FE dst=00 code=00 reg=0x02100000 len=15 wlen=0
[TCP] RX serial=1E src=FE dst=0B code=00 reg=0x05000000 len=4 wlen=0
[TCP] RX serial=1F src=FE dst=00 code=00 reg=0x02100000 len=15 wlen=0
[TCP] RX serial=20 src=FE dst=0C code=00 reg=0x05000000 len=4 wlen=0
[TCP] RX serial=21 src=FE dst=00 code=00 reg=0x02100000 len=15 wlen=0
[TCP] RX serial=22 src=FE dst=0D code=00 reg=0x05000000 len=4 wlen=0
[TCP] RX serial=23 src=FE dst=00 code=00 reg=0x02100000 len=15 wlen=0
[TCP] RX serial=24 src=FE dst=0E code=00 reg=0x05000000 len=4 wlen=0
[TCP] RX serial=25 src=FE dst=00 code=00 reg=0x02100000 len=15 wlen=0
[TCP] RX serial=26 src=FE dst=0F code=00 reg=0x05000000 len=4 wlen=0
[TCP] RX serial=27 src=FE dst=00 code=00 reg=0x02100000 len=15 wlen=0
[TCP] RX serial=28 src=FE dst=00 code=00 reg=0x05065000 len=10 wlen=0
[TCP] RX serial=29 src=FE dst=00 code=00 reg=0x05000000 len=4 wlen=0
[TCP] RX serial=2A src=FE dst=00 code=00 reg=0x02100000 len=15 wlen=0
[TCP] RX serial=2B src=FE dst=01 code=00 reg=0x05000000 len=4 wlen=0
[TCP] RX serial=2C src=FE dst=00 code=00 reg=0x02100000 len=15 wlen=0
[TCP] RX serial=2D src=FE dst=02 code=00 reg=0x05000000 len=4 wlen=0
[TCP] RX serial=2E src=FE dst=00 code=00 reg=0x02100000 len=15 wlen=0
[TCP] RX serial=2F src=FE dst=03 code=00 reg=0x05000000 len=4 wlen=0
[TCP] RX serial=30 src=FE dst=00 code=00 reg=0x02100000 len=15 wlen=0
[TCP] RX serial=31 src=FE dst=04 code=00 reg=0x05000000 len=4 wlen=0
[TCP] RX serial=32 src=FE dst=00 code=00 reg=0x02100000 len=15 wlen=0
[TCP] RX serial=33 src=FE dst=05 code=00 reg=0x05000000 len=4 wlen=0
[TCP] RX serial=34 src=FE dst=00 code=00 reg=0x02100000 len=15 wlen=0
[TCP] RX serial=35 src=FE dst=06 code=00 reg=0x05000000 len=4 wlen=0
[TCP] RX serial=36 src=FE dst=00 code=00 reg=0x02100000 len=15 wlen=0
[TCP] RX serial=37 src=FE dst=07 code=00 reg=0x05000000 len=4 wlen=0
[TCP] RX serial=38 src=FE dst=00 code=00 reg=0x02100000 len=15 wlen=0
[TCP] RX serial=39 src=FE dst=08 code=00 reg=0x05000000 len=4 wlen=0
[TCP] RX serial=3A src=FE dst=00 code=00 reg=0x02100000 len=15 wlen=0
[TCP] RX serial=3B src=FE dst=09 code=00 reg=0x05000000 len=4 wlen=0
[TCP] RX serial=3C src=FE dst=00 code=00 reg=0x02100000 len=15 wlen=0
[TCP] RX serial=3D src=FE dst=0A code=00 reg=0x05000000 len=4 wlen=0
[TCP] RX serial=3E src=FE dst=00 code=00 reg=0x02100000 len=15 wlen=0
[TCP] RX serial=3F src=FE dst=0B code=00 reg=0x05000000 len=4 wlen=0
[TCP] RX serial=40 src=FE dst=00 code=00 reg=0x02100000 len=15 wlen=0
[TCP] RX serial=41 src=FE dst=0C code=00 reg=0x05000000 len=4 wlen=0
[TCP] RX serial=42 src=FE dst=00 code=00 reg=0x02100000 len=15 wlen=0
[TCP] RX serial=43 src=FE dst=0D code=00 reg=0x05000000 len=4 wlen=0
[TCP] RX serial=44 src=FE dst=00 code=00 reg=0x02100000 len=15 wlen=0
[TCP] RX serial=45 src=FE dst=0E code=00 reg=0x05000000 len=4 wlen=0
[TCP] RX serial=46 src=FE dst=00 code=00 reg=0x02100000 len=15 wlen=0
[TCP] RX serial=47 src=FE dst=0F code=00 reg=0x05000000 len=4 wlen=0
[TCP] RX serial=48 src=FE dst=00 code=00 reg=0x02100000 len=15 wlen=0
[TCP] RX serial=49 src=FE dst=00 code=00 reg=0x05065000 len=10 wlen=0
[TCP] RX serial=4A src=FE dst=00 code=00 reg=0x00000016 len=8 wlen=0
[TCP] RX serial=4B src=FE dst=00 code=00 reg=0x02000000 len=256 wlen=0
[TCP] RX serial=4C src=FE dst=00 code=00 reg=0x02000100 len=256 wlen=0
[TCP] RX serial=4D src=FE dst=01 code=00 reg=0x02000000 len=256 wlen=0
[TCP] RX serial=4E src=FE dst=01 code=00 reg=0x02000100 len=256 wlen=0
[TCP] RX serial=4F src=FE dst=02 code=00 reg=0x02000000 len=256 wlen=0
[TCP] RX serial=50 src=FE dst=02 code=00 reg=0x02000100 len=256 wlen=0
[TCP] RX serial=51 src=FE dst=00 code=00 reg=0x02200117 len=1 wlen=0
[TCP] RX serial=52 src=FE dst=00 code=00 reg=0x02000000 len=256 wlen=0
[TCP] RX serial=53 src=FE dst=00 code=00 reg=0x02000100 len=256 wlen=0
[TCP] RX serial=54 src=FE dst=01 code=00 reg=0x02000000 len=256 wlen=0
[TCP] RX serial=55 src=FE dst=01 code=00 reg=0x02000100 len=256 wlen=0
[TCP] RX serial=56 src=FE dst=02 code=00 reg=0x02000000 len=256 wlen=0
[TCP] RX serial=57 src=FE dst=02 code=00 reg=0x02000100 len=256 wlen=0
[TCP] RX serial=58 src=FE dst=03 code=00 reg=0x02000000 len=256 wlen=0
[TCP] RX serial=59 src=FE dst=03 code=00 reg=0x02000100 len=256 wlen=0
[TCP] RX serial=5A src=FE dst=04 code=00 reg=0x02000000 len=256 wlen=0
[TCP] RX serial=5B src=FE dst=04 code=00 reg=0x02000100 len=256 wlen=0
[TCP] RX serial=5C src=FE dst=05 code=00 reg=0x02000000 len=256 wlen=0
[TCP] RX serial=5D src=FE dst=05 code=00 reg=0x02000100 len=256 wlen=0
[TCP] RX serial=5E src=FE dst=06 code=00 reg=0x02000000 len=256 wlen=0
[TCP] RX serial=5F src=FE dst=06 code=00 reg=0x02000100 len=256 wlen=0
[TCP] RX serial=60 src=FE dst=07 code=00 reg=0x02000000 len=256 wlen=0
[TCP] RX serial=61 src=FE dst=07 code=00 reg=0x02000100 len=256 wlen=0
[TCP] RX serial=62 src=FE dst=08 code=00 reg=0x02000000 len=256 wlen=0
[TCP] RX serial=63 src=FE dst=08 code=00 reg=0x02000100 len=256 wlen=0
[TCP] RX serial=64 src=FE dst=09 code=00 reg=0x02000000 len=256 wlen=0
[TCP] RX serial=65 src=FE dst=09 code=00 reg=0x02000100 len=256 wlen=0
[TCP] RX serial=66 src=FE dst=0A code=00 reg=0x02000000 len=256 wlen=0
[TCP] RX serial=67 src=FE dst=0A code=00 reg=0x02000100 len=256 wlen=0
[TCP] RX serial=68 src=FE dst=0B code=00 reg=0x02000000 len=256 wlen=0
[TCP] RX serial=69 src=FE dst=0B code=00 reg=0x02000100 len=256 wlen=0
[TCP] RX serial=6A src=FE dst=0C code=00 reg=0x02000000 len=256 wlen=0
[TCP] RX serial=6B src=FE dst=0C code=00 reg=0x02000100 len=256 wlen=0
[TCP] RX serial=6C src=FE dst=0D code=00 reg=0x02000000 len=256 wlen=0
[TCP] RX serial=6D src=FE dst=0D code=00 reg=0x02000100 len=256 wlen=0
[TCP] RX serial=6E src=FE dst=0E code=00 reg=0x02000000 len=256 wlen=0
[TCP] RX serial=6F src=FE dst=0E code=00 reg=0x02000100 len=256 wlen=0
[TCP] RX serial=70 src=FE dst=0F code=00 reg=0x02000000 len=256 wlen=0
[TCP] RX serial=71 src=FE dst=0F code=00 reg=0x02000100 len=256 wlen=0
[TCP] RX serial=72 src=FE dst=00 code=00 reg=0x02020020 len=64 wlen=0
[TCP] RX serial=73 src=FE dst=00 code=00 reg=0x0200000B len=1 wlen=0
[TCP] RX serial=74 src=FE dst=00 code=00 reg=0x08000000 len=256 wlen=0
[TCP] RX serial=75 src=FE dst=00 code=00 reg=0x0200009D len=1 wlen=0
[TCP] RX serial=76 src=FE dst=00 code=00 reg=0x02000023 len=1 wlen=0
[TCP] RX serial=77 src=FE dst=03 code=00 reg=0x02000000 len=256 wlen=0
[TCP] RX serial=78 src=FE dst=03 code=00 reg=0x02000100 len=256 wlen=0
[TCP] RX serial=79 src=FE dst=00 code=00 reg=0x0200009D len=1 wlen=0
[TCP] RX serial=7A src=FE dst=00 code=00 reg=0x0200004B len=1 wlen=0
[TCP] RX serial=7B src=FE dst=00 code=00 reg=0x03100109 len=1 wlen=0
[TCP] RX serial=7C src=FE dst=00 code=00 reg=0x02000022 len=1 wlen=0
[TCP] RX serial=7D src=FE dst=04 code=00 reg=0x02000000 len=256 wlen=0
[TCP] RX serial=7E src=FE dst=04 code=00 reg=0x02000100 len=256 wlen=0
[TCP] RX serial=7F src=FE dst=05 code=00 reg=0x02000000 len=256 wlen=0
[TCP] RX serial=80 src=FE dst=05 code=00 reg=0x02000100 len=256 wlen=0
[TCP] RX serial=81 src=FE dst=06 code=00 reg=0x02000000 len=256 wlen=0
[TCP] RX serial=82 src=FE dst=06 code=00 reg=0x02000100 len=256 wlen=0
[TCP] RX serial=83 src=FE dst=07 code=00 reg=0x02000000 len=256 wlen=0
[TCP] RX serial=84 src=FE dst=07 code=00 reg=0x02000100 len=256 wlen=0
[TCP] RX serial=85 src=FE dst=08 code=00 reg=0x02000000 len=256 wlen=0
[TCP] RX serial=86 src=FE dst=08 code=00 reg=0x02000100 len=256 wlen=0
[TCP] RX serial=18 src=FE dst=00 code=00 reg=0x00000002 len=2 wlen=0
[TCP] RX serial=DE src=FE dst=00 code=00 reg=0x00000016 len=8 wlen=0
[TCP] RX serial=09 src=FE dst=00 code=00 reg=0x14000000 len=88 wlen=0
[TCP] RX serial=B6 src=FE dst=00 code=00 reg=0x00000006 len=1 wlen=0
[TCP] RX serial=6D src=FE dst=01 code=00 reg=0x00000002 len=2 wlen=0
[TCP] RX serial=38 src=FE dst=01 code=00 reg=0x00000016 len=8 wlen=0
[TCP] RX serial=19 src=FE dst=01 code=00 reg=0x14000000 len=88 wlen=0
[TCP] RX serial=08 src=FE dst=01 code=00 reg=0x00000006 len=1 wlen=0
[TCP] RX serial=0F src=FE dst=02 code=00 reg=0x00000002 len=2 wlen=0
[TCP] RX serial=F2 src=FE dst=02 code=00 reg=0x00000016 len=8 wlen=0
[TCP] RX serial=C5 src=FE dst=02 code=00 reg=0x14000000 len=88 wlen=0
[TCP] RX serial=21 src=FE dst=02 code=00 reg=0x00000006 len=1 wlen=0
[TCP] RX serial=CD src=FE dst=03 code=00 reg=0x00000002 len=2 wlen=0
[TCP] RX serial=0B src=FE dst=03 code=00 reg=0x00000016 len=8 wlen=0
[TCP] RX serial=7E src=FE dst=03 code=00 reg=0x14000000 len=88 wlen=0
[TCP] RX serial=34 src=FE dst=03 code=00 reg=0x00000006 len=1 wlen=0
[TCP] RX serial=C5 src=FE dst=04 code=00 reg=0x00000002 len=2 wlen=0
[TCP] RX serial=AD src=FE dst=04 code=00 reg=0x00000016 len=8 wlen=0
[TCP] RX serial=29 src=FE dst=04 code=00 reg=0x14000000 len=88 wlen=0
[TCP] RX serial=F6 src=FE dst=04 code=00 reg=0x00000006 len=1 wlen=0
[TCP] RX serial=D9 src=FE dst=05 code=00 reg=0x00000002 len=2 wlen=0
[TCP] RX serial=71 src=FE dst=05 code=00 reg=0x00000016 len=8 wlen=0
[TCP] RX serial=EF src=FE dst=05 code=00 reg=0x14000000 len=88 wlen=0
[TCP] RX serial=45 src=FE dst=05 code=00 reg=0x00000006 len=1 wlen=0
[TCP] RX serial=1E src=FE dst=06 code=00 reg=0x00000002 len=2 wlen=0
[TCP] RX serial=90 src=FE dst=06 code=00 reg=0x00000016 len=8 wlen=0
[TCP] RX serial=66 src=FE dst=06 code=00 reg=0x14000000 len=88 wlen=0
[TCP] RX serial=5D src=FE dst=06 code=00 reg=0x00000006 len=1 wlen=0
[TCP] RX serial=6E src=FE dst=07 code=00 reg=0x00000002 len=2 wlen=0
[TCP] RX serial=F1 src=FE dst=07 code=00 reg=0x00000016 len=8 wlen=0
[TCP] RX serial=41 src=FE dst=07 code=00 reg=0x14000000 len=88 wlen=0
[TCP] RX serial=F9 src=FE dst=07 code=00 reg=0x00000006 len=1 wlen=0
