[TCP] Listening on 0.0.0.0:5200 allowed_dst=[0, 1, 255]
[TCP] Conn from ('192.168.0.10', 9387)
[TCP] RX serial=16 src=FE dst=FF dev=00 port=00 rcv=0000 code=01 reg=0x01000000 len=1
[TCP] TX ack=00 bytes=20
[TCP] RX serial=F6 src=FE dst=00 dev=00 port=00 rcv=0000 code=00 reg=0x00000002 len=2
[TCP] TX ack=00 bytes=22
[TCP] RX serial=D2 src=FE dst=00 dev=00 port=00 rcv=0000 code=00 reg=0x00000016 len=8
[TCP] TX ack=00 bytes=28
[TCP] RX serial=27 src=FE dst=00 dev=00 port=00 rcv=0000 code=00 reg=0x14000000 len=88
[TCP] TX ack=00 bytes=108
[TCP] RX serial=2F src=FE dst=00 dev=00 port=00 rcv=0000 code=00 reg=0x00000006 len=1
[TCP] TX ack=00 bytes=21
[TCP] RX serial=BB src=FE dst=01 dev=00 port=00 rcv=0000 code=00 reg=0x00000002 len=2
[TCP] TX ack=01 bytes=20
[TCP] RX serial=01 src=FE dst=00 dev=00 port=00 rcv=0000 code=00 reg=0x05000000 len=4
[EMU] RCFG READ reg=0x05000000 dev=00 port=00 rcv=0000 dst=00 data=00000000
[TCP] TX ack=00 bytes=24
[TCP] RX serial=02 src=FE dst=00 dev=00 port=00 rcv=0000 code=00 reg=0x00000000 len=2
[TCP] TX ack=00 bytes=22
[TCP] RX serial=03 src=FE dst=00 dev=00 port=00 rcv=0000 code=00 reg=0x05066000 len=256
[EMU] RCFG READ reg=0x05066000 dev=00 port=00 rcv=0000 dst=00 data=000000000000000000000000000000000000000000000000000000000000000000000000000000000000000000000000...
[TCP] TX ack=00 bytes=276
[TCP] RX serial=04 src=FE dst=00 dev=00 port=00 rcv=0000 code=00 reg=0x02100000 len=15
[EMU] RCFG READ reg=0x02100000 dev=00 port=00 rcv=0000 dst=00 data=000000000000000000000000000000
[TCP] TX ack=00 bytes=35
[TCP] RX serial=05 src=FE dst=00 dev=00 port=00 rcv=0000 code=00 reg=0x00000002 len=2
[TCP] TX ack=00 bytes=22
[TCP] RX serial=06 src=FE dst=00 dev=00 port=00 rcv=0000 code=00 reg=0x0200000B len=1
[EMU] VALIDATION READ reg=0x0200000B dev=00 port=00 rcv=0000 dst=00 data=00
[TCP] TX ack=00 bytes=21
[TCP] RX serial=07 src=FE dst=00 dev=00 port=00 rcv=0000 code=00 reg=0x05065000 len=10
[EMU] RCFG READ reg=0x05065000 dev=00 port=00 rcv=0000 dst=00 data=00000000000000000000
[TCP] TX ack=00 bytes=30
[TCP] RX serial=08 src=FE dst=00 dev=00 port=00 rcv=0000 code=00 reg=0x02000023 len=1
[EMU] VALIDATION READ reg=0x02000023 dev=00 port=00 rcv=0000 dst=00 data=00
[TCP] TX ack=00 bytes=21
[TCP] RX serial=09 src=FE dst=00 dev=00 port=00 rcv=0000 code=00 reg=0x03100109 len=1
[EMU] VALIDATION READ reg=0x03100109 dev=00 port=00 rcv=0000 dst=00 data=01
[TCP] TX ack=00 bytes=21
[TCP] RX serial=0A src=FE dst=00 dev=00 port=00 rcv=0000 code=00 reg=0x02000022 len=1
[EMU] VALIDATION READ reg=0x02000022 dev=00 port=00 rcv=0000 dst=00 data=00
[TCP] TX ack=00 bytes=21
[TCP] RX serial=0B src=FE dst=00 dev=00 port=00 rcv=0000 code=00 reg=0x05000000 len=4
[EMU] RCFG READ reg=0x05000000 dev=00 port=00 rcv=0000 dst=00 data=00000000
[TCP] TX ack=00 bytes=24
[TCP] RX serial=0C src=FE dst=00 dev=00 port=00 rcv=0000 code=00 reg=0x02100000 len=15
[EMU] RCFG READ reg=0x02100000 dev=00 port=00 rcv=0000 dst=00 data=000000000000000000000000000000
[TCP] TX ack=00 bytes=35
[TCP] RX serial=0D src=FE dst=00 dev=00 port=00 rcv=0000 code=00 reg=0x05065000 len=10
[EMU] RCFG READ reg=0x05065000 dev=00 port=00 rcv=0000 dst=00 data=00000000000000000000
[TCP] TX ack=00 bytes=30
[TCP] RX serial=0E src=FE dst=00 dev=00 port=00 rcv=0000 code=00 reg=0x00000016 len=8
[TCP] TX ack=00 bytes=28
[TCP] RX serial=0F src=FE dst=00 dev=00 port=00 rcv=0000 code=00 reg=0x02000000 len=256
[EMU] Rebuilding controller screen blocks from 0 cabinet entries
[EMU] ---- ROUTING_WRITES ----
[EMU] (none)
[EMU] ---- SCREEN_WRITES ----
[EMU] (none)
[EMU] ---- CABINETS ----
[EMU] (none)
[EMU] ---- RCFG_STATE ----
[EMU] (none)
[EMU] Screen blocks rebuilt for dev=00 port=00 entries=0
[EMU] 0x02000000 head=010100000020010100000000000000000000000000000000000000000000000000000000000000000000000000000000...
[EMU] 0x02000100 head=01a500000020010100000000000000000000000000000000000000000000000000000000000000000000000000000000...
[EMU] 0x02020020 head=010000000000000000000000000000000000000000000000000000000000000000000000000000000000000000000000...
[EMU] 0x08000000 head=000000000000000000000000000000000000000000000000000000000000000000000000000000000000000000000000...
[EMU_FULL] 0x02000000=01010000002001010000000000000000000000000000000000000000000000000000000000000000000000000000000000000000000000000000000000000000000000000000000000000000000000000000000000000000000000000000000000000000000000000000000000000000000000000000000000000000000000000000000000000000000000000000000000000000000000000000000000000000000000000000000000000000000000000000000000000000000000000000000000000000000000000000000000000000000000000000000000000000000000000000000000000000000000000000000000000000000000000000000000000000
[EMU_FULL] 0x02000100=01a50000002001010000000000000000000000000000000000000000000000000000000000000000000000000000000000000000000000000000000000000000000000000000000000000000000000000000000000000000000000000000000000000000000000000000000000000000000000000000000000000000000000000000000000000000000000000000000000000000000000000000000000000000000000000000000000000000000000000000000000000000000000000000000000000000000000000000000000000000000000000000000000000000000000000000000000000000000000000000000000000000000000000000000000000000
[EMU_FULL] 0x02020020=01000000000000000000000000000000000000000000000000000000000000000000000000000000000000000000000000000000000000000000000000000000
[EMU_FULL] 0x08000000=00000000000000000000000000000000000000000000000000000000000000000000000000000000000000000000000000000000000000000000000000000000000000000000000000000000000000000000000000000000000000000000000000000000000000000000000000000000000000000000000000000000000000000000000000000000000000000000000000000000000000000000000000000000000000000000000000000000000000000000000000000000000000000000000000000000000000000000000000000000000000000000000000000000000000000000000000000000000000000000000000000000000000000000000000000000
[EMU] READBACK reg=0x02000000 dev=00 port=00 rcv=0000 dst=00 data=010100000020010100000000000000000000000000000000000000000000000000000000000000000000000000000000...
[TCP] TX ack=00 bytes=276
[TCP] RX serial=10 src=FE dst=00 dev=00 port=00 rcv=0000 code=00 reg=0x02000100 len=256
[EMU] READBACK reg=0x02000100 dev=00 port=00 rcv=0000 dst=00 data=01a500000020010100000000000000000000000000000000000000000000000000000000000000000000000000000000...
[TCP] TX ack=00 bytes=276
[TCP] RX serial=11 src=FE dst=FF dev=00 port=00 rcv=0000 code=01 reg=0x02000011 len=6
[EMU] ROUTE CMD reg=0x02000011 dst=FF dev=00 port=00 rcv=0000 data=260312200345
[EMU] Rebuilding controller screen blocks from 1 cabinet entries
[EMU] ---- ROUTING_WRITES ----
[EMU] RAW[00] dev=00 port=00 rcv=0000 dst=FF data=260312200345
[EMU] ---- SCREEN_WRITES ----
[EMU] ROUTE[00] dev=00 port=00 rcv=0000 dst=FF group=26 a=03 b=12 c=20 x=03 y=45 word=0x0345 raw=260312200345
[EMU] ---- CABINETS ----
[EMU] CAB[00] tile=00 port=00 chain=00 cascade=00 lx=00 ly=00 group=26 c=20 route=0x0345
[EMU] ---- RCFG_STATE ----
[EMU] (none)
[EMU] Screen blocks rebuilt for dev=00 port=00 entries=1
[EMU] 0x02000000 head=010100000120010100000000000000000000000000262000000000000000000000000000000000000000000000000000...
[EMU] 0x02000100 head=01a500000120010100000000000000000000000003450345000000000000000000000000000000000000000000000000...
[EMU] 0x02020020 head=010000010000000003450001000000000000000000000000000000000000000000000000000000000000000000000000...
[EMU] 0x08000000 head=010000000000000000000000000000000000000000000000000000000000000000000000000000000000000000000000...
[EMU_FULL] 0x02000000=01010000012001010000000000000000000000000026200000000000000000000000000000000000000000000000000000000000000000000000000000000000000000000000000000000000000000000000000000000000000000000000000000000000000000000000000000000000000000000000000000000000000000000000000000000000000000000000000000000000000000000000000000000000000000000000000000000000000000000000000000000000000000000000000000000000000000000000000000000000000000000000000000000000000000000000000000000000000000000000000000000000000000000000000000000000
[EMU_FULL] 0x02000100=01a50000012001010000000000000000000000000345034500000000000000000000000000000000000000000000000000000000000000000000000000000000000000000000000000000000000000000000000000000000000000000000000000000000000000000000000000000000000000000000000000000000000000000000000000000000000000000000000000000000000000000000000000000000000000000000000000000000000000000000000000000000000000000000000000000000000000000000000000000000000000000000000000000000000000000000000000000000000000000000000000000000000000000000000000000000
[EMU_FULL] 0x02020020=01000001000000000345000100000000000000000000000000000000000000000000000000000000000000000000000000000000000000000000000000000000
[EMU_FULL] 0x08000000=01000000000000000000000000000000000000000000000000000000000000000000000000000000000000000000000000000000000000000000000000000000000000000000000000000000000000000000000000000000000000000000000000000000000000000000000000000000000000000000000000000000000000000000000000000000000000000000000000000000000000000000000000000000000000000000000000000000000000000000000000000000000000000000000000000000000000000000000000000000000000000000000000000000000000000000000000000000000000000000000000000000000000000000000000000000
[TCP] TX ack=00 bytes=20
[TCP] RX serial=12 src=FE dst=00 dev=00 port=00 rcv=0000 code=00 reg=0x02200117 len=1
[EMU] VALIDATION READ reg=0x02200117 dev=00 port=00 rcv=0000 dst=00 data=00
[TCP] TX ack=00 bytes=21
[TCP] RX serial=13 src=FE dst=00 dev=00 port=00 rcv=0000 code=00 reg=0x02000000 len=256
[EMU] READBACK reg=0x02000000 dev=00 port=00 rcv=0000 dst=00 data=010100000120010100000000000000000000000000262000000000000000000000000000000000000000000000000000...
[TCP] TX ack=00 bytes=276
[TCP] RX serial=14 src=FE dst=00 dev=00 port=00 rcv=0000 code=00 reg=0x02000100 len=256
[EMU] READBACK reg=0x02000100 dev=00 port=00 rcv=0000 dst=00 data=01a500000120010100000000000000000000000003450345000000000000000000000000000000000000000000000000...
[TCP] TX ack=00 bytes=276
[TCP] RX serial=15 src=FE dst=00 dev=00 port=00 rcv=0000 code=00 reg=0x02020020 len=64
[EMU] READBACK reg=0x02020020 dev=00 port=00 rcv=0000 dst=00 data=010000010000000003450001000000000000000000000000000000000000000000000000000000000000000000000000...
[TCP] TX ack=00 bytes=84
[TCP] RX serial=16 src=FE dst=00 dev=00 port=00 rcv=0000 code=00 reg=0x0200000B len=1
[EMU] VALIDATION READ reg=0x0200000B dev=00 port=00 rcv=0000 dst=00 data=01
[TCP] TX ack=00 bytes=21
[TCP] RX serial=17 src=FE dst=00 dev=00 port=00 rcv=0000 code=00 reg=0x08000000 len=256
[EMU] READBACK reg=0x08000000 dev=00 port=00 rcv=0000 dst=00 data=010000000000000000000000000000000000000000000000000000000000000000000000000000000000000000000000...
[TCP] TX ack=00 bytes=276
[TCP] RX serial=18 src=FE dst=00 dev=00 port=00 rcv=0000 code=00 reg=0x0200009D len=1
[EMU] VALIDATION READ reg=0x0200009D dev=00 port=00 rcv=0000 dst=00 data=00
[TCP] TX ack=00 bytes=21
[TCP] RX serial=19 src=FE dst=00 dev=00 port=00 rcv=0000 code=00 reg=0x02000023 len=1
[EMU] VALIDATION READ reg=0x02000023 dev=00 port=00 rcv=0000 dst=00 data=00
[TCP] TX ack=00 bytes=21
[TCP] RX serial=1A src=FE dst=00 dev=00 port=00 rcv=0000 code=00 reg=0x0200009D len=1
[EMU] VALIDATION READ reg=0x0200009D dev=00 port=00 rcv=0000 dst=00 data=00
[TCP] TX ack=00 bytes=21
[TCP] RX serial=1B src=FE dst=00 dev=00 port=00 rcv=0000 code=00 reg=0x03100109 len=1
[EMU] VALIDATION READ reg=0x03100109 dev=00 port=00 rcv=0000 dst=00 data=01
[TCP] TX ack=00 bytes=21
[TCP] RX serial=1C src=FE dst=00 dev=00 port=00 rcv=0000 code=00 reg=0x02000022 len=1
[EMU] VALIDATION READ reg=0x02000022 dev=00 port=00 rcv=0000 dst=00 data=01
[TCP] TX ack=00 bytes=21
[TCP] RX serial=1D src=FE dst=00 dev=00 port=00 rcv=0000 code=01 reg=0x05066000 len=256
[EMU] RCFG WRITE reg=0x05066000 dst=00 dev=00 port=00 rcv=0000 len=256
[EMU_FULL] RCFG_0x05066000=53535045ea0300000000000000000000000000000000000000000000000000000000000000000000000000000000000000000000000000000000000000000000000000000000000000000000000000000000000000000000000000000000000000000000000000000000000000000000000000000000000000000000000000000000000000000000000000000000000000000000000000000000000000000000000000000000000000000000000000000000000000000000000000000000000000000000000000000000000000000000000000000000000000000000000000000000000000000000000000000000000000000000000000000000000000000000
[TCP] TX ack=00 bytes=20
[TCP] RX serial=1E src=FE dst=00 dev=00 port=00 rcv=0000 code=00 reg=0x05000000 len=4
[EMU] RCFG READ reg=0x05000000 dev=00 port=00 rcv=0000 dst=00 data=00000000
[TCP] TX ack=00 bytes=24
[TCP] RX serial=DF src=FE dst=00 dev=00 port=00 rcv=0000 code=00 reg=0x00000002 len=2
[TCP] TX ack=00 bytes=22
[TCP] RX serial=1F src=FE dst=00 dev=00 port=00 rcv=0000 code=00 reg=0x05065000 len=10
[EMU] RCFG READ reg=0x05065000 dev=00 port=00 rcv=0000 dst=00 data=00000000000000000000
[TCP] TX ack=00 bytes=30
[TCP] Conn from ('192.168.0.10', 9405)
[TCP] RX serial=20 src=FE dst=00 dev=00 port=00 rcv=0000 code=00 reg=0x00000016 len=8
[TCP] TX ack=00 bytes=28
[TCP] RX serial=71 src=FE dst=00 dev=00 port=00 rcv=0000 code=00 reg=0x00000002 len=2
[TCP] TX ack=00 bytes=22
[TCP] RX serial=21 src=FE dst=00 dev=00 port=00 rcv=0000 code=00 reg=0x02000000 len=256
[EMU] READBACK reg=0x02000000 dev=00 port=00 rcv=0000 dst=00 data=010100000120010100000000000000000000000000262000000000000000000000000000000000000000000000000000...
[TCP] TX ack=00 bytes=276
[TCP] RX serial=22 src=FE dst=00 dev=00 port=00 rcv=0000 code=00 reg=0x02000100 len=256
[EMU] READBACK reg=0x02000100 dev=00 port=00 rcv=0000 dst=00 data=01a500000120010100000000000000000000000003450345000000000000000000000000000000000000000000000000...
[TCP] TX ack=00 bytes=276
[TCP] Conn from ('192.168.0.10', 9406)
[TCP] RX serial=23 src=FE dst=00 dev=00 port=00 rcv=0000 code=00 reg=0x0200009D len=1
[EMU] VALIDATION READ reg=0x0200009D dev=00 port=00 rcv=0000 dst=00 data=00
[TCP] TX ack=00 bytes=21
[TCP] RX serial=39 src=FE dst=00 dev=00 port=00 rcv=0000 code=00 reg=0x00000002 len=2
[TCP] TX ack=00 bytes=22
[TCP] RX serial=36 src=FE dst=00 dev=00 port=00 rcv=0000 code=00 reg=0x00000016 len=8
[TCP] TX ack=00 bytes=28
[TCP] RX serial=E3 src=FE dst=00 dev=00 port=00 rcv=0000 code=00 reg=0x14000000 len=88
[TCP] TX ack=00 bytes=108
[TCP] RX serial=35 src=FE dst=00 dev=00 port=00 rcv=0000 code=00 reg=0x00000006 len=1
[TCP] TX ack=00 bytes=21
[TCP] RX serial=DD src=FE dst=01 dev=00 port=00 rcv=0000 code=00 reg=0x00000002 len=2
[TCP] TX ack=01 bytes=20
[TCP] RX serial=24 src=FE dst=00 dev=00 port=00 rcv=0000 code=00 reg=0x05000000 len=4
[EMU] RCFG READ reg=0x05000000 dev=00 port=00 rcv=0000 dst=00 data=00000000
[TCP] TX ack=00 bytes=24
[TCP] RX serial=25 src=FE dst=00 dev=00 port=00 rcv=0000 code=00 reg=0x02100000 len=15
[EMU] RCFG READ reg=0x02100000 dev=00 port=00 rcv=0000 dst=00 data=000000000000000000000000000000
[TCP] TX ack=00 bytes=35
[TCP] RX serial=26 src=FE dst=00 dev=00 port=00 rcv=0000 code=00 reg=0x05065000 len=10
[EMU] RCFG READ reg=0x05065000 dev=00 port=00 rcv=0000 dst=00 data=00000000000000000000
[TCP] TX ack=00 bytes=30
[TCP] RX serial=27 src=FE dst=00 dev=00 port=00 rcv=0000 code=00 reg=0x00000016 len=8
[TCP] TX ack=00 bytes=28
[TCP] RX serial=28 src=FE dst=00 dev=00 port=00 rcv=0000 code=00 reg=0x02000000 len=256
[EMU] READBACK reg=0x02000000 dev=00 port=00 rcv=0000 dst=00 data=010100000120010100000000000000000000000000262000000000000000000000000000000000000000000000000000...
[TCP] TX ack=00 bytes=276
[TCP] RX serial=29 src=FE dst=00 dev=00 port=00 rcv=0000 code=00 reg=0x02000100 len=256
[EMU] READBACK reg=0x02000100 dev=00 port=00 rcv=0000 dst=00 data=01a500000120010100000000000000000000000003450345000000000000000000000000000000000000000000000000...
[TCP] TX ack=00 bytes=276
[TCP] RX serial=2A src=FE dst=FF dev=00 port=00 rcv=0000 code=01 reg=0x02000011 len=6
[EMU] ROUTE CMD reg=0x02000011 dst=FF dev=00 port=00 rcv=0000 data=260312200420
[EMU] Rebuilding controller screen blocks from 2 cabinet entries
[EMU] ---- ROUTING_WRITES ----
[EMU] RAW[00] dev=00 port=00 rcv=0000 dst=FF data=260312200345
[EMU] RAW[01] dev=00 port=00 rcv=0000 dst=FF data=260312200420
[EMU] ---- SCREEN_WRITES ----
[EMU] ROUTE[00] dev=00 port=00 rcv=0000 dst=FF group=26 a=03 b=12 c=20 x=03 y=45 word=0x0345 raw=260312200345
[EMU] ROUTE[01] dev=00 port=00 rcv=0000 dst=FF group=26 a=03 b=12 c=20 x=04 y=20 word=0x0420 raw=260312200420
[EMU] ---- CABINETS ----
[EMU] CAB[00] tile=00 port=00 chain=00 cascade=01 lx=01 ly=00 group=26 c=20 route=0x0420
[EMU] CAB[01] tile=01 port=00 chain=00 cascade=00 lx=00 ly=01 group=26 c=20 route=0x0345
[EMU] ---- RCFG_STATE ----
[EMU] RCFG dev=00 port=00 rcv=0000 dst=00 02100000=000000000000000000000000000000 05000000=00000000 05065000=00000000000000000000
[EMU] Screen blocks rebuilt for dev=00 port=00 entries=2
[EMU] 0x02000000 head=010100000220010100000000000000000100000100262000000100000126200000000000000000000000000000000000...
[EMU] 0x02000100 head=01a500000220010100000000000000000000000103450345000100000420042000000000000000000000000000000000...
[EMU] 0x02020020 head=010000020000000003450001042001010000000000000000000000000000000000000000000000000000000000000000...
[EMU] 0x08000000 head=010100000000000000000000000000000000000000000000000000000000000000000000000000000000000000000000...
[EMU_FULL] 0x02000000=01010000022001010000000000000000010000010026200000010000012620000000000000000000000000000000000000000000000000000000000000000000000000000000000000000000000000000000000000000000000000000000000000000000000000000000000000000000000000000000000000000000000000000000000000000000000000000000000000000000000000000000000000000000000000000000000000000000000000000000000000000000000000000000000000000000000000000000000000000000000000000000000000000000000000000000000000000000000000000000000000000000000000000000000000000000
[EMU_FULL] 0x02000100=01a50000022001010000000000000000000000010345034500010000042004200000000000000000000000000000000000000000000000000000000000000000000000000000000000000000000000000000000000000000000000000000000000000000000000000000000000000000000000000000000000000000000000000000000000000000000000000000000000000000000000000000000000000000000000000000000000000000000000000000000000000000000000000000000000000000000000000000000000000000000000000000000000000000000000000000000000000000000000000000000000000000000000000000000000000000
[EMU_FULL] 0x02020020=01000002000000000345000104200101000000000000000000000000000000000000000000000000000000000000000000000000000000000000000000000000
[EMU_FULL] 0x08000000=01010000000000000000000000000000000000000000000000000000000000000000000000000000000000000000000000000000000000000000000000000000000000000000000000000000000000000000000000000000000000000000000000000000000000000000000000000000000000000000000000000000000000000000000000000000000000000000000000000000000000000000000000000000000000000000000000000000000000000000000000000000000000000000000000000000000000000000000000000000000000000000000000000000000000000000000000000000000000000000000000000000000000000000000000000000
[TCP] TX ack=00 bytes=20
[TCP] ERROR: [Errno 104] Connection reset by peer
