[EMU] BUILDER_MODE=minimal
[TCP] Listening on 0.0.0.0:5200 allowed_dst=[0, 1, 255]
[TCP] Conn#1 from ('192.168.0.10', 23375)
[TCP] RX serial=C5 src=FE dst=FF dev=00 port=00 rcv=0000 code=01 reg=0x01000000 len=1
[TCP] TX ack=00 bytes=20
[TCP] RX serial=81 src=FE dst=00 dev=00 port=00 rcv=0000 code=00 reg=0x00000002 len=2
[TCP] TX ack=00 bytes=22
[TCP] RX serial=0D src=FE dst=00 dev=00 port=00 rcv=0000 code=00 reg=0x00000016 len=8
[TCP] TX ack=00 bytes=28
[TCP] RX serial=0F src=FE dst=00 dev=00 port=00 rcv=0000 code=00 reg=0x14000000 len=88
[TCP] TX ack=00 bytes=108
[TCP] RX serial=6A src=FE dst=00 dev=00 port=00 rcv=0000 code=00 reg=0x00000006 len=1
[TCP] TX ack=00 bytes=21
[TCP] RX serial=FC src=FE dst=01 dev=00 port=00 rcv=0000 code=00 reg=0x00000002 len=2
[TCP] TX ack=01 bytes=20
[TCP] RX serial=01 src=FE dst=00 dev=00 port=00 rcv=0000 code=00 reg=0x05000000 len=4
[EMU] RCFG READ reg=0x05000000 dev=00 port=00 rcv=0000 dst=00 data=00000000
[TCP] TX ack=00 bytes=24
[TCP] RX serial=02 src=FE dst=00 dev=00 port=00 rcv=0000 code=00 reg=0x00000000 len=2
[TCP] TX ack=00 bytes=22
[TCP] RX serial=03 src=FE dst=00 dev=00 port=00 rcv=0000 code=00 reg=0x05066000 len=256
[EMU] RCFG READ reg=0x05066000 dev=00 port=00 rcv=0000 dst=00 data=000000000000000000000000000000000000000000000000000000000000000000000000000000000000000000000000...
[TCP] TX ack=00 bytes=276
[TCP] RX serial=04 src=FE dst=00 dev=00 port=00 rcv=0000 code=00 reg=0x02100000 len=15
[EMU] RCFG READ reg=0x02100000 dev=00 port=00 rcv=0000 dst=00 data=000000000000000000000000000000
[TCP] TX ack=00 bytes=35
[TCP] RX serial=05 src=FE dst=00 dev=00 port=00 rcv=0000 code=00 reg=0x00000002 len=2
[TCP] TX ack=00 bytes=22
[TCP] RX serial=06 src=FE dst=00 dev=00 port=00 rcv=0000 code=00 reg=0x0200000B len=1
[EMU] VALIDATION STATE reg=0x0200000B dst=00 route_count=0 commit=0 configured=0 accepted=0 save=0 postreads=0
[EMU] VALIDATION READ reg=0x0200000B dev=00 port=00 rcv=0000 dst=00 data=00
[TCP] TX ack=00 bytes=21
[TCP] RX serial=07 src=FE dst=00 dev=00 port=00 rcv=0000 code=00 reg=0x05065000 len=10
[EMU] RCFG READ reg=0x05065000 dev=00 port=00 rcv=0000 dst=00 data=00000000000000000000
[TCP] TX ack=00 bytes=30
[TCP] RX serial=08 src=FE dst=00 dev=00 port=00 rcv=0000 code=00 reg=0x02000023 len=1
[EMU] VALIDATION STATE reg=0x02000023 dst=00 route_count=0 commit=0 configured=0 accepted=0 save=0 postreads=0
[EMU] VALIDATION READ reg=0x02000023 dev=00 port=00 rcv=0000 dst=00 data=00
[TCP] TX ack=00 bytes=21
[TCP] RX serial=09 src=FE dst=00 dev=00 port=00 rcv=0000 code=00 reg=0x03100109 len=1
[EMU] VALIDATION STATE reg=0x03100109 dst=00 route_count=0 commit=0 configured=0 accepted=0 save=0 postreads=0
[EMU] VALIDATION READ reg=0x03100109 dev=00 port=00 rcv=0000 dst=00 data=01
[TCP] TX ack=00 bytes=21
[TCP] RX serial=0A src=FE dst=00 dev=00 port=00 rcv=0000 code=00 reg=0x02000022 len=1
[EMU] VALIDATION STATE reg=0x02000022 dst=00 route_count=0 commit=0 configured=0 accepted=0 save=0 postreads=0
[EMU] VALIDATION READ reg=0x02000022 dev=00 port=00 rcv=0000 dst=00 data=00
[TCP] TX ack=00 bytes=21
[TCP] RX serial=0B src=FE dst=00 dev=00 port=00 rcv=0000 code=00 reg=0x05000000 len=4
[EMU] RCFG READ reg=0x05000000 dev=00 port=00 rcv=0000 dst=00 data=00000000
[TCP] TX ack=00 bytes=24
[TCP] RX serial=0C src=FE dst=00 dev=00 port=00 rcv=0000 code=00 reg=0x02100000 len=15
[EMU] RCFG READ reg=0x02100000 dev=00 port=00 rcv=0000 dst=00 data=000000000000000000000000000000
[TCP] TX ack=00 bytes=35
[TCP] RX serial=0D src=FE dst=00 dev=00 port=00 rcv=0000 code=00 reg=0x05065000 len=10
[EMU] RCFG READ reg=0x05065000 dev=00 port=00 rcv=0000 dst=00 data=00000000000000000000
[TCP] TX ack=00 bytes=30
[TCP] RX serial=0E src=FE dst=00 dev=00 port=00 rcv=0000 code=00 reg=0x00000016 len=8
[TCP] TX ack=00 bytes=28
[TCP] RX serial=0F src=FE dst=00 dev=00 port=00 rcv=0000 code=00 reg=0x02000000 len=256
[EMU] Rebuilding controller screen blocks from 0 cabinet entries
[EMU] ---- ROUTING_WRITES ----
[EMU] (none)
[EMU] ---- SCREEN_WRITES ----
[EMU] (none)
[EMU] ---- CABINETS ----
[EMU] (none)
[EMU] ---- RCFG_STATE ----
[EMU] (none)
[EMU] Screen blocks rebuilt for dev=00 port=00 entries=0
[EMU] 0x02000000 head=010100000020010100000000000000000000000000000000000000000000000000000000000000000000000000000000...
[EMU] 0x02000100 head=01a500000020010100000000000000000000000000000000000000000000000000000000000000000000000000000000...
[EMU] 0x02020020 head=010000000000000000000000000000000000000000000000000000000000000000000000000000000000000000000000...
[EMU] 0x08000000 head=000000000000000000000000000000000000000000000000000000000000000000000000000000000000000000000000...
[EMU_FULL] 0x02000000=01010000002001010000000000000000000000000000000000000000000000000000000000000000000000000000000000000000000000000000000000000000000000000000000000000000000000000000000000000000000000000000000000000000000000000000000000000000000000000000000000000000000000000000000000000000000000000000000000000000000000000000000000000000000000000000000000000000000000000000000000000000000000000000000000000000000000000000000000000000000000000000000000000000000000000000000000000000000000000000000000000000000000000000000000000000
[EMU_FULL] 0x02000100=01a50000002001010000000000000000000000000000000000000000000000000000000000000000000000000000000000000000000000000000000000000000000000000000000000000000000000000000000000000000000000000000000000000000000000000000000000000000000000000000000000000000000000000000000000000000000000000000000000000000000000000000000000000000000000000000000000000000000000000000000000000000000000000000000000000000000000000000000000000000000000000000000000000000000000000000000000000000000000000000000000000000000000000000000000000000
[EMU_FULL] 0x02020020=01000000000000000000000000000000000000000000000000000000000000000000000000000000000000000000000000000000000000000000000000000000
[EMU_FULL] 0x08000000=00000000000000000000000000000000000000000000000000000000000000000000000000000000000000000000000000000000000000000000000000000000000000000000000000000000000000000000000000000000000000000000000000000000000000000000000000000000000000000000000000000000000000000000000000000000000000000000000000000000000000000000000000000000000000000000000000000000000000000000000000000000000000000000000000000000000000000000000000000000000000000000000000000000000000000000000000000000000000000000000000000000000000000000000000000000
[EMU] READBACK reg=0x02000000 dev=00 port=00 rcv=0000 dst=00 data=010100000020010100000000000000000000000000000000000000000000000000000000000000000000000000000000...
[TCP] TX ack=00 bytes=276
[TCP] RX serial=10 src=FE dst=00 dev=00 port=00 rcv=0000 code=00 reg=0x02000100 len=256
[EMU] READBACK reg=0x02000100 dev=00 port=00 rcv=0000 dst=00 data=01a500000020010100000000000000000000000000000000000000000000000000000000000000000000000000000000...
[TCP] TX ack=00 bytes=276
[TCP] RX serial=11 src=FE dst=FF dev=00 port=00 rcv=0000 code=01 reg=0x02000011 len=6
[EMU] ROUTE CMD reg=0x02000011 dst=FF dev=00 port=00 rcv=0000 data=260313171447
[EMU] Rebuilding controller screen blocks from 1 cabinet entries
[EMU] ---- ROUTING_WRITES ----
[EMU] RAW[00] dev=00 port=00 rcv=0000 dst=FF data=260313171447
[EMU] ---- SCREEN_WRITES ----
[EMU] ROUTE[00] dev=00 port=00 rcv=0000 dst=FF group=26 a=03 b=13 c=17 x=14 y=47 word=0x1447 raw=260313171447
[EMU] ---- CABINETS ----
[EMU] CAB[00] tile=00 port=00 chain=00 cascade=00 lx=00 ly=00 group=26 c=17 route=0x1447
[EMU] ---- RCFG_STATE ----
[EMU] (none)
[EMU] Screen blocks rebuilt for dev=00 port=00 entries=1
[EMU] 0x02000000 head=010100000120010100000000000000000000000000261700000000000000000000000000000000000000000000000000...
[EMU] 0x02000100 head=01a500000120010100000000000000000000000014471447000000000000000000000000000000000000000000000000...
[EMU] 0x02020020 head=010000010000000014470001000000000000000000000000000000000000000000000000000000000000000000000000...
[EMU] 0x08000000 head=010000000000000000000000000000000000000000000000000000000000000000000000000000000000000000000000...
[EMU_FULL] 0x02000000=01010000012001010000000000000000000000000026170000000000000000000000000000000000000000000000000000000000000000000000000000000000000000000000000000000000000000000000000000000000000000000000000000000000000000000000000000000000000000000000000000000000000000000000000000000000000000000000000000000000000000000000000000000000000000000000000000000000000000000000000000000000000000000000000000000000000000000000000000000000000000000000000000000000000000000000000000000000000000000000000000000000000000000000000000000000
[EMU_FULL] 0x02000100=01a50000012001010000000000000000000000001447144700000000000000000000000000000000000000000000000000000000000000000000000000000000000000000000000000000000000000000000000000000000000000000000000000000000000000000000000000000000000000000000000000000000000000000000000000000000000000000000000000000000000000000000000000000000000000000000000000000000000000000000000000000000000000000000000000000000000000000000000000000000000000000000000000000000000000000000000000000000000000000000000000000000000000000000000000000000
[EMU_FULL] 0x02020020=01000001000000001447000100000000000000000000000000000000000000000000000000000000000000000000000000000000000000000000000000000000
[EMU_FULL] 0x08000000=01000000000000000000000000000000000000000000000000000000000000000000000000000000000000000000000000000000000000000000000000000000000000000000000000000000000000000000000000000000000000000000000000000000000000000000000000000000000000000000000000000000000000000000000000000000000000000000000000000000000000000000000000000000000000000000000000000000000000000000000000000000000000000000000000000000000000000000000000000000000000000000000000000000000000000000000000000000000000000000000000000000000000000000000000000000
[TCP] TX ack=00 bytes=20
[TCP] RX serial=12 src=FE dst=00 dev=00 port=00 rcv=0000 code=00 reg=0x02200117 len=1
[EMU] VALIDATION STATE reg=0x02200117 dst=00 route_count=1 commit=0 configured=0 accepted=0 save=0 postreads=0
[EMU] VALIDATION READ reg=0x02200117 dev=00 port=00 rcv=0000 dst=00 data=00
[TCP] TX ack=00 bytes=21
[TCP] RX serial=13 src=FE dst=00 dev=00 port=00 rcv=0000 code=00 reg=0x02000000 len=256
[EMU] READBACK reg=0x02000000 dev=00 port=00 rcv=0000 dst=00 data=010100000120010100000000000000000000000000261700000000000000000000000000000000000000000000000000...
[TCP] TX ack=00 bytes=276
[TCP] RX serial=14 src=FE dst=00 dev=00 port=00 rcv=0000 code=00 reg=0x02000100 len=256
[EMU] READBACK reg=0x02000100 dev=00 port=00 rcv=0000 dst=00 data=01a500000120010100000000000000000000000014471447000000000000000000000000000000000000000000000000...
[TCP] TX ack=00 bytes=276
[TCP] RX serial=15 src=FE dst=00 dev=00 port=00 rcv=0000 code=00 reg=0x02020020 len=64
[EMU] READBACK reg=0x02020020 dev=00 port=00 rcv=0000 dst=00 data=010000010000000014470001000000000000000000000000000000000000000000000000000000000000000000000000...
[TCP] TX ack=00 bytes=84
[TCP] RX serial=16 src=FE dst=00 dev=00 port=00 rcv=0000 code=00 reg=0x0200000B len=1
[EMU] VALIDATION STATE reg=0x0200000B dst=00 route_count=1 commit=0 configured=0 accepted=0 save=0 postreads=0
[EMU] VALIDATION READ reg=0x0200000B dev=00 port=00 rcv=0000 dst=00 data=01
[TCP] TX ack=00 bytes=21
[TCP] RX serial=17 src=FE dst=00 dev=00 port=00 rcv=0000 code=00 reg=0x08000000 len=256
[EMU] READBACK reg=0x08000000 dev=00 port=00 rcv=0000 dst=00 data=010000000000000000000000000000000000000000000000000000000000000000000000000000000000000000000000...
[TCP] TX ack=00 bytes=276
[TCP] RX serial=18 src=FE dst=00 dev=00 port=00 rcv=0000 code=00 reg=0x0200009D len=1
[EMU] VALIDATION STATE reg=0x0200009D dst=00 route_count=1 commit=0 configured=0 accepted=0 save=0 postreads=0
[EMU] VALIDATION READ reg=0x0200009D dev=00 port=00 rcv=0000 dst=00 data=00
[TCP] TX ack=00 bytes=21
[TCP] RX serial=19 src=FE dst=00 dev=00 port=00 rcv=0000 code=00 reg=0x02000023 len=1
[EMU] VALIDATION STATE reg=0x02000023 dst=00 route_count=1 commit=0 configured=0 accepted=0 save=0 postreads=0
[EMU] VALIDATION READ reg=0x02000023 dev=00 port=00 rcv=0000 dst=00 data=00
[TCP] TX ack=00 bytes=21
[TCP] RX serial=1A src=FE dst=00 dev=00 port=00 rcv=0000 code=00 reg=0x0200009D len=1
[EMU] VALIDATION STATE reg=0x0200009D dst=00 route_count=1 commit=0 configured=0 accepted=0 save=0 postreads=0
[EMU] VALIDATION READ reg=0x0200009D dev=00 port=00 rcv=0000 dst=00 data=00
[TCP] TX ack=00 bytes=21
[TCP] RX serial=1B src=FE dst=00 dev=00 port=00 rcv=0000 code=00 reg=0x03100109 len=1
[EMU] VALIDATION STATE reg=0x03100109 dst=00 route_count=1 commit=0 configured=0 accepted=0 save=0 postreads=0
[EMU] VALIDATION READ reg=0x03100109 dev=00 port=00 rcv=0000 dst=00 data=01
[TCP] TX ack=00 bytes=21
[TCP] RX serial=1C src=FE dst=00 dev=00 port=00 rcv=0000 code=00 reg=0x02000022 len=1
[EMU] VALIDATION STATE reg=0x02000022 dst=00 route_count=1 commit=0 configured=0 accepted=0 save=0 postreads=0
[EMU] VALIDATION READ reg=0x02000022 dev=00 port=00 rcv=0000 dst=00 data=01
[TCP] TX ack=00 bytes=21
[TCP] RX serial=1D src=FE dst=00 dev=00 port=00 rcv=0000 code=00 reg=0x05000000 len=4
[EMU] RCFG READ reg=0x05000000 dev=00 port=00 rcv=0000 dst=00 data=00000000
[TCP] TX ack=00 bytes=24
[TCP] RX serial=1E src=FE dst=00 dev=00 port=00 rcv=0000 code=00 reg=0x02100000 len=15
[EMU] RCFG READ reg=0x02100000 dev=00 port=00 rcv=0000 dst=00 data=000000000000000000000000000000
[TCP] TX ack=00 bytes=35
[TCP] RX serial=1F src=FE dst=00 dev=00 port=00 rcv=0000 code=00 reg=0x05065000 len=10
[EMU] RCFG READ reg=0x05065000 dev=00 port=00 rcv=0000 dst=00 data=00000000000000000000
[TCP] TX ack=00 bytes=30
[TCP] RX serial=20 src=FE dst=00 dev=00 port=00 rcv=0000 code=00 reg=0x00000016 len=8
[TCP] TX ack=00 bytes=28
[TCP] RX serial=21 src=FE dst=00 dev=00 port=00 rcv=0000 code=00 reg=0x02000000 len=256
[EMU] READBACK reg=0x02000000 dev=00 port=00 rcv=0000 dst=00 data=010100000120010100000000000000000000000000261700000000000000000000000000000000000000000000000000...
[TCP] TX ack=00 bytes=276
[TCP] RX serial=22 src=FE dst=00 dev=00 port=00 rcv=0000 code=00 reg=0x02000100 len=256
[EMU] READBACK reg=0x02000100 dev=00 port=00 rcv=0000 dst=00 data=01a500000120010100000000000000000000000014471447000000000000000000000000000000000000000000000000...
[TCP] TX ack=00 bytes=276
[TCP] RX serial=23 src=FE dst=FF dev=00 port=00 rcv=0000 code=01 reg=0x02000011 len=6
[EMU] ROUTE CMD reg=0x02000011 dst=FF dev=00 port=00 rcv=0000 data=260313171506
[EMU] Rebuilding controller screen blocks from 2 cabinet entries
[EMU] ---- ROUTING_WRITES ----
[EMU] RAW[00] dev=00 port=00 rcv=0000 dst=FF data=260313171447
[EMU] RAW[01] dev=00 port=00 rcv=0000 dst=FF data=260313171506
[EMU] ---- SCREEN_WRITES ----
[EMU] ROUTE[00] dev=00 port=00 rcv=0000 dst=FF group=26 a=03 b=13 c=17 x=14 y=47 word=0x1447 raw=260313171447
[EMU] ROUTE[01] dev=00 port=00 rcv=0000 dst=FF group=26 a=03 b=13 c=17 x=15 y=06 word=0x1506 raw=260313171506
[EMU] ---- CABINETS ----
[EMU] CAB[00] tile=00 port=00 chain=00 cascade=01 lx=01 ly=00 group=26 c=17 route=0x1506
[EMU] CAB[01] tile=01 port=00 chain=00 cascade=00 lx=00 ly=01 group=26 c=17 route=0x1447
[EMU] ---- RCFG_STATE ----
[EMU] (none)
[EMU] Screen blocks rebuilt for dev=00 port=00 entries=2
[EMU] 0x02000000 head=010100000220010100000000000000000100000100261700000100000126170000000000000000000000000000000000...
[EMU] 0x02000100 head=01a500000220010100000000000000000000000114471447000100001506150600000000000000000000000000000000...
[EMU] 0x02020020 head=010000020000000014470001150601010000000000000000000000000000000000000000000000000000000000000000...
[EMU] 0x08000000 head=010100000000000000000000000000000000000000000000000000000000000000000000000000000000000000000000...
[EMU_FULL] 0x02000000=01010000022001010000000000000000010000010026170000010000012617000000000000000000000000000000000000000000000000000000000000000000000000000000000000000000000000000000000000000000000000000000000000000000000000000000000000000000000000000000000000000000000000000000000000000000000000000000000000000000000000000000000000000000000000000000000000000000000000000000000000000000000000000000000000000000000000000000000000000000000000000000000000000000000000000000000000000000000000000000000000000000000000000000000000000000
[EMU_FULL] 0x02000100=01a50000022001010000000000000000000000011447144700010000150615060000000000000000000000000000000000000000000000000000000000000000000000000000000000000000000000000000000000000000000000000000000000000000000000000000000000000000000000000000000000000000000000000000000000000000000000000000000000000000000000000000000000000000000000000000000000000000000000000000000000000000000000000000000000000000000000000000000000000000000000000000000000000000000000000000000000000000000000000000000000000000000000000000000000000000
[EMU_FULL] 0x02020020=01000002000000001447000115060101000000000000000000000000000000000000000000000000000000000000000000000000000000000000000000000000
[EMU_FULL] 0x08000000=01010000000000000000000000000000000000000000000000000000000000000000000000000000000000000000000000000000000000000000000000000000000000000000000000000000000000000000000000000000000000000000000000000000000000000000000000000000000000000000000000000000000000000000000000000000000000000000000000000000000000000000000000000000000000000000000000000000000000000000000000000000000000000000000000000000000000000000000000000000000000000000000000000000000000000000000000000000000000000000000000000000000000000000000000000000
[TCP] TX ack=00 bytes=20
[TCP] RX serial=23 src=FE dst=00 dev=00 port=00 rcv=0000 code=00 reg=0x00000002 len=2
[TCP] TX ack=00 bytes=22
[TCP] RX serial=2A src=FE dst=00 dev=00 port=00 rcv=0000 code=00 reg=0x00000016 len=8
[TCP] TX ack=00 bytes=28
[TCP] RX serial=01 src=FE dst=00 dev=00 port=00 rcv=0000 code=00 reg=0x14000000 len=88
[TCP] TX ack=00 bytes=108
[TCP] RX serial=0C src=FE dst=00 dev=00 port=00 rcv=0000 code=00 reg=0x00000006 len=1
[TCP] TX ack=00 bytes=21
[TCP] RX serial=48 src=FE dst=01 dev=00 port=00 rcv=0000 code=00 reg=0x00000002 len=2
[TCP] TX ack=01 bytes=20
[TCP] RX serial=24 src=FE dst=FF dev=00 port=00 rcv=0000 code=01 reg=0x02000018 len=1
[EMU] COMMIT CMD reg=0x02000018 dst=FF dev=00 port=00 rcv=0000 data=00
[EMU] Rebuilding controller screen blocks from 2 cabinet entries
[EMU] ---- ROUTING_WRITES ----
[EMU] RAW[00] dev=00 port=00 rcv=0000 dst=FF data=260313171447
[EMU] RAW[01] dev=00 port=00 rcv=0000 dst=FF data=260313171506
[EMU] ---- SCREEN_WRITES ----
[EMU] ROUTE[00] dev=00 port=00 rcv=0000 dst=FF group=26 a=03 b=13 c=17 x=14 y=47 word=0x1447 raw=260313171447
[EMU] ROUTE[01] dev=00 port=00 rcv=0000 dst=FF group=26 a=03 b=13 c=17 x=15 y=06 word=0x1506 raw=260313171506
[EMU] ---- CABINETS ----
[EMU] CAB[00] tile=00 port=00 chain=00 cascade=01 lx=01 ly=00 group=26 c=17 route=0x1506
[EMU] CAB[01] tile=01 port=00 chain=00 cascade=00 lx=00 ly=01 group=26 c=17 route=0x1447
[EMU] ---- RCFG_STATE ----
[EMU] (none)
[EMU] Screen blocks rebuilt for dev=00 port=00 entries=2
[EMU] 0x02000000 head=010100000220010100000000000000000100000100261700000100000126170000000000000000000000000000000000...
[EMU] 0x02000100 head=01a500000220010100000000000000000000000114471447000100001506150600000000000000000000000000000000...
[EMU] 0x02020020 head=010000020000000014470001150601010000000000000000000000000000000000000000000000000000000000000000...
[EMU] 0x08000000 head=010100000000000000000000000000000000000000000000000000000000000000000000000000000000000000000000...
[EMU_FULL] 0x02000000=01010000022001010000000000000000010000010026170000010000012617000000000000000000000000000000000000000000000000000000000000000000000000000000000000000000000000000000000000000000000000000000000000000000000000000000000000000000000000000000000000000000000000000000000000000000000000000000000000000000000000000000000000000000000000000000000000000000000000000000000000000000000000000000000000000000000000000000000000000000000000000000000000000000000000000000000000000000000000000000000000000000000000000000000000000000
[EMU_FULL] 0x02000100=01a50000022001010000000000000000000000011447144700010000150615060000000000000000000000000000000000000000000000000000000000000000000000000000000000000000000000000000000000000000000000000000000000000000000000000000000000000000000000000000000000000000000000000000000000000000000000000000000000000000000000000000000000000000000000000000000000000000000000000000000000000000000000000000000000000000000000000000000000000000000000000000000000000000000000000000000000000000000000000000000000000000000000000000000000000000
[EMU_FULL] 0x02020020=01000002000000001447000115060101000000000000000000000000000000000000000000000000000000000000000000000000000000000000000000000000
[EMU_FULL] 0x08000000=01010000000000000000000000000000000000000000000000000000000000000000000000000000000000000000000000000000000000000000000000000000000000000000000000000000000000000000000000000000000000000000000000000000000000000000000000000000000000000000000000000000000000000000000000000000000000000000000000000000000000000000000000000000000000000000000000000000000000000000000000000000000000000000000000000000000000000000000000000000000000000000000000000000000000000000000000000000000000000000000000000000000000000000000000000000
[TCP] TX ack=00 bytes=20
[TCP] RX serial=25 src=FE dst=00 dev=00 port=00 rcv=0000 code=00 reg=0x0200009D len=1
[EMU] VALIDATION STATE reg=0x0200009D dst=00 route_count=2 commit=1 configured=0 accepted=0 save=0 postreads=0
[EMU] VALIDATION READ reg=0x0200009D dev=00 port=00 rcv=0000 dst=00 data=01
[TCP] TX ack=00 bytes=21
[TCP] ERROR: [Errno 104] Connection reset by peer
[EMU] ---- SESSION 1 SUMMARY (exception:[Errno 104] Connection reset by peer) ----
[EMU] route_writes=2 commits=1 validation_reads=12 screen_reads=8 rcfg_reads=10 rcfg_writes=0 special_writes=0 early_abort_suspected=1
[EMU] first_route_regs=0x02000011@p00/r0000:260313171447 | 0x02000011@p00/r0000:260313171506
[EMU] first_validation=0x0200000B=00 | 0x02000023=00 | 0x03100109=01 | 0x02000022=00 | 0x02200117=00 | 0x0200000B=01 | 0x0200009D=00 | 0x02000023=00 | 0x0200009D=00 | 0x03100109=01 | 0x02000022=01 | 0x0200009D=01
[EMU] first_screen_reads=0x02000000/n=256 | 0x02000100/n=256 | 0x02000000/n=256 | 0x02000100/n=256 | 0x02020020/n=64 | 0x08000000/n=256 | 0x02000000/n=256 | 0x02000100/n=256
[EMU] ---- SESSION 1 SUMMARY (close) ----
[EMU] route_writes=2 commits=1 validation_reads=12 screen_reads=8 rcfg_reads=10 rcfg_writes=0 special_writes=0 early_abort_suspected=1
[EMU] first_route_regs=0x02000011@p00/r0000:260313171447 | 0x02000011@p00/r0000:260313171506
[EMU] first_validation=0x0200000B=00 | 0x02000023=00 | 0x03100109=01 | 0x02000022=00 | 0x02200117=00 | 0x0200000B=01 | 0x0200009D=00 | 0x02000023=00 | 0x0200009D=00 | 0x03100109=01 | 0x02000022=01 | 0x0200009D=01
[EMU] first_screen_reads=0x02000000/n=256 | 0x02000100/n=256 | 0x02000000/n=256 | 0x02000100/n=256 | 0x02020020/n=64 | 0x08000000/n=256 | 0x02000000/n=256 | 0x02000100/n=256
