[TCP] Listening on 0.0.0.0:5200 allowed_dst=[0, 1, 2, 3, 4, 5, 6, 7, 8, 9, 10, 11, 12, 13, 14, 15, 255]
[TCP] Conn from ('192.168.0.10', 55445)
[TCP] RX serial=A1 src=FE dst=FF code=01 reg=0x01000000 len=1 wlen=1
[TCP] TX ack=00 bytes=20
[TCP] RX serial=07 src=FE dst=00 code=00 reg=0x00000002 len=2 wlen=0
[TCP] TX ack=00 bytes=22
[TCP] RX serial=1B src=FE dst=00 code=00 reg=0x00000016 len=8 wlen=0
[TCP] TX ack=00 bytes=28
[TCP] RX serial=C9 src=FE dst=00 code=00 reg=0x14000000 len=88 wlen=0
[TCP] TX ack=00 bytes=108
[TCP] RX serial=AC src=FE dst=00 code=00 reg=0x00000006 len=1 wlen=0
[TCP] TX ack=00 bytes=21
[TCP] RX serial=86 src=FE dst=01 code=00 reg=0x00000002 len=2 wlen=0
[TCP] TX ack=01 bytes=20
[TCP] RX serial=01 src=FE dst=00 code=00 reg=0x05000000 len=4 wlen=0
[TCP] TX ack=00 bytes=24
[TCP] RX serial=02 src=FE dst=00 code=00 reg=0x00000000 len=2 wlen=0
[TCP] TX ack=00 bytes=22
[TCP] RX serial=03 src=FE dst=00 code=00 reg=0x05066000 len=256 wlen=0
[TCP] TX ack=00 bytes=276
[TCP] RX serial=04 src=FE dst=00 code=00 reg=0x02100000 len=15 wlen=0
[TCP] TX ack=00 bytes=35
[TCP] RX serial=05 src=FE dst=00 code=00 reg=0x00000002 len=2 wlen=0
[TCP] TX ack=00 bytes=22
[TCP] RX serial=06 src=FE dst=00 code=00 reg=0x0200000B len=1 wlen=0
[TCP] TX ack=00 bytes=21
[TCP] RX serial=07 src=FE dst=00 code=00 reg=0x05065000 len=10 wlen=0
[TCP] TX ack=00 bytes=30
[TCP] RX serial=08 src=FE dst=00 code=00 reg=0x02000023 len=1 wlen=0
[TCP] TX ack=00 bytes=21
[TCP] RX serial=09 src=FE dst=00 code=00 reg=0x03100109 len=1 wlen=0
[TCP] TX ack=00 bytes=21
[TCP] RX serial=0A src=FE dst=00 code=00 reg=0x02000022 len=1 wlen=0
[TCP] TX ack=00 bytes=21
[TCP] RX serial=0B src=FE dst=00 code=00 reg=0x05000000 len=4 wlen=0
[TCP] TX ack=00 bytes=24
[TCP] RX serial=0C src=FE dst=00 code=00 reg=0x02100000 len=15 wlen=0
[TCP] TX ack=00 bytes=35
[TCP] RX serial=0D src=FE dst=00 code=00 reg=0x05065000 len=10 wlen=0
[TCP] TX ack=00 bytes=30
[TCP] RX serial=0E src=FE dst=00 code=00 reg=0x00000016 len=8 wlen=0
[TCP] TX ack=00 bytes=28
[TCP] RX serial=0F src=FE dst=00 code=00 reg=0x02000000 len=256 wlen=0
[TCP] TX ack=00 bytes=276
[TCP] RX serial=10 src=FE dst=00 code=00 reg=0x02000100 len=256 wlen=0
[TCP] TX ack=00 bytes=276
[TCP] RX serial=11 src=FE dst=FF code=01 reg=0x02000011 len=6 wlen=6
[TCP] TX ack=00 bytes=20
[TCP] RX serial=12 src=FE dst=00 code=00 reg=0x02020020 len=64 wlen=0
[TCP] TX ack=00 bytes=84
[TCP] RX serial=13 src=FE dst=00 code=00 reg=0x05000000 len=4 wlen=0
[TCP] TX ack=00 bytes=24
[TCP] RX serial=14 src=FE dst=00 code=00 reg=0x02100000 len=15 wlen=0
[TCP] TX ack=00 bytes=35
[TCP] RX serial=15 src=FE dst=00 code=00 reg=0x05065000 len=10 wlen=0
[TCP] TX ack=00 bytes=30
[TCP] RX serial=16 src=FE dst=00 code=00 reg=0x00000016 len=8 wlen=0
[TCP] TX ack=00 bytes=28
[TCP] RX serial=17 src=FE dst=00 code=00 reg=0x02000000 len=256 wlen=0
[TCP] TX ack=00 bytes=276
[TCP] RX serial=18 src=FE dst=00 code=00 reg=0x02000100 len=256 wlen=0
[TCP] TX ack=00 bytes=276
[TCP] RX serial=19 src=FE dst=FF code=01 reg=0x02000011 len=6 wlen=6
[TCP] TX ack=00 bytes=20
[TCP] RX serial=38 src=FE dst=00 code=00 reg=0x00000002 len=2 wlen=0
[TCP] TX ack=00 bytes=22
[TCP] RX serial=64 src=FE dst=00 code=00 reg=0x00000016 len=8 wlen=0
[TCP] TX ack=00 bytes=28
[TCP] RX serial=0A src=FE dst=00 code=00 reg=0x14000000 len=88 wlen=0
[TCP] TX ack=00 bytes=108
[TCP] RX serial=C4 src=FE dst=00 code=00 reg=0x00000006 len=1 wlen=0
[TCP] TX ack=00 bytes=21
[TCP] RX serial=C7 src=FE dst=01 code=00 reg=0x00000002 len=2 wlen=0
[TCP] TX ack=01 bytes=20
[TCP] RX serial=1A src=FE dst=00 code=00 reg=0x02200117 len=1 wlen=0
[TCP] TX ack=00 bytes=21
[TCP] RX serial=1B src=FE dst=00 code=00 reg=0x02000000 len=256 wlen=0
[TCP] TX ack=00 bytes=276
[TCP] RX serial=1C src=FE dst=00 code=00 reg=0x02000100 len=256 wlen=0
[TCP] TX ack=00 bytes=276
[TCP] RX serial=1D src=FE dst=00 code=00 reg=0x02020020 len=64 wlen=0
[TCP] TX ack=00 bytes=84
[TCP] RX serial=1E src=FE dst=00 code=00 reg=0x0200000B len=1 wlen=0
[TCP] TX ack=00 bytes=21
[TCP] RX serial=1F src=FE dst=00 code=00 reg=0x08000000 len=256 wlen=0
[TCP] TX ack=00 bytes=276
[TCP] RX serial=20 src=FE dst=00 code=00 reg=0x0200009D len=1 wlen=0
[TCP] TX ack=00 bytes=21
[TCP] RX serial=21 src=FE dst=00 code=00 reg=0x02000023 len=1 wlen=0
[TCP] TX ack=00 bytes=21
[TCP] RX serial=22 src=FE dst=00 code=00 reg=0x0200004B len=1 wlen=0
[TCP] TX ack=00 bytes=21
[TCP] RX serial=23 src=FE dst=00 code=00 reg=0x0200009D len=1 wlen=0
[TCP] TX ack=00 bytes=21
[TCP] RX serial=24 src=FE dst=00 code=00 reg=0x03100109 len=1 wlen=0
[TCP] TX ack=00 bytes=21
[TCP] RX serial=25 src=FE dst=00 code=00 reg=0x02000022 len=1 wlen=0
[TCP] TX ack=00 bytes=21
[TCP] RX serial=26 src=FE dst=00 code=00 reg=0x05000000 len=4 wlen=0
[TCP] TX ack=00 bytes=24
[TCP] RX serial=27 src=FE dst=00 code=00 reg=0x02100000 len=15 wlen=0
[TCP] TX ack=00 bytes=35
[TCP] RX serial=28 src=FE dst=00 code=00 reg=0x05065000 len=10 wlen=0
[TCP] TX ack=00 bytes=30
[TCP] RX serial=29 src=FE dst=00 code=00 reg=0x00000016 len=8 wlen=0
[TCP] TX ack=00 bytes=28
[TCP] RX serial=2A src=FE dst=00 code=00 reg=0x02000000 len=256 wlen=0
[TCP] TX ack=00 bytes=276
[TCP] RX serial=2B src=FE dst=00 code=00 reg=0x02000100 len=256 wlen=0
[TCP] TX ack=00 bytes=276
[TCP] RX serial=2C src=FE dst=FF code=01 reg=0x02000011 len=6 wlen=6
[TCP] TX ack=00 bytes=20
[TCP] RX serial=2D src=FE dst=00 code=00 reg=0x02000400 len=256 wlen=0
[TCP] TX ack=00 bytes=276
[TCP] RX serial=2E src=FE dst=00 code=00 reg=0x02000500 len=256 wlen=0
[TCP] TX ack=00 bytes=276
[TCP] RX serial=2F src=FE dst=00 code=00 reg=0x02000200 len=256 wlen=0
[TCP] TX ack=00 bytes=276
[TCP] RX serial=30 src=FE dst=00 code=00 reg=0x02000300 len=256 wlen=0
[TCP] TX ack=00 bytes=276
[TCP] RX serial=31 src=FE dst=00 code=00 reg=0x02000000 len=256 wlen=0
[TCP] TX ack=00 bytes=276
[TCP] RX serial=32 src=FE dst=00 code=00 reg=0x02000100 len=256 wlen=0
[TCP] TX ack=00 bytes=276
[TCP] RX serial=33 src=FE dst=00 code=00 reg=0x05000000 len=4 wlen=0
[TCP] TX ack=00 bytes=24
[TCP] RX serial=34 src=FE dst=00 code=00 reg=0x02100000 len=15 wlen=0
[TCP] TX ack=00 bytes=35
[TCP] RX serial=35 src=FE dst=00 code=00 reg=0x05065000 len=10 wlen=0
[TCP] TX ack=00 bytes=30
[TCP] RX serial=36 src=FE dst=00 code=00 reg=0x00000016 len=8 wlen=0
[TCP] TX ack=00 bytes=28
[TCP] RX serial=37 src=FE dst=00 code=00 reg=0x02000000 len=256 wlen=0
[TCP] TX ack=00 bytes=276
[TCP] RX serial=38 src=FE dst=00 code=00 reg=0x02000100 len=256 wlen=0
[TCP] TX ack=00 bytes=276
[TCP] RX serial=39 src=FE dst=FF code=01 reg=0x02000011 len=6 wlen=6
[TCP] TX ack=00 bytes=20
[TCP] RX serial=EF src=FE dst=00 code=00 reg=0x00000002 len=2 wlen=0
[TCP] TX ack=00 bytes=22
[TCP] RX serial=29 src=FE dst=00 code=00 reg=0x00000016 len=8 wlen=0
[TCP] TX ack=00 bytes=28
[TCP] RX serial=82 src=FE dst=00 code=00 reg=0x14000000 len=88 wlen=0
[TCP] TX ack=00 bytes=108
[TCP] RX serial=ED src=FE dst=00 code=00 reg=0x00000006 len=1 wlen=0
[TCP] TX ack=00 bytes=21
[TCP] RX serial=56 src=FE dst=01 code=00 reg=0x00000002 len=2 wlen=0
[TCP] TX ack=01 bytes=20
[TCP] RX serial=3A src=FE dst=00 code=00 reg=0x05000000 len=4 wlen=0
[TCP] TX ack=00 bytes=24
[TCP] RX serial=3B src=FE dst=00 code=00 reg=0x02100000 len=15 wlen=0
[TCP] TX ack=00 bytes=35
[TCP] RX serial=3C src=FE dst=00 code=00 reg=0x05065000 len=10 wlen=0
[TCP] TX ack=00 bytes=30
[TCP] RX serial=3D src=FE dst=00 code=00 reg=0x00000016 len=8 wlen=0
[TCP] TX ack=00 bytes=28
[TCP] RX serial=3E src=FE dst=00 code=00 reg=0x02000000 len=256 wlen=0
[TCP] TX ack=00 bytes=276
[TCP] RX serial=3F src=FE dst=00 code=00 reg=0x02000100 len=256 wlen=0
[TCP] TX ack=00 bytes=276
[TCP] RX serial=40 src=FE dst=FF code=01 reg=0x02000011 len=6 wlen=6
[TCP] TX ack=00 bytes=20
[TCP] RX serial=41 src=FE dst=FF code=01 reg=0x02000018 len=1 wlen=1
[TCP] TX ack=00 bytes=20
[TCP] RX serial=6B src=FE dst=00 code=00 reg=0x00000002 len=2 wlen=0
[TCP] TX ack=00 bytes=22
[TCP] RX serial=DA src=FE dst=00 code=00 reg=0x00000016 len=8 wlen=0
[TCP] TX ack=00 bytes=28
[TCP] RX serial=3A src=FE dst=00 code=00 reg=0x14000000 len=88 wlen=0
[TCP] TX ack=00 bytes=108
[TCP] RX serial=DF src=FE dst=00 code=00 reg=0x00000006 len=1 wlen=0
[TCP] TX ack=00 bytes=21
[TCP] RX serial=12 src=FE dst=01 code=00 reg=0x00000002 len=2 wlen=0
[TCP] TX ack=01 bytes=20
[TCP] RX serial=42 src=FE dst=FF code=01 reg=0x02000018 len=1 wlen=1
[TCP] TX ack=00 bytes=20
[TCP] RX serial=43 src=FE dst=00 code=00 reg=0x0200009D len=1 wlen=0
[TCP] TX ack=00 bytes=21
[TCP] RX serial=A2 src=FE dst=00 code=00 reg=0x00000002 len=2 wlen=0
[TCP] TX ack=00 bytes=22
[TCP] RX serial=8B src=FE dst=00 code=00 reg=0x00000016 len=8 wlen=0
[TCP] TX ack=00 bytes=28
[TCP] RX serial=56 src=FE dst=00 code=00 reg=0x14000000 len=88 wlen=0
[TCP] TX ack=00 bytes=108
[TCP] RX serial=36 src=FE dst=00 code=00 reg=0x00000006 len=1 wlen=0
[TCP] TX ack=00 bytes=21
[TCP] RX serial=92 src=FE dst=01 code=00 reg=0x00000002 len=2 wlen=0
[TCP] TX ack=01 bytes=20
