[TCP] Listening on 0.0.0.0:5200
[TCP] Conn from ('192.168.0.10', 53177)
[TCP] RX serial=A6 dst=FF code=01 reg=0x01000000 len=1 raw=55aa00a6feff00000000010000000001010000fb57
[TCP] TX bytes=20 raw=aa5500a6fffe000000000100000000010100fb57
[TCP] RX serial=6C dst=00 code=00 reg=0x00000002 len=2 raw=55aa006cfe00000000000000020000000200c356
[TCP] TX bytes=22 raw=aa55006c00fe0000000000000200000002000111d556
[TCP] RX serial=8F dst=00 code=00 reg=0x00000016 len=8 raw=55aa008ffe000000000000001600000008000057
[TCP] TX bytes=28 raw=aa55008f00fe0000000000001600000008004d36363000010000ea57
[TCP] RX serial=3C dst=00 code=00 reg=0x14000000 len=88 raw=55aa003cfe00000000000000000000145800fb56
[TCP] TX bytes=108 raw=aa55003c00fe0000000000000000001458004e5354520405060708090a0b0c0d0e0f101112131415161718191a1b1c1d1e1f20212223242526272829...
[TCP] RX serial=BE dst=00 code=00 reg=0x00000006 len=1 raw=55aa00befe000000000000000600000001001857
[TCP] TX bytes=21 raw=aa5500be00fe000000000000060000000100011957
[TCP] RX serial=71 dst=01 code=00 reg=0x00000002 len=2 raw=55aa0071fe01000000000000020000000200c956
[TCP] TX bytes=20 raw=aa55017101fe000000000000020000000200ca56
[TCP] RX serial=01 dst=00 code=00 reg=0x05000000 len=4 raw=55aa0001fe000000000000000000000504005d56
[TCP] TX bytes=24 raw=aa55000100fe000000000000000000050400000000005d56
[TCP] RX serial=02 dst=00 code=00 reg=0x00000000 len=2 raw=55aa0002fe000000000000000000000002005756
[TCP] TX bytes=22 raw=aa55000200fe00000000000000000000020000005756
[TCP] RX serial=03 dst=00 code=00 reg=0x05066000 len=256 raw=55aa0003fe00000000000000006006050001c256
[TCP] TX bytes=276 raw=aa55000300fe000000000000006006050001000000000000000000000000000000000000000000000000000000000000000000000000000000000000...
[TCP] RX serial=04 dst=00 code=00 reg=0x02100000 len=15 raw=55aa0004fe00000000000000000010020f007856
[TCP] TX bytes=35 raw=aa55000400fe000000000000000010020f000000000000000000000000000000007856
[TCP] RX serial=05 dst=00 code=00 reg=0x00000002 len=2 raw=55aa0005fe000000000000000200000002005c56
[TCP] TX bytes=22 raw=aa55000500fe00000000000002000000020001116e56
[TCP] RX serial=06 dst=00 code=00 reg=0x0200000B len=1 raw=55aa0006fe000000000000000b00000201006756
[TCP] TX bytes=21 raw=aa55000600fe0000000000000b0000020100006756
[TCP] RX serial=07 dst=00 code=00 reg=0x05065000 len=10 raw=55aa0007fe00000000000000005006050a00bf56
[TCP] TX bytes=30 raw=aa55000700fe000000000000005006050a0000000000000000000000bf56
[TCP] RX serial=08 dst=00 code=00 reg=0x02000023 len=1 raw=55aa0008fe000000000000002300000201008156
[TCP] TX bytes=21 raw=aa55000800fe000000000000230000020100008156
[TCP] RX serial=09 dst=00 code=00 reg=0x03100109 len=1 raw=55aa0009fe000000000000000901100301007a56
[TCP] TX bytes=21 raw=aa55000900fe000000000000090110030100007a56
[TCP] RX serial=0A dst=00 code=00 reg=0x02000022 len=1 raw=55aa000afe000000000000002200000201008256
[TCP] TX bytes=21 raw=aa55000a00fe000000000000220000020100008256
[TCP] RX serial=0B dst=00 code=00 reg=0x05000000 len=4 raw=55aa000bfe000000000000000000000504006756
[TCP] TX bytes=24 raw=aa55000b00fe000000000000000000050400000000006756
[TCP] RX serial=0C dst=00 code=00 reg=0x02100000 len=15 raw=55aa000cfe00000000000000000010020f008056
[TCP] TX bytes=35 raw=aa55000c00fe000000000000000010020f000000000000000000000000000000008056
[TCP] RX serial=0D dst=00 code=00 reg=0x05065000 len=10 raw=55aa000dfe00000000000000005006050a00c556
[TCP] TX bytes=30 raw=aa55000d00fe000000000000005006050a0000000000000000000000c556
[TCP] RX serial=0E dst=00 code=00 reg=0x00000016 len=8 raw=55aa000efe000000000000001600000008007f56
[TCP] TX bytes=28 raw=aa55000e00fe0000000000001600000008004d363630000100006957
[TCP] RX serial=0F dst=00 code=00 reg=0x02000000 len=256 raw=55aa000ffe000000000000000000000200016556
[TCP] TX bytes=276 raw=aa55000f00fe000000000000000000020001000000000000000000000000000000000000000000000000000000000000000000000000000000000000...
[TCP] RX serial=10 dst=00 code=00 reg=0x02000100 len=256 raw=55aa0010fe000000000000000001000200016756
[TCP] TX bytes=276 raw=aa55001000fe000000000000000100020001000000000000000000000000000000000000000000000000000000000000000000000000000000000000...
[TCP] RX serial=11 dst=FF code=01 reg=0x02000011 len=6 raw=55aa0011feff0000000001001100000206002603040031340f58
[TCP] TX bytes=20 raw=aa550011fffe0000000001001100000206007d57
[TCP] RX serial=12 dst=00 code=00 reg=0x05000000 len=4 raw=55aa0012fe000000000000000000000504006e56
[TCP] TX bytes=24 raw=aa55001200fe000000000000000000050400000000006e56
[TCP] RX serial=13 dst=00 code=00 reg=0x02100000 len=15 raw=55aa0013fe00000000000000000010020f008756
[TCP] TX bytes=35 raw=aa55001300fe000000000000000010020f000000000000000000000000000000008756
[TCP] RX serial=14 dst=00 code=00 reg=0x05065000 len=10 raw=55aa0014fe00000000000000005006050a00cc56
[TCP] TX bytes=30 raw=aa55001400fe000000000000005006050a0000000000000000000000cc56
[TCP] RX serial=15 dst=00 code=00 reg=0x00000016 len=8 raw=55aa0015fe000000000000001600000008008656
[TCP] TX bytes=28 raw=aa55001500fe0000000000001600000008004d363630000100007057
[TCP] RX serial=16 dst=00 code=00 reg=0x02000000 len=256 raw=55aa0016fe000000000000000000000200016c56
[TCP] TX bytes=276 raw=aa55001600fe000000000000000000020001000000000000000000000000000000000000000000000000000000000000000000000000000000000000...
[TCP] RX serial=17 dst=00 code=00 reg=0x02000100 len=256 raw=55aa0017fe000000000000000001000200016e56
[TCP] TX bytes=276 raw=aa55001700fe000000000000000100020001000000000000000000000000000000000000000000000000000000000000000000000000000000000000...
[TCP] RX serial=18 dst=FF code=01 reg=0x02000011 len=6 raw=55aa0018feff0000000001001100000206002603040031523458
[TCP] TX bytes=20 raw=aa550018fffe0000000001001100000206008457
[TCP] RX serial=19 dst=00 code=00 reg=0x02200117 len=1 raw=55aa0019fe00000000000000170120020100a756
[TCP] TX bytes=21 raw=aa55001900fe00000000000017012002010000a756
[TCP] RX serial=1A dst=00 code=00 reg=0x02000000 len=256 raw=55aa001afe000000000000000000000200017056
[TCP] TX bytes=276 raw=aa55001a00fe000000000000000000020001000000000000000000000000000000000000000000000000000000000000000000000000000000000000...
[TCP] RX serial=1B dst=00 code=00 reg=0x02000100 len=256 raw=55aa001bfe000000000000000001000200017256
[TCP] TX bytes=276 raw=aa55001b00fe000000000000000100020001000000000000000000000000000000000000000000000000000000000000000000000000000000000000...
[TCP] RX serial=1C dst=00 code=00 reg=0x02020020 len=64 raw=55aa001cfe00000000000000200002024000d356
[TCP] TX bytes=84 raw=aa55001c00fe000000000000200002024000000000000000000000000000000000000000000000000000000000000000000000000000000000000000...
[TCP] RX serial=1D dst=00 code=00 reg=0x0200000B len=1 raw=55aa001dfe000000000000000b00000201007e56
[TCP] TX bytes=21 raw=aa55001d00fe0000000000000b0000020100007e56
[TCP] RX serial=1E dst=00 code=00 reg=0x08000000 len=256 raw=55aa001efe000000000000000000000800017a56
[TCP] TX bytes=276 raw=aa55001e00fe000000000000000000080001000000000000000000000000000000000000000000000000000000000000000000000000000000000000...
[TCP] RX serial=1F dst=00 code=00 reg=0x0200009D len=1 raw=55aa001ffe000000000000009d00000201001257
[TCP] TX bytes=21 raw=aa55001f00fe0000000000009d0000020100001257
[TCP] RX serial=20 dst=00 code=00 reg=0x02000023 len=1 raw=55aa0020fe000000000000002300000201009956
[TCP] TX bytes=21 raw=aa55002000fe000000000000230000020100009956
[TCP] RX serial=CE dst=00 code=00 reg=0x00000002 len=2 raw=55aa00cefe000000000000000200000002002557
[TCP] TX bytes=22 raw=aa5500ce00fe00000000000002000000020001113757
[TCP] RX serial=55 dst=00 code=00 reg=0x00000016 len=8 raw=55aa0055fe00000000000000160000000800c656
[TCP] TX bytes=28 raw=aa55005500fe0000000000001600000008004d36363000010000b057
[TCP] RX serial=35 dst=00 code=00 reg=0x14000000 len=88 raw=55aa0035fe00000000000000000000145800f456
[TCP] TX bytes=108 raw=aa55003500fe0000000000000000001458004e5354520405060708090a0b0c0d0e0f101112131415161718191a1b1c1d1e1f20212223242526272829...
[TCP] RX serial=3B dst=00 code=00 reg=0x00000006 len=1 raw=55aa003bfe000000000000000600000001009556
[TCP] TX bytes=21 raw=aa55003b00fe000000000000060000000100019656
[TCP] RX serial=BF dst=01 code=00 reg=0x00000002 len=2 raw=55aa00bffe010000000000000200000002001757
[TCP] TX bytes=20 raw=aa5501bf01fe0000000000000200000002001857
[TCP] RX serial=21 dst=00 code=00 reg=0x0200004B len=1 raw=55aa0021fe000000000000004b0000020100c256
[TCP] TX bytes=21 raw=aa55002100fe0000000000004b000002010000c256
[TCP] RX serial=22 dst=00 code=00 reg=0x03100109 len=1 raw=55aa0022fe000000000000000901100301009356
[TCP] TX bytes=21 raw=aa55002200fe000000000000090110030100009356
[TCP] RX serial=23 dst=00 code=00 reg=0x0200009D len=1 raw=55aa0023fe000000000000009d00000201001657
[TCP] TX bytes=21 raw=aa55002300fe0000000000009d0000020100001657
[TCP] RX serial=24 dst=00 code=00 reg=0x02000022 len=1 raw=55aa0024fe000000000000002200000201009c56
[TCP] TX bytes=21 raw=aa55002400fe000000000000220000020100009c56
[TCP] RX serial=25 dst=00 code=00 reg=0x0200009D len=1 raw=55aa0025fe000000000000009d00000201001857
[TCP] TX bytes=21 raw=aa55002500fe0000000000009d0000020100001857
[TCP] RX serial=26 dst=00 code=00 reg=0x05000000 len=4 raw=55aa0026fe000000000000000000000504008256
[TCP] TX bytes=24 raw=aa55002600fe000000000000000000050400000000008256
[TCP] RX serial=27 dst=00 code=00 reg=0x02100000 len=15 raw=55aa0027fe00000000000000000010020f009b56
[TCP] TX bytes=35 raw=aa55002700fe000000000000000010020f000000000000000000000000000000009b56
[TCP] RX serial=28 dst=00 code=00 reg=0x05065000 len=10 raw=55aa0028fe00000000000000005006050a00e056
[TCP] TX bytes=30 raw=aa55002800fe000000000000005006050a0000000000000000000000e056
[TCP] RX serial=29 dst=00 code=00 reg=0x00000016 len=8 raw=55aa0029fe000000000000001600000008009a56
[TCP] TX bytes=28 raw=aa55002900fe0000000000001600000008004d363630000100008457
[TCP] RX serial=2A dst=00 code=00 reg=0x02000000 len=256 raw=55aa002afe000000000000000000000200018056
[TCP] TX bytes=276 raw=aa55002a00fe000000000000000000020001000000000000000000000000000000000000000000000000000000000000000000000000000000000000...
[TCP] RX serial=2B dst=00 code=00 reg=0x02000100 len=256 raw=55aa002bfe000000000000000001000200018256
[TCP] TX bytes=276 raw=aa55002b00fe000000000000000100020001000000000000000000000000000000000000000000000000000000000000000000000000000000000000...
[TCP] RX serial=92 dst=FF code=01 reg=0x01000000 len=1 raw=55aa0092feff00000000010000000001010000e757
[TCP] TX bytes=20 raw=aa550092fffe000000000100000000010100e757
[TCP] RX serial=ED dst=00 code=00 reg=0x00000002 len=2 raw=55aa00edfe000000000000000200000002004457
[TCP] TX bytes=22 raw=aa5500ed00fe00000000000002000000020001115657
[TCP] RX serial=DB dst=00 code=00 reg=0x00000016 len=8 raw=55aa00dbfe000000000000001600000008004c57
[TCP] TX bytes=28 raw=aa5500db00fe0000000000001600000008004d363630000100003658
[TCP] RX serial=AA dst=00 code=00 reg=0x14000000 len=88 raw=55aa00aafe000000000000000000001458006957
[TCP] TX bytes=108 raw=aa5500aa00fe0000000000000000001458004e5354520405060708090a0b0c0d0e0f101112131415161718191a1b1c1d1e1f20212223242526272829...
[TCP] RX serial=EE dst=00 code=00 reg=0x00000006 len=1 raw=55aa00eefe000000000000000600000001004857
[TCP] TX bytes=21 raw=aa5500ee00fe000000000000060000000100014957
[TCP] RX serial=3B dst=01 code=00 reg=0x00000002 len=2 raw=55aa003bfe010000000000000200000002009356
[TCP] TX bytes=20 raw=aa55013b01fe0000000000000200000002009456
[TCP] RX serial=2C dst=FF code=01 reg=0x02000011 len=6 raw=55aa002cfeff0000000001001100000206002603040032090058
[TCP] TX bytes=20 raw=aa55002cfffe0000000001001100000206009857
[TCP] RX serial=2D dst=00 code=00 reg=0x02020020 len=64 raw=55aa002dfe00000000000000200002024000e456
[TCP] TX bytes=84 raw=aa55002d00fe000000000000200002024000000000000000000000000000000000000000000000000000000000000000000000000000000000000000...
[TCP] RX serial=2E dst=00 code=00 reg=0x05000000 len=4 raw=55aa002efe000000000000000000000504008a56
[TCP] TX bytes=24 raw=aa55002e00fe000000000000000000050400000000008a56
[TCP] RX serial=2F dst=00 code=00 reg=0x02100000 len=15 raw=55aa002ffe00000000000000000010020f00a356
[TCP] TX bytes=35 raw=aa55002f00fe000000000000000010020f00000000000000000000000000000000a356
[TCP] RX serial=30 dst=00 code=00 reg=0x05065000 len=10 raw=55aa0030fe00000000000000005006050a00e856
[TCP] TX bytes=30 raw=aa55003000fe000000000000005006050a0000000000000000000000e856
[TCP] RX serial=31 dst=00 code=00 reg=0x00000016 len=8 raw=55aa0031fe00000000000000160000000800a256
[TCP] TX bytes=28 raw=aa55003100fe0000000000001600000008004d363630000100008c57
[TCP] RX serial=32 dst=00 code=00 reg=0x02000000 len=256 raw=55aa0032fe000000000000000000000200018856
[TCP] TX bytes=276 raw=aa55003200fe000000000000000000020001000000000000000000000000000000000000000000000000000000000000000000000000000000000000...
[TCP] RX serial=33 dst=00 code=00 reg=0x02000100 len=256 raw=55aa0033fe000000000000000001000200018a56
[TCP] TX bytes=276 raw=aa55003300fe000000000000000100020001000000000000000000000000000000000000000000000000000000000000000000000000000000000000...
[TCP] RX serial=34 dst=FF code=01 reg=0x02000011 len=6 raw=55aa0034feff0000000001001100000206002603040032232258
[TCP] TX bytes=20 raw=aa550034fffe000000000100110000020600a057
[TCP] RX serial=35 dst=00 code=00 reg=0x02020020 len=64 raw=55aa0035fe00000000000000200002024000ec56
[TCP] TX bytes=84 raw=aa55003500fe000000000000200002024000000000000000000000000000000000000000000000000000000000000000000000000000000000000000...
[TCP] RX serial=36 dst=00 code=00 reg=0x05000000 len=4 raw=55aa0036fe000000000000000000000504009256
[TCP] TX bytes=24 raw=aa55003600fe000000000000000000050400000000009256
[TCP] RX serial=37 dst=00 code=00 reg=0x02100000 len=15 raw=55aa0037fe00000000000000000010020f00ab56
[TCP] TX bytes=35 raw=aa55003700fe000000000000000010020f00000000000000000000000000000000ab56
[TCP] RX serial=38 dst=00 code=00 reg=0x05065000 len=10 raw=55aa0038fe00000000000000005006050a00f056
[TCP] TX bytes=30 raw=aa55003800fe000000000000005006050a0000000000000000000000f056
[TCP] RX serial=39 dst=00 code=00 reg=0x00000016 len=8 raw=55aa0039fe00000000000000160000000800aa56
[TCP] TX bytes=28 raw=aa55003900fe0000000000001600000008004d363630000100009457
[TCP] RX serial=3A dst=00 code=00 reg=0x02000000 len=256 raw=55aa003afe000000000000000000000200019056
[TCP] TX bytes=276 raw=aa55003a00fe000000000000000000020001000000000000000000000000000000000000000000000000000000000000000000000000000000000000...
[TCP] RX serial=3B dst=00 code=00 reg=0x02000100 len=256 raw=55aa003bfe000000000000000001000200019256
[TCP] TX bytes=276 raw=aa55003b00fe000000000000000100020001000000000000000000000000000000000000000000000000000000000000000000000000000000000000...
[TCP] RX serial=3C dst=FF code=01 reg=0x02000011 len=6 raw=55aa003cfeff0000000001001100000206002603040032434a58
[TCP] TX bytes=20 raw=aa55003cfffe000000000100110000020600a857
[TCP] RX serial=1E dst=00 code=00 reg=0x00000002 len=2 raw=55aa001efe000000000000000200000002007556
[TCP] TX bytes=22 raw=aa55001e00fe00000000000002000000020001118756
[TCP] RX serial=C5 dst=00 code=00 reg=0x00000016 len=8 raw=55aa00c5fe000000000000001600000008003657
[TCP] TX bytes=28 raw=aa5500c500fe0000000000001600000008004d363630000100002058
[TCP] RX serial=6E dst=00 code=00 reg=0x14000000 len=88 raw=55aa006efe000000000000000000001458002d57
[TCP] TX bytes=108 raw=aa55006e00fe0000000000000000001458004e5354520405060708090a0b0c0d0e0f101112131415161718191a1b1c1d1e1f20212223242526272829...
[TCP] RX serial=39 dst=00 code=00 reg=0x00000006 len=1 raw=55aa0039fe000000000000000600000001009356
[TCP] TX bytes=21 raw=aa55003900fe000000000000060000000100019456
[TCP] RX serial=12 dst=01 code=00 reg=0x00000002 len=2 raw=55aa0012fe010000000000000200000002006a56
[TCP] TX bytes=20 raw=aa55011201fe0000000000000200000002006b56
[TCP] RX serial=3D dst=00 code=00 reg=0x02200117 len=1 raw=55aa003dfe00000000000000170120020100cb56
[TCP] TX bytes=21 raw=aa55003d00fe00000000000017012002010000cb56
[TCP] RX serial=3E dst=00 code=00 reg=0x02000000 len=256 raw=55aa003efe000000000000000000000200019456
[TCP] TX bytes=276 raw=aa55003e00fe000000000000000000020001000000000000000000000000000000000000000000000000000000000000000000000000000000000000...
[TCP] RX serial=3F dst=00 code=00 reg=0x02000100 len=256 raw=55aa003ffe000000000000000001000200019656
[TCP] TX bytes=276 raw=aa55003f00fe000000000000000100020001000000000000000000000000000000000000000000000000000000000000000000000000000000000000...
[TCP] RX serial=40 dst=00 code=00 reg=0x02020020 len=64 raw=55aa0040fe00000000000000200002024000f756
[TCP] TX bytes=84 raw=aa55004000fe000000000000200002024000000000000000000000000000000000000000000000000000000000000000000000000000000000000000...
[TCP] RX serial=41 dst=00 code=00 reg=0x0200009D len=1 raw=55aa0041fe000000000000009d00000201003457
[TCP] TX bytes=21 raw=aa55004100fe0000000000009d0000020100003457
[TCP] RX serial=42 dst=00 code=00 reg=0x05000000 len=4 raw=55aa0042fe000000000000000000000504009e56
[TCP] TX bytes=24 raw=aa55004200fe000000000000000000050400000000009e56
[TCP] RX serial=43 dst=00 code=00 reg=0x02100000 len=15 raw=55aa0043fe00000000000000000010020f00b756
[TCP] TX bytes=35 raw=aa55004300fe000000000000000010020f00000000000000000000000000000000b756
[TCP] RX serial=44 dst=00 code=00 reg=0x05065000 len=10 raw=55aa0044fe00000000000000005006050a00fc56
[TCP] TX bytes=30 raw=aa55004400fe000000000000005006050a0000000000000000000000fc56
[TCP] RX serial=45 dst=00 code=00 reg=0x00000016 len=8 raw=55aa0045fe00000000000000160000000800b656
[TCP] TX bytes=28 raw=aa55004500fe0000000000001600000008004d36363000010000a057
[TCP] RX serial=46 dst=00 code=00 reg=0x02000000 len=256 raw=55aa0046fe000000000000000000000200019c56
[TCP] TX bytes=276 raw=aa55004600fe000000000000000000020001000000000000000000000000000000000000000000000000000000000000000000000000000000000000...
[TCP] RX serial=47 dst=00 code=00 reg=0x02000100 len=256 raw=55aa0047fe000000000000000001000200019e56
[TCP] TX bytes=276 raw=aa55004700fe000000000000000100020001000000000000000000000000000000000000000000000000000000000000000000000000000000000000...
[TCP] RX serial=48 dst=FF code=01 reg=0x02000011 len=6 raw=55aa0048feff0000000001001100000206002603040033031758
[TCP] TX bytes=20 raw=aa550048fffe000000000100110000020600b457
[TCP] RX serial=49 dst=00 code=00 reg=0x0200009D len=1 raw=55aa0049fe000000000000009d00000201003c57
[TCP] TX bytes=21 raw=aa55004900fe0000000000009d0000020100003c57
[TCP] RX serial=08 dst=00 code=00 reg=0x00000002 len=2 raw=55aa0008fe000000000000000200000002005f56
[TCP] TX bytes=22 raw=aa55000800fe00000000000002000000020001117156
[TCP] RX serial=80 dst=00 code=00 reg=0x00000016 len=8 raw=55aa0080fe00000000000000160000000800f156
[TCP] TX bytes=28 raw=aa55008000fe0000000000001600000008004d36363000010000db57
[TCP] RX serial=07 dst=00 code=00 reg=0x14000000 len=88 raw=55aa0007fe00000000000000000000145800c656
[TCP] TX bytes=108 raw=aa55000700fe0000000000000000001458004e5354520405060708090a0b0c0d0e0f101112131415161718191a1b1c1d1e1f20212223242526272829...
[TCP] RX serial=89 dst=00 code=00 reg=0x00000006 len=1 raw=55aa0089fe00000000000000060000000100e356
[TCP] TX bytes=21 raw=aa55008900fe00000000000006000000010001e456
[TCP] RX serial=D2 dst=01 code=00 reg=0x00000002 len=2 raw=55aa00d2fe010000000000000200000002002a57
[TCP] TX bytes=20 raw=aa5501d201fe0000000000000200000002002b57
