[TCP] Listening on 0.0.0.0:5200 allowed_dst=[0, 1, 255]
[EMU] FIRST4_BUILDER_MODE=mirror_minimal
[TCP] Conn#1 from ('192.168.0.10', 6129)
[TCP] RX serial=B5 src=FE dst=FF dev=00 port=00 rcv=0000 code=01 reg=0x01000000 len=1
[TCP] TX ack=00 bytes=20
[TCP] RX serial=B9 src=FE dst=00 dev=00 port=00 rcv=0000 code=00 reg=0x00000002 len=2
[TCP] TX ack=00 bytes=22
[TCP] RX serial=6B src=FE dst=00 dev=00 port=00 rcv=0000 code=00 reg=0x00000016 len=8
[TCP] TX ack=00 bytes=28
[TCP] RX serial=D9 src=FE dst=00 dev=00 port=00 rcv=0000 code=00 reg=0x14000000 len=88
[TCP] TX ack=00 bytes=108
[TCP] RX serial=47 src=FE dst=00 dev=00 port=00 rcv=0000 code=00 reg=0x00000006 len=1
[TCP] TX ack=00 bytes=21
[TCP] RX serial=DA src=FE dst=01 dev=00 port=00 rcv=0000 code=00 reg=0x00000002 len=2
[TCP] TX ack=01 bytes=20
[TCP] RX serial=01 src=FE dst=00 dev=00 port=00 rcv=0000 code=00 reg=0x05000000 len=4
[EMU] RCFG READ reg=0x05000000 dev=00 port=00 rcv=0000 dst=00 data=00000000
[TCP] TX ack=00 bytes=24
[TCP] RX serial=02 src=FE dst=00 dev=00 port=00 rcv=0000 code=00 reg=0x02100000 len=15
[EMU] RCFG READ reg=0x02100000 dev=00 port=00 rcv=0000 dst=00 data=000000000000000000000000000000
[TCP] TX ack=00 bytes=35
[TCP] RX serial=03 src=FE dst=00 dev=00 port=00 rcv=0000 code=00 reg=0x00000000 len=2
[TCP] TX ack=00 bytes=22
[TCP] RX serial=04 src=FE dst=00 dev=00 port=00 rcv=0000 code=00 reg=0x05065000 len=10
[EMU] RCFG READ reg=0x05065000 dev=00 port=00 rcv=0000 dst=00 data=00000000000000000000
[TCP] TX ack=00 bytes=30
[TCP] RX serial=05 src=FE dst=00 dev=00 port=00 rcv=0000 code=00 reg=0x05066000 len=256
[EMU] RCFG READ reg=0x05066000 dev=00 port=00 rcv=0000 dst=00 data=000000000000000000000000000000000000000000000000000000000000000000000000000000000000000000000000...
[TCP] TX ack=00 bytes=276
[TCP] RX serial=06 src=FE dst=00 dev=00 port=00 rcv=0000 code=00 reg=0x00000002 len=2
[TCP] TX ack=00 bytes=22
[TCP] RX serial=07 src=FE dst=00 dev=00 port=00 rcv=0000 code=00 reg=0x0200000B len=1
[EMU] VALIDATION STATE reg=0x0200000B dst=00 route_count=0 commit=0 configured=0 accepted=0 save=0 postreads=0
[EMU] VALIDATION READ reg=0x0200000B dev=00 port=00 rcv=0000 dst=00 data=00
[TCP] TX ack=00 bytes=21
[TCP] RX serial=08 src=FE dst=00 dev=00 port=00 rcv=0000 code=00 reg=0x02000023 len=1
[EMU] VALIDATION STATE reg=0x02000023 dst=00 route_count=0 commit=0 configured=0 accepted=0 save=0 postreads=0
[EMU] VALIDATION READ reg=0x02000023 dev=00 port=00 rcv=0000 dst=00 data=00
[TCP] TX ack=00 bytes=21
[TCP] RX serial=09 src=FE dst=00 dev=00 port=00 rcv=0000 code=00 reg=0x03100109 len=1
[EMU] VALIDATION STATE reg=0x03100109 dst=00 route_count=0 commit=0 configured=0 accepted=0 save=0 postreads=0
[EMU] VALIDATION READ reg=0x03100109 dev=00 port=00 rcv=0000 dst=00 data=01
[TCP] TX ack=00 bytes=21
[TCP] RX serial=0A src=FE dst=00 dev=00 port=00 rcv=0000 code=00 reg=0x02000022 len=1
[EMU] VALIDATION STATE reg=0x02000022 dst=00 route_count=0 commit=0 configured=0 accepted=0 save=0 postreads=0
[EMU] VALIDATION READ reg=0x02000022 dev=00 port=00 rcv=0000 dst=00 data=00
[TCP] TX ack=00 bytes=21
[TCP] RX serial=0B src=FE dst=00 dev=00 port=00 rcv=0000 code=00 reg=0x05000000 len=4
[EMU] RCFG READ reg=0x05000000 dev=00 port=00 rcv=0000 dst=00 data=00000000
[TCP] TX ack=00 bytes=24
[TCP] RX serial=0C src=FE dst=00 dev=00 port=00 rcv=0000 code=00 reg=0x02100000 len=15
[EMU] RCFG READ reg=0x02100000 dev=00 port=00 rcv=0000 dst=00 data=000000000000000000000000000000
[TCP] TX ack=00 bytes=35
[TCP] RX serial=0D src=FE dst=00 dev=00 port=00 rcv=0000 code=00 reg=0x05065000 len=10
[EMU] RCFG READ reg=0x05065000 dev=00 port=00 rcv=0000 dst=00 data=00000000000000000000
[TCP] TX ack=00 bytes=30
[TCP] RX serial=0E src=FE dst=00 dev=00 port=00 rcv=0000 code=00 reg=0x00000016 len=8
[TCP] TX ack=00 bytes=28
[TCP] RX serial=0F src=FE dst=00 dev=00 port=00 rcv=0000 code=00 reg=0x02000000 len=256
[EMU] Rebuilding controller screen blocks from 0 cabinet entries
[EMU] FIRST4_BUILDER_MODE=mirror_minimal
[EMU] ---- ROUTING_WRITES ----
[EMU] (none)
[EMU] ---- SCREEN_WRITES ----
[EMU] (none)
[EMU] ---- CABINETS ----
[EMU] (none)
[EMU] ---- RCFG_STATE ----
[EMU] (none)
[EMU] Screen blocks rebuilt for dev=00 port=00 entries=0
[EMU] FIRST4 active_mode=mirror_minimal shaped_entries=0
[EMU] 0x02000000 head=010100000020010100000000000000000000000000000000000000000000000000000000000000000000000000000000...
[EMU] 0x02000100 head=01a500000020010100000000000000000000000000000000000000000000000000000000000000000000000000000000...
[EMU] 0x02020020 head=010000000000000000000000000000000000000000000000000000000000000000000000000000000000000000000000...
[EMU] 0x08000000 head=000000000000000000000000000000000000000000000000000000000000000000000000000000000000000000000000...
[EMU_FULL] 0x02000000=01010000002001010000000000000000000000000000000000000000000000000000000000000000000000000000000000000000000000000000000000000000000000000000000000000000000000000000000000000000000000000000000000000000000000000000000000000000000000000000000000000000000000000000000000000000000000000000000000000000000000000000000000000000000000000000000000000000000000000000000000000000000000000000000000000000000000000000000000000000000000000000000000000000000000000000000000000000000000000000000000000000000000000000000000000000
[EMU_FULL] 0x02000100=01a50000002001010000000000000000000000000000000000000000000000000000000000000000000000000000000000000000000000000000000000000000000000000000000000000000000000000000000000000000000000000000000000000000000000000000000000000000000000000000000000000000000000000000000000000000000000000000000000000000000000000000000000000000000000000000000000000000000000000000000000000000000000000000000000000000000000000000000000000000000000000000000000000000000000000000000000000000000000000000000000000000000000000000000000000000
[EMU_FULL] 0x02020020=01000000000000000000000000000000000000000000000000000000000000000000000000000000000000000000000000000000000000000000000000000000
[EMU_FULL] 0x08000000=00000000000000000000000000000000000000000000000000000000000000000000000000000000000000000000000000000000000000000000000000000000000000000000000000000000000000000000000000000000000000000000000000000000000000000000000000000000000000000000000000000000000000000000000000000000000000000000000000000000000000000000000000000000000000000000000000000000000000000000000000000000000000000000000000000000000000000000000000000000000000000000000000000000000000000000000000000000000000000000000000000000000000000000000000000000
[EMU] ---- FIRST4 STRUCTURED DUMP ----
[EMU] 02000000 00:0101000000200101 | 08:0000000000000000 | 10:0000000000000000 | 18:0000000000000000 | 20:0000000000000000 | 28:0000000000000000
[EMU] 02000100 00:01a5000000200101 | 08:0000000000000000 | 10:0000000000000000 | 18:0000000000000000 | 20:0000000000000000 | 28:0000000000000000
[EMU] 02020020 00:0100000000000000 | 08:0000000000000000 | 10:0000000000000000 | 18:0000000000000000
[EMU] 08000000 00:0000000000000000 | 08:0000000000000000 | 10:0000000000000000 | 18:0000000000000000
[EMU] READBACK reg=0x02000000 dev=00 port=00 rcv=0000 dst=00 data=010100000020010100000000000000000000000000000000000000000000000000000000000000000000000000000000...
[TCP] TX ack=00 bytes=276
[TCP] RX serial=10 src=FE dst=00 dev=00 port=00 rcv=0000 code=00 reg=0x02000100 len=256
[EMU] READBACK reg=0x02000100 dev=00 port=00 rcv=0000 dst=00 data=01a500000020010100000000000000000000000000000000000000000000000000000000000000000000000000000000...
[TCP] TX ack=00 bytes=276
[TCP] RX serial=11 src=FE dst=FF dev=00 port=00 rcv=0000 code=01 reg=0x02000011 len=6
[EMU] ROUTE CMD reg=0x02000011 dst=FF dev=00 port=00 rcv=0000 data=260316160855
[EMU] Rebuilding controller screen blocks from 1 cabinet entries
[EMU] FIRST4_BUILDER_MODE=mirror_minimal
[EMU] ---- ROUTING_WRITES ----
[EMU] RAW[00] dev=00 port=00 rcv=0000 dst=FF data=260316160855
[EMU] ---- SCREEN_WRITES ----
[EMU] ROUTE[00] dev=00 port=00 rcv=0000 dst=FF group=26 a=03 b=16 c=16 x=08 y=55 word=0x0855 raw=260316160855
[EMU] ---- CABINETS ----
[EMU] CAB[00] tile=00 port=00 chain=00 cascade=00 lx=00 ly=00 group=26 c=16 route=0x0855
[EMU] ---- RCFG_STATE ----
[EMU] (none)
[EMU] Screen blocks rebuilt for dev=00 port=00 entries=1
[EMU] FIRST4 active_mode=mirror_minimal shaped_entries=1
[EMU] 0x02000000 head=010100000120010100000000000000000000000000000000000000000000000000000000000000000000000000000000...
[EMU] 0x02000100 head=01a500000120010100000000000000000000000008550000000000000000000000000000000000000000000000000000...
[EMU] 0x02020020 head=010000010000000000000001000000000000000000000000000000000000000000000000000000000000000000000000...
[EMU] 0x08000000 head=000000010000000000000000000000000000000000000000000000000000000000000000000000000000000000000000...
[EMU_FULL] 0x02000000=01010000012001010000000000000000000000000000000000000000000000000000000000000000000000000000000000000000000000000000000000000000000000000000000000000000000000000000000000000000000000000000000000000000000000000000000000000000000000000000000000000000000000000000000000000000000000000000000000000000000000000000000000000000000000000000000000000000000000000000000000000000000000000000000000000000000000000000000000000000000000000000000000000000000000000000000000000000000000000000000000000000000000000000000000000000
[EMU_FULL] 0x02000100=01a50000012001010000000000000000000000000855000000000000000000000000000000000000000000000000000000000000000000000000000000000000000000000000000000000000000000000000000000000000000000000000000000000000000000000000000000000000000000000000000000000000000000000000000000000000000000000000000000000000000000000000000000000000000000000000000000000000000000000000000000000000000000000000000000000000000000000000000000000000000000000000000000000000000000000000000000000000000000000000000000000000000000000000000000000000
[EMU_FULL] 0x02020020=01000001000000000000000100000000000000000000000000000000000000000000000000000000000000000000000000000000000000000000000000000000
[EMU_FULL] 0x08000000=00000001000000000000000000000000000000000000000000000000000000000000000000000000000000000000000000000000000000000000000000000000000000000000000000000000000000000000000000000000000000000000000000000000000000000000000000000000000000000000000000000000000000000000000000000000000000000000000000000000000000000000000000000000000000000000000000000000000000000000000000000000000000000000000000000000000000000000000000000000000000000000000000000000000000000000000000000000000000000000000000000000000000000000000000000000
[EMU] ---- FIRST4 STRUCTURED DUMP ----
[EMU] 02000000 00:0101000001200101 | 08:0000000000000000 | 10:0000000000000000 | 18:0000000000000000 | 20:0000000000000000 | 28:0000000000000000
[EMU] 02000100 00:01a5000001200101 | 08:0000000000000000 | 10:0000000008550000 | 18:0000000000000000 | 20:0000000000000000 | 28:0000000000000000
[EMU] 02020020 00:0100000100000000 | 08:0000000100000000 | 10:0000000000000000 | 18:0000000000000000
[EMU] 08000000 00:0000000100000000 | 08:0000000000000000 | 10:0000000000000000 | 18:0000000000000000
[TCP] TX ack=00 bytes=20
[TCP] RX serial=12 src=FE dst=00 dev=00 port=00 rcv=0000 code=00 reg=0x05000000 len=4
[EMU] RCFG READ reg=0x05000000 dev=00 port=00 rcv=0000 dst=00 data=00000000
[TCP] TX ack=00 bytes=24
[TCP] RX serial=13 src=FE dst=00 dev=00 port=00 rcv=0000 code=00 reg=0x02100000 len=15
[EMU] RCFG READ reg=0x02100000 dev=00 port=00 rcv=0000 dst=00 data=000000000000000000000000000000
[TCP] TX ack=00 bytes=35
[TCP] RX serial=14 src=FE dst=00 dev=00 port=00 rcv=0000 code=00 reg=0x05065000 len=10
[EMU] RCFG READ reg=0x05065000 dev=00 port=00 rcv=0000 dst=00 data=00000000000000000000
[TCP] TX ack=00 bytes=30
[TCP] RX serial=15 src=FE dst=00 dev=00 port=00 rcv=0000 code=00 reg=0x00000016 len=8
[TCP] TX ack=00 bytes=28
[TCP] RX serial=16 src=FE dst=00 dev=00 port=00 rcv=0000 code=00 reg=0x02000000 len=256
[EMU] READBACK reg=0x02000000 dev=00 port=00 rcv=0000 dst=00 data=010100000120010100000000000000000000000000000000000000000000000000000000000000000000000000000000...
[TCP] TX ack=00 bytes=276
[TCP] RX serial=17 src=FE dst=00 dev=00 port=00 rcv=0000 code=00 reg=0x02000100 len=256
[EMU] READBACK reg=0x02000100 dev=00 port=00 rcv=0000 dst=00 data=01a500000120010100000000000000000000000008550000000000000000000000000000000000000000000000000000...
[TCP] TX ack=00 bytes=276
[TCP] RX serial=18 src=FE dst=FF dev=00 port=00 rcv=0000 code=01 reg=0x02000011 len=6
[EMU] ROUTE CMD reg=0x02000011 dst=FF dev=00 port=00 rcv=0000 data=260316160913
[EMU] Rebuilding controller screen blocks from 2 cabinet entries
[EMU] FIRST4_BUILDER_MODE=mirror_minimal
[EMU] ---- ROUTING_WRITES ----
[EMU] RAW[00] dev=00 port=00 rcv=0000 dst=FF data=260316160855
[EMU] RAW[01] dev=00 port=00 rcv=0000 dst=FF data=260316160913
[EMU] ---- SCREEN_WRITES ----
[EMU] ROUTE[00] dev=00 port=00 rcv=0000 dst=FF group=26 a=03 b=16 c=16 x=08 y=55 word=0x0855 raw=260316160855
[EMU] ROUTE[01] dev=00 port=00 rcv=0000 dst=FF group=26 a=03 b=16 c=16 x=09 y=13 word=0x0913 raw=260316160913
[EMU] ---- CABINETS ----
[EMU] CAB[00] tile=00 port=00 chain=00 cascade=01 lx=01 ly=00 group=26 c=16 route=0x0913
[EMU] CAB[01] tile=01 port=00 chain=00 cascade=00 lx=00 ly=01 group=26 c=16 route=0x0855
[EMU] ---- RCFG_STATE ----
[EMU] (none)
[EMU] Screen blocks rebuilt for dev=00 port=00 entries=2
[EMU] FIRST4 active_mode=mirror_minimal shaped_entries=2
[EMU] 0x02000000 head=010100000220010100000000000000000000000100000000000101000000000000000000000000000000000000000000...
[EMU] 0x02000100 head=01a500000220010100000000000000000001000008550000000001000913000000000000000000000000000000000000...
[EMU] 0x02020020 head=010000020000000000010001000001010000000000000000000000000000000000000000000000000000000000000000...
[EMU] 0x08000000 head=000100010000010100000000000000000000000000000000000000000000000000000000000000000000000000000000...
[EMU_FULL] 0x02000000=01010000022001010000000000000000000000010000000000010100000000000000000000000000000000000000000000000000000000000000000000000000000000000000000000000000000000000000000000000000000000000000000000000000000000000000000000000000000000000000000000000000000000000000000000000000000000000000000000000000000000000000000000000000000000000000000000000000000000000000000000000000000000000000000000000000000000000000000000000000000000000000000000000000000000000000000000000000000000000000000000000000000000000000000000000000
[EMU_FULL] 0x02000100=01a50000022001010000000000000000000100000855000000000100091300000000000000000000000000000000000000000000000000000000000000000000000000000000000000000000000000000000000000000000000000000000000000000000000000000000000000000000000000000000000000000000000000000000000000000000000000000000000000000000000000000000000000000000000000000000000000000000000000000000000000000000000000000000000000000000000000000000000000000000000000000000000000000000000000000000000000000000000000000000000000000000000000000000000000000000
[EMU_FULL] 0x02020020=01000002000000000001000100000101000000000000000000000000000000000000000000000000000000000000000000000000000000000000000000000000
[EMU_FULL] 0x08000000=00010001000001010000000000000000000000000000000000000000000000000000000000000000000000000000000000000000000000000000000000000000000000000000000000000000000000000000000000000000000000000000000000000000000000000000000000000000000000000000000000000000000000000000000000000000000000000000000000000000000000000000000000000000000000000000000000000000000000000000000000000000000000000000000000000000000000000000000000000000000000000000000000000000000000000000000000000000000000000000000000000000000000000000000000000000
[EMU] ---- FIRST4 STRUCTURED DUMP ----
[EMU] 02000000 00:0101000002200101 | 08:0000000000000000 | 10:0000000100000000 | 18:0001010000000000 | 20:0000000000000000 | 28:0000000000000000
[EMU] 02000100 00:01a5000002200101 | 08:0000000000000000 | 10:0001000008550000 | 18:0000010009130000 | 20:0000000000000000 | 28:0000000000000000
[EMU] 02020020 00:0100000200000000 | 08:0001000100000101 | 10:0000000000000000 | 18:0000000000000000
[EMU] 08000000 00:0001000100000101 | 08:0000000000000000 | 10:0000000000000000 | 18:0000000000000000
[TCP] TX ack=00 bytes=20
[TCP] RX serial=19 src=FE dst=00 dev=00 port=00 rcv=0000 code=00 reg=0x02200117 len=1
[EMU] VALIDATION STATE reg=0x02200117 dst=00 route_count=2 commit=0 configured=0 accepted=0 save=0 postreads=0
[EMU] VALIDATION READ reg=0x02200117 dev=00 port=00 rcv=0000 dst=00 data=00
[TCP] TX ack=00 bytes=21
[TCP] RX serial=1A src=FE dst=00 dev=00 port=00 rcv=0000 code=00 reg=0x02000000 len=256
[EMU] READBACK reg=0x02000000 dev=00 port=00 rcv=0000 dst=00 data=010100000220010100000000000000000000000100000000000101000000000000000000000000000000000000000000...
[TCP] TX ack=00 bytes=276
[TCP] RX serial=1B src=FE dst=00 dev=00 port=00 rcv=0000 code=00 reg=0x02000100 len=256
[EMU] READBACK reg=0x02000100 dev=00 port=00 rcv=0000 dst=00 data=01a500000220010100000000000000000001000008550000000001000913000000000000000000000000000000000000...
[TCP] TX ack=00 bytes=276
[TCP] RX serial=1C src=FE dst=00 dev=00 port=00 rcv=0000 code=00 reg=0x02020020 len=64
[EMU] READBACK reg=0x02020020 dev=00 port=00 rcv=0000 dst=00 data=010000020000000000010001000001010000000000000000000000000000000000000000000000000000000000000000...
[TCP] TX ack=00 bytes=84
[TCP] RX serial=46 src=FE dst=00 dev=00 port=00 rcv=0000 code=00 reg=0x00000002 len=2
[TCP] TX ack=00 bytes=22
[TCP] RX serial=D3 src=FE dst=00 dev=00 port=00 rcv=0000 code=00 reg=0x00000016 len=8
[TCP] TX ack=00 bytes=28
[TCP] RX serial=32 src=FE dst=00 dev=00 port=00 rcv=0000 code=00 reg=0x14000000 len=88
[TCP] TX ack=00 bytes=108
[TCP] RX serial=22 src=FE dst=00 dev=00 port=00 rcv=0000 code=00 reg=0x00000006 len=1
[TCP] TX ack=00 bytes=21
[TCP] RX serial=24 src=FE dst=01 dev=00 port=00 rcv=0000 code=00 reg=0x00000002 len=2
[TCP] TX ack=01 bytes=20
[TCP] RX serial=1D src=FE dst=00 dev=00 port=00 rcv=0000 code=00 reg=0x05000000 len=4
[EMU] RCFG READ reg=0x05000000 dev=00 port=00 rcv=0000 dst=00 data=00000000
[TCP] TX ack=00 bytes=24
[TCP] RX serial=1E src=FE dst=00 dev=00 port=00 rcv=0000 code=00 reg=0x05000000 len=4
[EMU] RCFG READ reg=0x05000000 dev=00 port=00 rcv=0000 dst=00 data=00000000
[TCP] TX ack=00 bytes=24
[TCP] RX serial=1F src=FE dst=00 dev=00 port=00 rcv=0000 code=00 reg=0x02100000 len=15
[EMU] RCFG READ reg=0x02100000 dev=00 port=00 rcv=0000 dst=00 data=000000000000000000000000000000
[TCP] TX ack=00 bytes=35
[TCP] RX serial=20 src=FE dst=00 dev=00 port=00 rcv=0000 code=00 reg=0x02100000 len=15
[EMU] RCFG READ reg=0x02100000 dev=00 port=00 rcv=0000 dst=00 data=000000000000000000000000000000
[TCP] TX ack=00 bytes=35
[TCP] RX serial=21 src=FE dst=00 dev=00 port=00 rcv=0000 code=00 reg=0x05065000 len=10
[EMU] RCFG READ reg=0x05065000 dev=00 port=00 rcv=0000 dst=00 data=00000000000000000000
[TCP] TX ack=00 bytes=30
[TCP] RX serial=22 src=FE dst=00 dev=00 port=00 rcv=0000 code=00 reg=0x05065000 len=10
[EMU] RCFG READ reg=0x05065000 dev=00 port=00 rcv=0000 dst=00 data=00000000000000000000
[TCP] TX ack=00 bytes=30
[TCP] RX serial=23 src=FE dst=00 dev=00 port=00 rcv=0000 code=00 reg=0x00000016 len=8
[TCP] TX ack=00 bytes=28
[TCP] RX serial=24 src=FE dst=00 dev=00 port=00 rcv=0000 code=00 reg=0x0200000B len=1
[EMU] VALIDATION STATE reg=0x0200000B dst=00 route_count=2 commit=0 configured=0 accepted=0 save=0 postreads=0
[EMU] VALIDATION READ reg=0x0200000B dev=00 port=00 rcv=0000 dst=00 data=01
[TCP] TX ack=00 bytes=21
[TCP] RX serial=25 src=FE dst=00 dev=00 port=00 rcv=0000 code=00 reg=0x08000000 len=256
[EMU] READBACK reg=0x08000000 dev=00 port=00 rcv=0000 dst=00 data=000100010000010100000000000000000000000000000000000000000000000000000000000000000000000000000000...
[TCP] TX ack=00 bytes=276
[TCP] RX serial=26 src=FE dst=00 dev=00 port=00 rcv=0000 code=00 reg=0x0200009D len=1
[EMU] VALIDATION STATE reg=0x0200009D dst=00 route_count=2 commit=0 configured=0 accepted=0 save=0 postreads=0
[EMU] VALIDATION READ reg=0x0200009D dev=00 port=00 rcv=0000 dst=00 data=00
[TCP] TX ack=00 bytes=21
[TCP] RX serial=27 src=FE dst=00 dev=00 port=00 rcv=0000 code=00 reg=0x00000016 len=8
[TCP] TX ack=00 bytes=28
[TCP] RX serial=28 src=FE dst=00 dev=00 port=00 rcv=0000 code=00 reg=0x02000000 len=256
[EMU] READBACK reg=0x02000000 dev=00 port=00 rcv=0000 dst=00 data=010100000220010100000000000000000000000100000000000101000000000000000000000000000000000000000000...
[TCP] TX ack=00 bytes=276
[TCP] RX serial=29 src=FE dst=00 dev=00 port=00 rcv=0000 code=00 reg=0x02000100 len=256
[EMU] READBACK reg=0x02000100 dev=00 port=00 rcv=0000 dst=00 data=01a500000220010100000000000000000001000008550000000001000913000000000000000000000000000000000000...
[TCP] TX ack=00 bytes=276
[TCP] RX serial=2A src=FE dst=00 dev=00 port=00 rcv=0000 code=00 reg=0x0200009D len=1
[EMU] VALIDATION STATE reg=0x0200009D dst=00 route_count=2 commit=0 configured=0 accepted=0 save=0 postreads=0
[EMU] VALIDATION READ reg=0x0200009D dev=00 port=00 rcv=0000 dst=00 data=00
[TCP] TX ack=00 bytes=21
[TCP] RX serial=2B src=FE dst=00 dev=00 port=00 rcv=0000 code=00 reg=0x02000023 len=1
[EMU] VALIDATION STATE reg=0x02000023 dst=00 route_count=2 commit=0 configured=0 accepted=0 save=0 postreads=0
[EMU] VALIDATION READ reg=0x02000023 dev=00 port=00 rcv=0000 dst=00 data=00
[TCP] TX ack=00 bytes=21
[TCP] RX serial=2C src=FE dst=00 dev=00 port=00 rcv=0000 code=00 reg=0x03100109 len=1
[EMU] VALIDATION STATE reg=0x03100109 dst=00 route_count=2 commit=0 configured=0 accepted=0 save=0 postreads=0
[EMU] VALIDATION READ reg=0x03100109 dev=00 port=00 rcv=0000 dst=00 data=01
[TCP] TX ack=00 bytes=21
[TCP] RX serial=2D src=FE dst=00 dev=00 port=00 rcv=0000 code=00 reg=0x02000022 len=1
[EMU] VALIDATION STATE reg=0x02000022 dst=00 route_count=2 commit=0 configured=0 accepted=0 save=0 postreads=0
[EMU] VALIDATION READ reg=0x02000022 dev=00 port=00 rcv=0000 dst=00 data=02
[TCP] TX ack=00 bytes=21
[TCP] RX serial=2E src=FE dst=00 dev=00 port=00 rcv=0000 code=00 reg=0x02000000 len=256
[EMU] READBACK reg=0x02000000 dev=00 port=00 rcv=0000 dst=00 data=010100000220010100000000000000000000000100000000000101000000000000000000000000000000000000000000...
[TCP] TX ack=00 bytes=276
[TCP] RX serial=2F src=FE dst=00 dev=00 port=00 rcv=0000 code=00 reg=0x02000100 len=256
[EMU] READBACK reg=0x02000100 dev=00 port=00 rcv=0000 dst=00 data=01a500000220010100000000000000000001000008550000000001000913000000000000000000000000000000000000...
[TCP] TX ack=00 bytes=276
[TCP] RX serial=30 src=FE dst=FF dev=00 port=00 rcv=0000 code=01 reg=0x02000011 len=6
[EMU] ROUTE CMD reg=0x02000011 dst=FF dev=00 port=00 rcv=0000 data=260316160951
[EMU] Rebuilding controller screen blocks from 3 cabinet entries
[EMU] FIRST4_BUILDER_MODE=mirror_minimal
[EMU] ---- ROUTING_WRITES ----
[EMU] RAW[00] dev=00 port=00 rcv=0000 dst=FF data=260316160855
[EMU] RAW[01] dev=00 port=00 rcv=0000 dst=FF data=260316160913
[EMU] RAW[02] dev=00 port=00 rcv=0000 dst=FF data=260316160951
[EMU] ---- SCREEN_WRITES ----
[EMU] ROUTE[00] dev=00 port=00 rcv=0000 dst=FF group=26 a=03 b=16 c=16 x=08 y=55 word=0x0855 raw=260316160855
[EMU] ROUTE[01] dev=00 port=00 rcv=0000 dst=FF group=26 a=03 b=16 c=16 x=09 y=13 word=0x0913 raw=260316160913
[EMU] ROUTE[02] dev=00 port=00 rcv=0000 dst=FF group=26 a=03 b=16 c=16 x=09 y=51 word=0x0951 raw=260316160951
[EMU] ---- CABINETS ----
[EMU] CAB[00] tile=00 port=00 chain=00 cascade=01 lx=01 ly=00 group=26 c=16 route=0x0913
[EMU] CAB[01] tile=01 port=00 chain=00 cascade=02 lx=01 ly=01 group=26 c=16 route=0x0951
[EMU] CAB[02] tile=02 port=00 chain=00 cascade=00 lx=00 ly=02 group=26 c=16 route=0x0855
[EMU] ---- RCFG_STATE ----
[EMU] (none)
[EMU] Screen blocks rebuilt for dev=00 port=00 entries=3
[EMU] FIRST4 active_mode=mirror_minimal shaped_entries=3
[EMU] 0x02000000 head=010100000320010100000000000000000000000100000000000101020000000000020200000000000000000000000000...
[EMU] 0x02000100 head=01a500000320010100000000000000000002000008550000000001000913000000010200095100000000000000000000...
[EMU] 0x02020020 head=010000030000000000020001000001010001020100000000000000000000000000000000000000000000000000000000...
[EMU] 0x08000000 head=000200010000010100010201000000000000000000000000000000000000000000000000000000000000000000000000...
[EMU_FULL] 0x02000000=01010000032001010000000000000000000000010000000000010102000000000002020000000000000000000000000000000000000000000000000000000000000000000000000000000000000000000000000000000000000000000000000000000000000000000000000000000000000000000000000000000000000000000000000000000000000000000000000000000000000000000000000000000000000000000000000000000000000000000000000000000000000000000000000000000000000000000000000000000000000000000000000000000000000000000000000000000000000000000000000000000000000000000000000000000000
[EMU_FULL] 0x02000100=01a50000032001010000000000000000000200000855000000000100091300000001020009510000000000000000000000000000000000000000000000000000000000000000000000000000000000000000000000000000000000000000000000000000000000000000000000000000000000000000000000000000000000000000000000000000000000000000000000000000000000000000000000000000000000000000000000000000000000000000000000000000000000000000000000000000000000000000000000000000000000000000000000000000000000000000000000000000000000000000000000000000000000000000000000000000
[EMU_FULL] 0x02020020=01000003000000000002000100000101000102010000000000000000000000000000000000000000000000000000000000000000000000000000000000000000
[EMU_FULL] 0x08000000=00020001000001010001020100000000000000000000000000000000000000000000000000000000000000000000000000000000000000000000000000000000000000000000000000000000000000000000000000000000000000000000000000000000000000000000000000000000000000000000000000000000000000000000000000000000000000000000000000000000000000000000000000000000000000000000000000000000000000000000000000000000000000000000000000000000000000000000000000000000000000000000000000000000000000000000000000000000000000000000000000000000000000000000000000000000
[EMU] ---- FIRST4 STRUCTURED DUMP ----
[EMU] 02000000 00:0101000003200101 | 08:0000000000000000 | 10:0000000100000000 | 18:0001010200000000 | 20:0002020000000000 | 28:0000000000000000
[EMU] 02000100 00:01a5000003200101 | 08:0000000000000000 | 10:0002000008550000 | 18:0000010009130000 | 20:0001020009510000 | 28:0000000000000000
[EMU] 02020020 00:0100000300000000 | 08:0002000100000101 | 10:0001020100000000 | 18:0000000000000000
[EMU] 08000000 00:0002000100000101 | 08:0001020100000000 | 10:0000000000000000 | 18:0000000000000000
[TCP] TX ack=00 bytes=20
[TCP] RX serial=AC src=FE dst=00 dev=00 port=00 rcv=0000 code=00 reg=0x00000002 len=2
[TCP] TX ack=00 bytes=22
[TCP] RX serial=F2 src=FE dst=00 dev=00 port=00 rcv=0000 code=00 reg=0x00000016 len=8
[TCP] TX ack=00 bytes=28
[TCP] RX serial=31 src=FE dst=FF dev=00 port=00 rcv=0000 code=01 reg=0x02000011 len=6
[EMU] ROUTE CMD reg=0x02000011 dst=FF dev=00 port=00 rcv=0000 data=260316160954
[EMU] Rebuilding controller screen blocks from 4 cabinet entries
[EMU] FIRST4_BUILDER_MODE=mirror_minimal
[EMU] ---- ROUTING_WRITES ----
[EMU] RAW[00] dev=00 port=00 rcv=0000 dst=FF data=260316160855
[EMU] RAW[01] dev=00 port=00 rcv=0000 dst=FF data=260316160913
[EMU] RAW[02] dev=00 port=00 rcv=0000 dst=FF data=260316160951
[EMU] RAW[03] dev=00 port=00 rcv=0000 dst=FF data=260316160954
[EMU] ---- SCREEN_WRITES ----
[EMU] ROUTE[00] dev=00 port=00 rcv=0000 dst=FF group=26 a=03 b=16 c=16 x=08 y=55 word=0x0855 raw=260316160855
[EMU] ROUTE[01] dev=00 port=00 rcv=0000 dst=FF group=26 a=03 b=16 c=16 x=09 y=13 word=0x0913 raw=260316160913
[EMU] ROUTE[02] dev=00 port=00 rcv=0000 dst=FF group=26 a=03 b=16 c=16 x=09 y=51 word=0x0951 raw=260316160951
[EMU] ROUTE[03] dev=00 port=00 rcv=0000 dst=FF group=26 a=03 b=16 c=16 x=09 y=54 word=0x0954 raw=260316160954
[EMU] ---- CABINETS ----
[EMU] CAB[00] tile=00 port=00 chain=00 cascade=01 lx=01 ly=00 group=26 c=16 route=0x0913
[EMU] CAB[01] tile=01 port=00 chain=00 cascade=02 lx=01 ly=01 group=26 c=16 route=0x0951
[EMU] CAB[02] tile=02 port=00 chain=00 cascade=03 lx=01 ly=02 group=26 c=16 route=0x0954
[EMU] CAB[03] tile=03 port=00 chain=00 cascade=00 lx=00 ly=03 group=26 c=16 route=0x0855
[EMU] ---- RCFG_STATE ----
[EMU] (none)
[EMU] Screen blocks rebuilt for dev=00 port=00 entries=4
[EMU] FIRST4 active_mode=mirror_minimal shaped_entries=4
[EMU] 0x02000000 head=010100000420010100000000000000000000000100000000000101020000000000020203000000000003030000000000...
[EMU] 0x02000100 head=01a500000420010100000000000000000003000008550000000001000913000000010200095100000002030009540000...
[EMU] 0x02020020 head=010000040000000000030001000001010001020100020301000000000000000000000000000000000000000000000000...
[EMU] 0x08000000 head=000300010000010100010201000203010000000000000000000000000000000000000000000000000000000000000000...
[EMU_FULL] 0x02000000=01010000042001010000000000000000000000010000000000010102000000000002020300000000000303000000000000000000000000000000000000000000000000000000000000000000000000000000000000000000000000000000000000000000000000000000000000000000000000000000000000000000000000000000000000000000000000000000000000000000000000000000000000000000000000000000000000000000000000000000000000000000000000000000000000000000000000000000000000000000000000000000000000000000000000000000000000000000000000000000000000000000000000000000000000000000
[EMU_FULL] 0x02000100=01a50000042001010000000000000000000300000855000000000100091300000001020009510000000203000954000000000000000000000000000000000000000000000000000000000000000000000000000000000000000000000000000000000000000000000000000000000000000000000000000000000000000000000000000000000000000000000000000000000000000000000000000000000000000000000000000000000000000000000000000000000000000000000000000000000000000000000000000000000000000000000000000000000000000000000000000000000000000000000000000000000000000000000000000000000000
[EMU_FULL] 0x02020020=01000004000000000003000100000101000102010002030100000000000000000000000000000000000000000000000000000000000000000000000000000000
[EMU_FULL] 0x08000000=00030001000001010001020100020301000000000000000000000000000000000000000000000000000000000000000000000000000000000000000000000000000000000000000000000000000000000000000000000000000000000000000000000000000000000000000000000000000000000000000000000000000000000000000000000000000000000000000000000000000000000000000000000000000000000000000000000000000000000000000000000000000000000000000000000000000000000000000000000000000000000000000000000000000000000000000000000000000000000000000000000000000000000000000000000000
[EMU] ---- FIRST4 STRUCTURED DUMP ----
[EMU] 02000000 00:0101000004200101 | 08:0000000000000000 | 10:0000000100000000 | 18:0001010200000000 | 20:0002020300000000 | 28:0003030000000000
[EMU] 02000100 00:01a5000004200101 | 08:0000000000000000 | 10:0003000008550000 | 18:0000010009130000 | 20:0001020009510000 | 28:0002030009540000
[EMU] 02020020 00:0100000400000000 | 08:0003000100000101 | 10:0001020100020301 | 18:0000000000000000
[EMU] 08000000 00:0003000100000101 | 08:0001020100020301 | 10:0000000000000000 | 18:0000000000000000
[TCP] TX ack=00 bytes=20
[TCP] RX serial=F9 src=FE dst=00 dev=00 port=00 rcv=0000 code=00 reg=0x14000000 len=88
[TCP] TX ack=00 bytes=108
[TCP] RX serial=E2 src=FE dst=00 dev=00 port=00 rcv=0000 code=00 reg=0x00000006 len=1
[TCP] TX ack=00 bytes=21
[TCP] RX serial=1F src=FE dst=01 dev=00 port=00 rcv=0000 code=00 reg=0x00000002 len=2
[TCP] TX ack=01 bytes=20
[TCP] RX serial=32 src=FE dst=00 dev=00 port=00 rcv=0000 code=00 reg=0x05000000 len=4
[EMU] RCFG READ reg=0x05000000 dev=00 port=00 rcv=0000 dst=00 data=00000000
[TCP] TX ack=00 bytes=24
[TCP] RX serial=33 src=FE dst=00 dev=00 port=00 rcv=0000 code=00 reg=0x02100000 len=15
[EMU] RCFG READ reg=0x02100000 dev=00 port=00 rcv=0000 dst=00 data=000000000000000000000000000000
[TCP] TX ack=00 bytes=35
[TCP] RX serial=34 src=FE dst=00 dev=00 port=00 rcv=0000 code=00 reg=0x05065000 len=10
[EMU] RCFG READ reg=0x05065000 dev=00 port=00 rcv=0000 dst=00 data=00000000000000000000
[TCP] TX ack=00 bytes=30
[TCP] RX serial=35 src=FE dst=00 dev=00 port=00 rcv=0000 code=00 reg=0x00000016 len=8
[TCP] TX ack=00 bytes=28
[TCP] RX serial=36 src=FE dst=00 dev=00 port=00 rcv=0000 code=00 reg=0x02000000 len=256
[EMU] READBACK reg=0x02000000 dev=00 port=00 rcv=0000 dst=00 data=010100000420010100000000000000000000000100000000000101020000000000020203000000000003030000000000...
[TCP] TX ack=00 bytes=276
[TCP] RX serial=37 src=FE dst=00 dev=00 port=00 rcv=0000 code=00 reg=0x02000100 len=256
[EMU] READBACK reg=0x02000100 dev=00 port=00 rcv=0000 dst=00 data=01a500000420010100000000000000000003000008550000000001000913000000010200095100000002030009540000...
[TCP] TX ack=00 bytes=276
[TCP] RX serial=38 src=FE dst=FF dev=00 port=00 rcv=0000 code=01 reg=0x02000011 len=6
[EMU] ROUTE CMD reg=0x02000011 dst=FF dev=00 port=00 rcv=0000 data=260316161014
[EMU] Rebuilding controller screen blocks from 5 cabinet entries
[EMU] FIRST4_BUILDER_MODE=mirror_minimal
[EMU] ---- ROUTING_WRITES ----
[EMU] RAW[00] dev=00 port=00 rcv=0000 dst=FF data=260316160855
[EMU] RAW[01] dev=00 port=00 rcv=0000 dst=FF data=260316160913
[EMU] RAW[02] dev=00 port=00 rcv=0000 dst=FF data=260316160951
[EMU] RAW[03] dev=00 port=00 rcv=0000 dst=FF data=260316160954
[EMU] RAW[04] dev=00 port=00 rcv=0000 dst=FF data=260316161014
[EMU] ---- SCREEN_WRITES ----
[EMU] ROUTE[00] dev=00 port=00 rcv=0000 dst=FF group=26 a=03 b=16 c=16 x=08 y=55 word=0x0855 raw=260316160855
[EMU] ROUTE[01] dev=00 port=00 rcv=0000 dst=FF group=26 a=03 b=16 c=16 x=09 y=13 word=0x0913 raw=260316160913
[EMU] ROUTE[02] dev=00 port=00 rcv=0000 dst=FF group=26 a=03 b=16 c=16 x=09 y=51 word=0x0951 raw=260316160951
[EMU] ROUTE[03] dev=00 port=00 rcv=0000 dst=FF group=26 a=03 b=16 c=16 x=09 y=54 word=0x0954 raw=260316160954
[EMU] ROUTE[04] dev=00 port=00 rcv=0000 dst=FF group=26 a=03 b=16 c=16 x=10 y=14 word=0x1014 raw=260316161014
[EMU] ---- CABINETS ----
[EMU] CAB[00] tile=00 port=00 chain=00 cascade=01 lx=01 ly=00 group=26 c=16 route=0x0913
[EMU] CAB[01] tile=01 port=00 chain=00 cascade=04 lx=02 ly=01 group=26 c=16 route=0x1014
[EMU] CAB[02] tile=02 port=00 chain=00 cascade=02 lx=01 ly=02 group=26 c=16 route=0x0951
[EMU] CAB[03] tile=03 port=00 chain=00 cascade=03 lx=01 ly=03 group=26 c=16 route=0x0954
[EMU] CAB[04] tile=04 port=00 chain=00 cascade=00 lx=00 ly=04 group=26 c=16 route=0x0855
[EMU] ---- RCFG_STATE ----
[EMU] (none)
[EMU] Screen blocks rebuilt for dev=00 port=00 entries=5
[EMU] FIRST4 active_mode=mirror_minimal shaped_entries=4
[EMU] 0x02000000 head=010100000520010100000000000000000000000100000000000101040000000000020202000000000003030300000000...
[EMU] 0x02000100 head=01a500000520010100000000000000000004000008550000000001000913000000020200095100000003030009540000...
[EMU] 0x02020020 head=010000050000000000040001000001010002020100030301101404010000000000000000000000000000000000000000...
[EMU] 0x08000000 head=000400010000010100020201000303010001040100000000000000000000000000000000000000000000000000000000...
[EMU_FULL] 0x02000000=01010000052001010000000000000000000000010000000000010104000000000002020200000000000303030000000000040000042616000000000000000000000000000000000000000000000000000000000000000000000000000000000000000000000000000000000000000000000000000000000000000000000000000000000000000000000000000000000000000000000000000000000000000000000000000000000000000000000000000000000000000000000000000000000000000000000000000000000000000000000000000000000000000000000000000000000000000000000000000000000000000000000000000000000000000000
[EMU_FULL] 0x02000100=01a50000052001010000000000000000000400000855000000000100091300000002020009510000000303000954000000040001101410140000000000000000000000000000000000000000000000000000000000000000000000000000000000000000000000000000000000000000000000000000000000000000000000000000000000000000000000000000000000000000000000000000000000000000000000000000000000000000000000000000000000000000000000000000000000000000000000000000000000000000000000000000000000000000000000000000000000000000000000000000000000000000000000000000000000000000
[EMU_FULL] 0x02020020=01000005000000000004000100000101000202010003030110140401000000000000000000000000000000000000000000000000000000000000000000000000
[EMU_FULL] 0x08000000=00040001000001010002020100030301000104010000000000000000000000000000000000000000000000000000000000000000000000000000000000000000000000000000000000000000000000000000000000000000000000000000000000000000000000000000000000000000000000000000000000000000000000000000000000000000000000000000000000000000000000000000000000000000000000000000000000000000000000000000000000000000000000000000000000000000000000000000000000000000000000000000000000000000000000000000000000000000000000000000000000000000000000000000000000000000
[TCP] TX ack=00 bytes=20
[TCP] RX serial=39 src=FE dst=FF dev=00 port=00 rcv=0000 code=01 reg=0x02000018 len=1
[EMU] COMMIT CMD reg=0x02000018 dst=FF dev=00 port=00 rcv=0000 data=00
[EMU] Rebuilding controller screen blocks from 5 cabinet entries
[EMU] FIRST4_BUILDER_MODE=mirror_minimal
[EMU] ---- ROUTING_WRITES ----
[EMU] RAW[00] dev=00 port=00 rcv=0000 dst=FF data=260316160855
[EMU] RAW[01] dev=00 port=00 rcv=0000 dst=FF data=260316160913
[EMU] RAW[02] dev=00 port=00 rcv=0000 dst=FF data=260316160951
[EMU] RAW[03] dev=00 port=00 rcv=0000 dst=FF data=260316160954
[EMU] RAW[04] dev=00 port=00 rcv=0000 dst=FF data=260316161014
[EMU] ---- SCREEN_WRITES ----
[EMU] ROUTE[00] dev=00 port=00 rcv=0000 dst=FF group=26 a=03 b=16 c=16 x=08 y=55 word=0x0855 raw=260316160855
[EMU] ROUTE[01] dev=00 port=00 rcv=0000 dst=FF group=26 a=03 b=16 c=16 x=09 y=13 word=0x0913 raw=260316160913
[EMU] ROUTE[02] dev=00 port=00 rcv=0000 dst=FF group=26 a=03 b=16 c=16 x=09 y=51 word=0x0951 raw=260316160951
[EMU] ROUTE[03] dev=00 port=00 rcv=0000 dst=FF group=26 a=03 b=16 c=16 x=09 y=54 word=0x0954 raw=260316160954
[EMU] ROUTE[04] dev=00 port=00 rcv=0000 dst=FF group=26 a=03 b=16 c=16 x=10 y=14 word=0x1014 raw=260316161014
[EMU] ---- CABINETS ----
[EMU] CAB[00] tile=00 port=00 chain=00 cascade=01 lx=01 ly=00 group=26 c=16 route=0x0913
[EMU] CAB[01] tile=01 port=00 chain=00 cascade=04 lx=02 ly=01 group=26 c=16 route=0x1014
[EMU] CAB[02] tile=02 port=00 chain=00 cascade=02 lx=01 ly=02 group=26 c=16 route=0x0951
[EMU] CAB[03] tile=03 port=00 chain=00 cascade=03 lx=01 ly=03 group=26 c=16 route=0x0954
[EMU] CAB[04] tile=04 port=00 chain=00 cascade=00 lx=00 ly=04 group=26 c=16 route=0x0855
[EMU] ---- RCFG_STATE ----
[EMU] (none)
[EMU] Screen blocks rebuilt for dev=00 port=00 entries=5
[EMU] FIRST4 active_mode=mirror_minimal shaped_entries=4
[EMU] 0x02000000 head=010100000520010100000000000000000000000100000000000101040000000000020202000000000003030300000000...
[EMU] 0x02000100 head=01a500000520010100000000000000000004000008550000000001000913000000020200095100000003030009540000...
[EMU] 0x02020020 head=010000050000000000040001000001010002020100030301101404010000000000000000000000000000000000000000...
[EMU] 0x08000000 head=000400010000010100020201000303010001040100000000000000000000000000000000000000000000000000000000...
[EMU_FULL] 0x02000000=01010000052001010000000000000000000000010000000000010104000000000002020200000000000303030000000000040000042616000000000000000000000000000000000000000000000000000000000000000000000000000000000000000000000000000000000000000000000000000000000000000000000000000000000000000000000000000000000000000000000000000000000000000000000000000000000000000000000000000000000000000000000000000000000000000000000000000000000000000000000000000000000000000000000000000000000000000000000000000000000000000000000000000000000000000000
[EMU_FULL] 0x02000100=01a50000052001010000000000000000000400000855000000000100091300000002020009510000000303000954000000040001101410140000000000000000000000000000000000000000000000000000000000000000000000000000000000000000000000000000000000000000000000000000000000000000000000000000000000000000000000000000000000000000000000000000000000000000000000000000000000000000000000000000000000000000000000000000000000000000000000000000000000000000000000000000000000000000000000000000000000000000000000000000000000000000000000000000000000000000
[EMU_FULL] 0x02020020=01000005000000000004000100000101000202010003030110140401000000000000000000000000000000000000000000000000000000000000000000000000
[EMU_FULL] 0x08000000=00040001000001010002020100030301000104010000000000000000000000000000000000000000000000000000000000000000000000000000000000000000000000000000000000000000000000000000000000000000000000000000000000000000000000000000000000000000000000000000000000000000000000000000000000000000000000000000000000000000000000000000000000000000000000000000000000000000000000000000000000000000000000000000000000000000000000000000000000000000000000000000000000000000000000000000000000000000000000000000000000000000000000000000000000000000
[TCP] TX ack=00 bytes=20
[TCP] RX serial=3A src=FE dst=00 dev=00 port=00 rcv=0000 code=00 reg=0x0200009D len=1
[EMU] VALIDATION STATE reg=0x0200009D dst=00 route_count=5 commit=1 configured=0 accepted=0 save=0 postreads=0
[EMU] VALIDATION READ reg=0x0200009D dev=00 port=00 rcv=0000 dst=00 data=01
[TCP] TX ack=00 bytes=21
[TCP] RX serial=6B src=FE dst=00 dev=00 port=00 rcv=0000 code=00 reg=0x00000002 len=2
[TCP] TX ack=00 bytes=22
[TCP] RX serial=29 src=FE dst=00 dev=00 port=00 rcv=0000 code=00 reg=0x00000016 len=8
[TCP] TX ack=00 bytes=28
[TCP] RX serial=2E src=FE dst=00 dev=00 port=00 rcv=0000 code=00 reg=0x14000000 len=88
[TCP] TX ack=00 bytes=108
[TCP] RX serial=40 src=FE dst=00 dev=00 port=00 rcv=0000 code=00 reg=0x00000006 len=1
[TCP] TX ack=00 bytes=21
[TCP] RX serial=B8 src=FE dst=01 dev=00 port=00 rcv=0000 code=00 reg=0x00000002 len=2
[TCP] TX ack=01 bytes=20
[TCP] ERROR: [Errno 104] Connection reset by peer
[EMU] ---- SESSION 1 SUMMARY (exception:[Errno 104] Connection reset by peer) ----
[EMU] first2_builder=mirror_minimal
[EMU] route_writes=5 commits=1 validation_reads=12 screen_reads=14 rcfg_reads=19 rcfg_writes=0 special_writes=0 early_abort_suspected=0
[EMU] first_route_regs=0x02000011@p00/r0000:260316160855 | 0x02000011@p00/r0000:260316160913 | 0x02000011@p00/r0000:260316160951 | 0x02000011@p00/r0000:260316160954 | 0x02000011@p00/r0000:260316161014
[EMU] first_validation=0x0200000B=00 | 0x02000023=00 | 0x03100109=01 | 0x02000022=00 | 0x02200117=00 | 0x0200000B=01 | 0x0200009D=00 | 0x0200009D=00 | 0x02000023=00 | 0x03100109=01 | 0x02000022=02 | 0x0200009D=01
[EMU] first_screen_reads=0x02000000/n=256 | 0x02000100/n=256 | 0x02000000/n=256 | 0x02000100/n=256 | 0x02000000/n=256 | 0x02000100/n=256 | 0x02020020/n=64 | 0x08000000/n=256 | 0x02000000/n=256 | 0x02000100/n=256 | 0x02000000/n=256 | 0x02000100/n=256
[EMU] ---- SESSION 1 SUMMARY (close) ----
[EMU] first2_builder=mirror_minimal
[EMU] route_writes=5 commits=1 validation_reads=12 screen_reads=14 rcfg_reads=19 rcfg_writes=0 special_writes=0 early_abort_suspected=0
[EMU] first_route_regs=0x02000011@p00/r0000:260316160855 | 0x02000011@p00/r0000:260316160913 | 0x02000011@p00/r0000:260316160951 | 0x02000011@p00/r0000:260316160954 | 0x02000011@p00/r0000:260316161014
[EMU] first_validation=0x0200000B=00 | 0x02000023=00 | 0x03100109=01 | 0x02000022=00 | 0x02200117=00 | 0x0200000B=01 | 0x0200009D=00 | 0x0200009D=00 | 0x02000023=00 | 0x03100109=01 | 0x02000022=02 | 0x0200009D=01
[EMU] first_screen_reads=0x02000000/n=256 | 0x02000100/n=256 | 0x02000000/n=256 | 0x02000100/n=256 | 0x02000000/n=256 | 0x02000100/n=256 | 0x02020020/n=64 | 0x08000000/n=256 | 0x02000000/n=256 | 0x02000100/n=256 | 0x02000000/n=256 | 0x02000100/n=256
